11-16 13:15:59.750: W/Conscrypt(7836): 	at com.google.android.gms.org.conscrypt.Platform.setSocketWriteTimeout(:com.google.android.gms@19420019@19.4.20 (040400-271418971):2)
11-16 13:15:59.750: W/Conscrypt(7836): 	at com.google.android.gms.org.conscrypt.ConscryptFileDescriptorSocket.setSoWriteTimeout(:com.google.android.gms@19420019@19.4.20 (040400-271418971):2)
11-16 13:15:59.766: W/DynamiteModule(7836): Local module descriptor class for com.google.android.gms.googlecertificates not found.
11-16 13:15:59.780: I/GmsModuleFndr(7836): Beginning GMS chimera module scan
11-16 13:15:59.783: W/Icing(7836): No valid account for uploading user actions: admc: Not signed in
11-16 13:15:59.785: I/DynamiteModule(7836): Considering local module com.google.android.gms.googlecertificates:0 and remote module com.google.android.gms.googlecertificates:4
11-16 13:15:59.785: I/DynamiteModule(7836): Selected remote version of com.google.android.gms.googlecertificates, version >= 4
11-16 13:15:59.789: I/ChmraDebugLogger(7836): [71] Googlecertificates
11-16 13:15:59.802: W/zygote64(7836): Skipping duplicate class check due to unrecognized classloader
11-16 13:15:59.805: I/Icing(7836): Usage reports ok 0, Failed Usage reports 0, indexed 0, rejected 0
11-16 13:15:59.817: I/anzn(6696): Scheduling Phenotype for a PhenotypeSyncImmediately(6, com.google.android.gms.testsupport) one off with window [1, 2] in seconds [CONTEXT service_id=51 ]
11-16 13:15:59.817: D/Bugle(31778): EmojiCompat initialized
11-16 13:15:59.836: W/Conscrypt(7836): Could not set socket write timeout: java.net.SocketException: Socket closed
11-16 13:15:59.836: W/Conscrypt(7836): 	at com.google.android.gms.org.conscrypt.Platform.setSocketWriteTimeout(:com.google.android.gms@19420019@19.4.20 (040400-271418971):2)
11-16 13:15:59.836: W/Conscrypt(7836): 	at com.google.android.gms.org.conscrypt.ConscryptFileDescriptorSocket.setSoWriteTimeout(:com.google.android.gms@19420019@19.4.20 (040400-271418971):2)
11-16 13:15:59.839: I/zygote64(7836): Background concurrent copying GC freed 71730(4MB) AllocSpace objects, 13(932KB) LOS objects, 49% free, 8MB/16MB, paused 24.853ms total 482.416ms
11-16 13:15:59.855: I/ModuleSetMgr(7836): Computing pending module set with APKs: {zapp:/AdsFdrDynamite.integ/21001000000, file:///data/app/com.google.android.gms-WX46dZae9nb9FRIO2lPwbw%3D%3D/base.apk, zapp:/VisionOcr.optional/19420000400, zapp:/Payments.integ/19677002000400, zapp:/PaymentsDynamite.integ/19677002000400}
11-16 13:15:59.860: E/ExecutionCriteria(6696): Package unavailable for task: com.google.android.videos/com.google.android.apps.play.movies.common.service.player.logging.QoePingService{u=0 tag="flush_qoe_logs" trigger=window{period=86400s,flex=86400s,earliest=-45539686s,latest=-45453286s} requirements=[NET_UNMETERED,CHARGING] attributes=[PERSISTED,RECURRING] scheduled=-45539686s last_run=N/A jid=N/A status=PENDING retries=0 client_lib=MANCHEGO_GCM-10400000}
11-16 13:15:59.861: E/ExecutionCriteria(6696): Package unavailable for task: com.google.android.videos/com.google.android.apps.play.movies.common.service.drm.RefreshLicenseTaskService{u=0 tag="refresh_license" trigger=window{period=172800s,flex=172800s,earliest=-45453286s,latest=-45280486s} requirements=[NET_CONNECTED] attributes=[PERSISTED,RECURRING] scheduled=-45453286s last_run=N/A jid=N/A status=PENDING retries=0 client_lib=MANCHEGO_GCM-10400000}
11-16 13:15:59.868: E/ExecutionCriteria(6696): Package unavailable for task: com.google.android.videos/com.google.android.apps.play.movies.common.FlushLogsTaskService{u=0 tag="flush_logs" trigger=window{period=86400s,flex=57600s,earliest=-7357s,latest=50242s} requirements=[NET_UNMETERED,CHARGING] attributes=[PERSISTED,RECURRING] scheduled=-36157s last_run=N/A jid=N/A status=PENDING retries=0 client_lib=MANCHEGO_GCM-10400000}
11-16 13:15:59.876: E/ExecutionCriteria(6696): Package unavailable for task: com.google.android.apps.gcs/.service.WfaStateTaskService{u=0 tag="WfaStateTask" trigger=window{period=518400s,flex=86400s,earliest=395840s,latest=482240s} requirements=[NET_ANY] attributes=[PERSISTED,RECURRING] scheduled=-36159s last_run=N/A jid=N/A status=PENDING retries=0 client_lib=MANCHEGO_GCM-11732000}
11-16 13:15:59.887: I/ModuleSetUtils(7836): Assembling ModuleSetRecord for ads_fdr:210015,container:19420+vision.ocr,payments:1967700: [zapp:/VisionOcr.optional/19420000400, zapp:/AdsFdrDynamite.integ/21001000000, zapp:/Payments.integ/19677002000400, zapp:/PaymentsDynamite.integ/19677002000400]
11-16 13:15:59.890: I/ModuleSetMgr(7836): Pending container Zapp APKs: [zapp:/VisionOcr.optional/19420000400]
11-16 13:15:59.890: I/ModuleSetMgr(7836): Pending non-container Zapp APKs: [zapp:/AdsFdrDynamite.integ/21001000000, zapp:/Payments.integ/19677002000400, zapp:/PaymentsDynamite.integ/19677002000400]
11-16 13:15:59.949: E/ExecutionCriteria(6696): Package unavailable for task: com.google.android.videos/com.google.android.apps.play.movies.common.service.player.logging.QoePingService{u=0 tag="flush_qoe_logs" trigger=window{period=86400s,flex=86400s,earliest=-45539686s,latest=-45453286s} requirements=[NET_UNMETERED,CHARGING] attributes=[PERSISTED,RECURRING] scheduled=-45539686s last_run=N/A jid=N/A status=PENDING retries=0 client_lib=MANCHEGO_GCM-10400000}
11-16 13:15:59.949: E/ExecutionCriteria(6696): Package unavailable for task: com.google.android.videos/com.google.android.apps.play.movies.common.service.drm.RefreshLicenseTaskService{u=0 tag="refresh_license" trigger=window{period=172800s,flex=172800s,earliest=-45453286s,latest=-45280486s} requirements=[NET_CONNECTED] attributes=[PERSISTED,RECURRING] scheduled=-45453286s last_run=N/A jid=N/A status=PENDING retries=0 client_lib=MANCHEGO_GCM-10400000}
11-16 13:15:59.950: W/DynamiteModule(7836): Local module descriptor class for providerinstaller not found.
11-16 13:15:59.951: W/ProviderHelper(7836): Unknown dynamite feature providerinstaller
11-16 13:15:59.951: E/ExecutionCriteria(6696): Package unavailable for task: com.google.android.videos/com.google.android.apps.play.movies.common.FlushLogsTaskService{u=0 tag="flush_logs" trigger=window{period=86400s,flex=57600s,earliest=-7358s,latest=50241s} requirements=[NET_UNMETERED,CHARGING] attributes=[PERSISTED,RECURRING] scheduled=-36158s last_run=N/A jid=N/A status=PENDING retries=0 client_lib=MANCHEGO_GCM-10400000}
11-16 13:15:59.951: I/DynamiteModule(7836): Considering local module providerinstaller:0 and remote module providerinstaller:0
11-16 13:15:59.951: W/ProviderInstaller(7836): Failed to load providerinstaller module: No acceptable module found. Local version is 0 and remote version is 0.
11-16 13:15:59.959: E/ExecutionCriteria(6696): Package unavailable for task: com.google.android.apps.gcs/.service.WfaStateTaskService{u=0 tag="WfaStateTask" trigger=window{period=518400s,flex=86400s,earliest=395840s,latest=482240s} requirements=[NET_ANY] attributes=[PERSISTED,RECURRING] scheduled=-36159s last_run=N/A jid=N/A status=PENDING retries=0 client_lib=MANCHEGO_GCM-11732000}
11-16 13:15:59.973: W/DynamiteModule(7836): Local module descriptor class for providerinstaller not found.
11-16 13:15:59.974: I/DynamiteModule(7836): Considering local module providerinstaller:0 and remote module providerinstaller:0
11-16 13:15:59.974: W/ProviderInstaller(7836): Failed to load providerinstaller module: No acceptable module found. Local version is 0 and remote version is 0.
11-16 13:15:59.981: W/DynamiteModule(7836): Local module descriptor class for providerinstaller not found.
11-16 13:15:59.982: I/DynamiteModule(7836): Considering local module providerinstaller:0 and remote module providerinstaller:0
11-16 13:15:59.982: W/ProviderInstaller(7836): Failed to load providerinstaller module: No acceptable module found. Local version is 0 and remote version is 0.
11-16 13:15:59.987: E/ExecutionCriteria(6696): Package unavailable for task: com.google.android.videos/com.google.android.apps.play.movies.common.service.player.logging.QoePingService{u=0 tag="flush_qoe_logs" trigger=window{period=86400s,flex=86400s,earliest=-45539686s,latest=-45453286s} requirements=[NET_UNMETERED,CHARGING] attributes=[PERSISTED,RECURRING] scheduled=-45539686s last_run=N/A jid=N/A status=PENDING retries=0 client_lib=MANCHEGO_GCM-10400000}
11-16 13:15:59.987: E/ExecutionCriteria(6696): Package unavailable for task: com.google.android.videos/com.google.android.apps.play.movies.common.service.drm.RefreshLicenseTaskService{u=0 tag="refresh_license" trigger=window{period=172800s,flex=172800s,earliest=-45453286s,latest=-45280486s} requirements=[NET_CONNECTED] attributes=[PERSISTED,RECURRING] scheduled=-45453286s last_run=N/A jid=N/A status=PENDING retries=0 client_lib=MANCHEGO_GCM-10400000}
11-16 13:15:59.988: W/DynamiteModule(7836): Local module descriptor class for providerinstaller not found.
11-16 13:15:59.989: I/DynamiteModule(7836): Considering local module providerinstaller:0 and remote module providerinstaller:0
11-16 13:15:59.989: W/ProviderInstaller(7836): Failed to load providerinstaller module: No acceptable module found. Local version is 0 and remote version is 0.
11-16 13:15:59.993: I/TestSupport(7836): Activated: 1573891200000@1573938958624
11-16 13:15:59.993: I/TestSupport(7836): Boot time: 1573902759234
11-16 13:15:59.994: I/zygote64(7836): Deoptimizing int eek.a(brxo, eel, java.lang.Comparable) due to JIT inline cache
11-16 13:15:59.995: E/ExecutionCriteria(6696): Package unavailable for task: com.google.android.videos/com.google.android.apps.play.movies.common.FlushLogsTaskService{u=0 tag="flush_logs" trigger=window{period=86400s,flex=57600s,earliest=-7358s,latest=50241s} requirements=[NET_UNMETERED,CHARGING] attributes=[PERSISTED,RECURRING] scheduled=-36158s last_run=N/A jid=N/A status=PENDING retries=0 client_lib=MANCHEGO_GCM-10400000}
11-16 13:15:59.996: I/TestSupport(7836): Passing package and signature checks: com.google.android.gmscore.testing.testsupport
11-16 13:16:00.001: E/ExecutionCriteria(6696): Package unavailable for task: com.google.android.apps.gcs/.service.WfaStateTaskService{u=0 tag="WfaStateTask" trigger=window{period=518400s,flex=86400s,earliest=395840s,latest=482240s} requirements=[NET_ANY] attributes=[PERSISTED,RECURRING] scheduled=-36159s last_run=N/A jid=N/A status=PENDING retries=0 client_lib=MANCHEGO_GCM-11732000}
11-16 13:16:00.002: I/zygote64(7836): Deoptimizing blaq blbj.a(blbq, blaq, boolean) due to JIT inline cache
11-16 13:16:00.015: W/DynamiteModule(7836): Local module descriptor class for providerinstaller not found.
11-16 13:16:00.016: I/DynamiteModule(7836): Considering local module providerinstaller:0 and remote module providerinstaller:0
11-16 13:16:00.016: W/ProviderInstaller(7836): Failed to load providerinstaller module: No acceptable module found. Local version is 0 and remote version is 0.
11-16 13:16:00.024: W/DynamiteModule(7836): Local module descriptor class for providerinstaller not found.
11-16 13:16:00.025: I/DynamiteModule(7836): Considering local module providerinstaller:0 and remote module providerinstaller:0
11-16 13:16:00.025: W/ProviderInstaller(7836): Failed to load providerinstaller module: No acceptable module found. Local version is 0 and remote version is 0.
11-16 13:16:00.035: W/DynamiteModule(7836): Local module descriptor class for providerinstaller not found.
11-16 13:16:00.035: I/DynamiteModule(7836): Considering local module providerinstaller:0 and remote module providerinstaller:0
11-16 13:16:00.035: W/ProviderInstaller(7836): Failed to load providerinstaller module: No acceptable module found. Local version is 0 and remote version is 0.
11-16 13:16:00.046: W/DynamiteModule(7836): Local module descriptor class for providerinstaller not found.
11-16 13:16:00.048: I/DynamiteModule(7836): Considering local module providerinstaller:0 and remote module providerinstaller:0
11-16 13:16:00.048: W/ProviderInstaller(7836): Failed to load providerinstaller module: No acceptable module found. Local version is 0 and remote version is 0.
11-16 13:16:00.057: W/DynamiteModule(7836): Local module descriptor class for providerinstaller not found.
11-16 13:16:00.057: I/DynamiteModule(7836): Considering local module providerinstaller:0 and remote module providerinstaller:0
11-16 13:16:00.057: W/ProviderInstaller(7836): Failed to load providerinstaller module: No acceptable module found. Local version is 0 and remote version is 0.
11-16 13:16:00.067: W/DynamiteModule(7836): Local module descriptor class for providerinstaller not found.
11-16 13:16:00.067: I/DynamiteModule(7836): Considering local module providerinstaller:0 and remote module providerinstaller:0
11-16 13:16:00.067: W/ProviderInstaller(7836): Failed to load providerinstaller module: No acceptable module found. Local version is 0 and remote version is 0.
11-16 13:16:00.078: W/DynamiteModule(7836): Local module descriptor class for providerinstaller not found.
11-16 13:16:00.079: I/DynamiteModule(7836): Considering local module providerinstaller:0 and remote module providerinstaller:0
11-16 13:16:00.079: W/ProviderInstaller(7836): Failed to load providerinstaller module: No acceptable module found. Local version is 0 and remote version is 0.
11-16 13:16:00.095: W/DynamiteModule(7836): Local module descriptor class for providerinstaller not found.
11-16 13:16:00.096: I/DynamiteModule(7836): Considering local module providerinstaller:0 and remote module providerinstaller:0
11-16 13:16:00.096: W/ProviderInstaller(7836): Failed to load providerinstaller module: No acceptable module found. Local version is 0 and remote version is 0.
11-16 13:16:00.119: I/GmsModuleFndr(7836): Beginning GMS chimera module scan
11-16 13:16:00.129: I/ModuleSetMgr(7836): Computing pending module set with APKs: {zapp:/AdsFdrDynamite.integ/21001000000, file:///data/app/com.google.android.gms-WX46dZae9nb9FRIO2lPwbw%3D%3D/base.apk, zapp:/VisionOcr.optional/19420000400, zapp:/Payments.integ/19677002000400, zapp:/PaymentsDynamite.integ/19677002000400}
11-16 13:16:00.132: I/TestSupport(7836): SetOverrideOperation: finsky.play_services_auto_update_enabled = false
11-16 13:16:00.163: I/ModuleSetUtils(7836): Assembling ModuleSetRecord for ads_fdr:210015,container:19420+vision.ocr,payments:1967700: [zapp:/VisionOcr.optional/19420000400, zapp:/AdsFdrDynamite.integ/21001000000, zapp:/Payments.integ/19677002000400, zapp:/PaymentsDynamite.integ/19677002000400]
11-16 13:16:00.166: I/ModuleSetMgr(7836): Pending container Zapp APKs: [zapp:/VisionOcr.optional/19420000400]
11-16 13:16:00.166: I/ModuleSetMgr(7836): Pending non-container Zapp APKs: [zapp:/AdsFdrDynamite.integ/21001000000, zapp:/Payments.integ/19677002000400, zapp:/PaymentsDynamite.integ/19677002000400]
11-16 13:16:00.255: I/zygote64(7836): Compiler allocated 7MB to compile boolean ebu.b(ecr)
11-16 13:16:00.330: I/zygote64(7836): Compiler allocated 5MB to compile android.util.Pair dzj.a(edf, edy, java.util.List, java.util.List, java.util.List, java.lang.String[], java.lang.String, java.lang.String, edy, edy, java.util.Map)
11-16 13:16:00.344: I/GservicesProvider(1987): override update completed
11-16 13:16:00.391: I/CarrierServices(3018): [2] bxu.e: Carrier Services GServices flags:
11-16 13:16:00.391: I/CarrierServices(3018):    carrier_services_security_flags_ec_api_white_listed_packages: com.google.android.apps.messaging,com.google.android.dialer,com.google.android.ims.client.sampleapp,com.android.contacts,com.lge.rcscall,com.android.incallui,com.huawei.incallui.appfeature.rcsfeature
11-16 13:16:00.391: I/CarrierServices(3018):    carrier_services_security_flags_ec_api_white_listed_signatures: B28C3EDB665DF32686224DF800F603E9959BBE4E,0980A12BE993528C19107BC21AD811478C63CEFC,B38FA7B5ECFAEC44620A020752B07E063B3120A8,203997BC46B8792DC9747ABD230569071F9A0439,EDA6413C3E3A95492114FE07CD953AD897E40D1A,760EBB9F4200B3DFB1B817B40FF0563A3C150D39,5B368CFF2DA2686996BC95EAC190EAA4F5630FE5,01D845B26B688D8EF647205A5944E9407E52E06E,27196E386B875E76ADF700E7EA84E4C6EEE33DFA,1CDD04F1E4A732BB0352FDFAEE26D2315526DF85,025D5212BF3B5F5CDA6117A518721D70A94D84E0
11-16 13:16:00.391: I/CarrierServices(3018):    carrier_services_security_flags_test_service_white_listed_packages: com.google.android.ims.mobly.snippets
11-16 13:16:00.391: I/CarrierServices(3018):    carrier_services_security_flags_test_service_white_listed_signatures: AE41481F52E0F58DF2806D5A38EB3DBCA5AE02B0,E165542B31953CC282AA4EF2F4D5F07F7663A2A2
11-16 13:16:00.391: I/CarrierServices(3018):    carrier_services_security_flags_white_listed_packages: com.google.android.apps.messaging,com.google.android.dialer,com.google.android.ims.client.sampleapp,com.android.contacts,com.lge.rcscall,com.android.incallui,com.huawei.incallui.appfeature.rcsfeature
11-16 13:16:00.391: I/CarrierServices(3018):    carrier_services_security_flags_white_listed_signatures: B28C3EDB665DF32686224DF800F603E9959BBE4E,0980A12BE993528C19107BC21AD811478C63CEFC,B38FA7B5ECFAEC44620A020752B07E063B3120A8,203997BC46B8792DC9747ABD230569071F9A0439,EDA6413C3E3A95492114FE07CD953AD897E40D1A,760EBB9F4200B3DFB1B817B40FF0563A3C150D39,5B368CFF2DA2686996BC95EAC190EAA4F5630FE5,01D845B26B688D8EF647205A5944E9407E52E06E,27196E386B875E76ADF700E7EA84E4C6EEE33DFA,1CDD04F1E4A732BB0352FDFAEE26D2315526DF85,025D5212BF3B5F5CDA6117A518721D70A94D84E0
11-16 13:16:00.391: I/CarrierServices(3018):    carrier_services_video_share_disabled_user_agent_substrings: SM-G930,SM-G935,SM-A320
11-16 13:16:00.391: I/CarrierServices(3018): ====================
11-16 13:16:00.413: I/CarrierServices(3018): [2] RcsAutoStartReceiver.b: carrierServicesJibeServiceEnabled changed from true to true
11-16 13:16:00.414: E/ExecutionCriteria(6696): Package unavailable for task: com.google.android.videos/com.google.android.apps.play.movies.common.service.player.logging.QoePingService{u=0 tag="flush_qoe_logs" trigger=window{period=86400s,flex=86400s,earliest=-45539687s,latest=-45453287s} requirements=[NET_UNMETERED,CHARGING] attributes=[PERSISTED,RECURRING] scheduled=-45539687s last_run=N/A jid=N/A status=PENDING retries=0 client_lib=MANCHEGO_GCM-10400000}
11-16 13:16:00.414: I/CarrierServices(3018): [2] RcsAutoStartReceiver.b: enableRcs changed from true to true
11-16 13:16:00.415: I/CarrierServices(3018): [2] RcsAutoStartReceiver.b: RcsAutoStartReceiver triggered. Fetching RCS State. Action: com.google.gservices.intent.action.GSERVICES_OVERRIDE
11-16 13:16:00.415: E/ExecutionCriteria(6696): Package unavailable for task: com.google.android.videos/com.google.android.apps.play.movies.common.service.drm.RefreshLicenseTaskService{u=0 tag="refresh_license" trigger=window{period=172800s,flex=172800s,earliest=-45453287s,latest=-45280487s} requirements=[NET_CONNECTED] attributes=[PERSISTED,RECURRING] scheduled=-45453287s last_run=N/A jid=N/A status=PENDING retries=0 client_lib=MANCHEGO_GCM-10400000}
11-16 13:16:00.419: I/CarrierServices(3018): [2] aws.a: Migration binding to RcsMigrationService
11-16 13:16:00.422: I/Bugle(31778): returning RCS state provider.
11-16 13:16:00.423: E/ExecutionCriteria(6696): Package unavailable for task: com.google.android.videos/com.google.android.apps.play.movies.common.FlushLogsTaskService{u=0 tag="flush_logs" trigger=window{period=86400s,flex=57600s,earliest=-7358s,latest=50241s} requirements=[NET_UNMETERED,CHARGING] attributes=[PERSISTED,RECURRING] scheduled=-36158s last_run=N/A jid=N/A status=PENDING retries=0 client_lib=MANCHEGO_GCM-10400000}
11-16 13:16:00.428: E/ExecutionCriteria(6696): Package unavailable for task: com.google.android.apps.gcs/.service.WfaStateTaskService{u=0 tag="WfaStateTask" trigger=window{period=518400s,flex=86400s,earliest=395840s,latest=482240s} requirements=[NET_ANY] attributes=[PERSISTED,RECURRING] scheduled=-36159s last_run=N/A jid=N/A status=PENDING retries=0 client_lib=MANCHEGO_GCM-11732000}
11-16 13:16:00.435: I/ActivityManager(911): Start proc 31928:com.android.carrierconfig/u0a22 for broadcast com.android.carrierconfig/.GservicesChangedReceiver
11-16 13:16:00.444: I/CarrierServices(31778): [589] ieq.a: Sim state is not ready. Returning last known operation mode.
11-16 13:16:00.446: I/TestSupport(7836): Broadcast sent: finsky.play_services_auto_update_enabled
11-16 13:16:00.469: I/TestSupport(7836): GServices override confirmed: finsky.play_services_auto_update_enabled=false
11-16 13:16:00.499: D/GoogleCarrierConfigReceiver(31928): Gservices Changed Received
11-16 13:16:00.501: I/TestSupport(7836): SetOverrideOperation: finsky.setup_wizard_additional_account_vpa_enable = false
11-16 13:16:00.507: I/Auth(7836): [SupervisedAccountIntentOperation] onHandleIntent(): android.intent.action.PACKAGE_ADDED
11-16 13:16:00.507: I/ChromeSync(7836): [Sync,SyncIntentOperation] Handling the intent: Intent { act=android.intent.action.PACKAGE_ADDED dat=package:com.google.android.gmscore.testing.testsupport flg=0x4000010 cmp=com.google.android.gms/.chimera.GmsIntentOperationService (has extras) }.
11-16 13:16:00.525: I/BugleRcs(31778): updating RCS availability
11-16 13:16:00.533: I/ActivityManager(911): Start proc 31943:com.android.connectivity.metrics/u0a11 for broadcast com.android.connectivity.metrics/.SnapshotSchedulingReceiver
11-16 13:16:00.580: I/BugleRcs(31778): No minimum Cs.apk version is set, not checking Cs.apk version
11-16 13:16:00.597: D/ConnMetrics:App(31943): onCreate()
11-16 13:16:00.601: V/BugleRcs(31778): RcsAvailability updated but unchanged: RCS is disabled due to SIM absent
11-16 13:16:00.612: I/Bugle(31778): ApnsOta: OTA version -1
11-16 13:16:00.621: I/ActivityManager(911): Start proc 31962:com.google.android.apps.turbo/u0a49 for broadcast com.google.android.apps.turbo/.battery.LevelLoggerServiceReceiver
11-16 13:16:00.625: I/ActivityManager(911): Killing 8057:android.process.acore/u0a3 (adj 906): empty for 35697s
11-16 13:16:00.691: I/zygote64(7836): Compiler allocated 6MB to compile edf eck.a(int, java.util.List, java.util.List, efv, java.lang.String, java.util.List, java.util.List, java.util.List, java.lang.String, java.util.List)
11-16 13:16:00.710: I/ActivityManager(911): Killing 5994:com.google.android.contacts/u0a25 (adj 906): empty for 35697s
11-16 13:16:00.731: D/CarrierServices(3018): log_saver already enabled
11-16 13:16:00.732: I/CarrierServices(3018): [239] awt.doInBackground: Saving RCS State
11-16 13:16:00.747: I/Icing(7836): Indexing com.google.android.gms-apps from com.google.android.gms
11-16 13:16:00.748: W/zygote64(31943): Class com.google.android.gms.internal.zznt failed lock verification and will run slower.
11-16 13:16:00.748: W/zygote64(31943): Common causes for lock verification issues are non-optimized dex code
11-16 13:16:00.748: W/zygote64(31943): and incorrect proguard optimizations.
11-16 13:16:00.751: I/CarrierServices(3018): [239] awt.doInBackground: Old operation mode: 0
11-16 13:16:00.760: I/CarrierServices(3018): [239] awt.doInBackground: New operation mode: 0
11-16 13:16:00.760: I/Backup(7836): [GmsBackupStatusChangeReceiver] Going to enable gms backup transport.
11-16 13:16:00.761: I/CarrierServices(3018): [2] aww.a: Unbinding RcsMigrationService
11-16 13:16:00.767: I/ActivityManager(911): Killing 5125:com.android.vending:instant_app_installer/u0a40 (adj 906): empty for 34834s
11-16 13:16:00.798: I/BgTaskExecutorImpl(7452): Starting NONEXCLUSIVE background task update_gservices_config.
11-16 13:16:00.801: I/Backup(6696): [BackupTransportMigratorChimeraService] Starting migration...
11-16 13:16:00.808: I/Herrevad(6696): [759] acas.a: updateListenState
11-16 13:16:00.809: I/NetRec(6696): [760] akrh.a: onConfigChanged()
11-16 13:16:00.810: I/GservicesUpdateTask(7452): Updating Gservices keys
11-16 13:16:00.833: I/NetRec(6696): [760] akrh.a: Cancelling all NetRec GCM tasks
11-16 13:16:00.840: D/BugleRcsEngine(2730): log_saver already enabled
11-16 13:16:00.845: I/NetRec(6696): [759] ClearDatabaseService.onHandleIntent: Clearing score cache
11-16 13:16:00.858: I/GmsModuleFndr(7836): Beginning GMS chimera module scan
11-16 13:16:00.868: I/ModuleSetMgr(7836): Computing pending module set with APKs: {zapp:/AdsFdrDynamite.integ/21001000000, file:///data/app/com.google.android.gms-WX46dZae9nb9FRIO2lPwbw%3D%3D/base.apk, zapp:/VisionOcr.optional/19420000400, zapp:/Payments.integ/19677002000400, zapp:/PaymentsDynamite.integ/19677002000400}
11-16 13:16:00.869: I/Icing(7836): Indexing done com.google.android.gms-apps
11-16 13:16:00.885: I/zygote64(6696): Deoptimizing void fag.run() due to JIT inline cache
11-16 13:16:00.908: I/ModuleSetUtils(7836): Assembling ModuleSetRecord for ads_fdr:210015,container:19420+vision.ocr,payments:1967700: [zapp:/VisionOcr.optional/19420000400, zapp:/AdsFdrDynamite.integ/21001000000, zapp:/Payments.integ/19677002000400, zapp:/PaymentsDynamite.integ/19677002000400]
11-16 13:16:00.911: I/ModuleSetMgr(7836): Pending container Zapp APKs: [zapp:/VisionOcr.optional/19420000400]
11-16 13:16:00.911: I/ModuleSetMgr(7836): Pending non-container Zapp APKs: [zapp:/AdsFdrDynamite.integ/21001000000, zapp:/Payments.integ/19677002000400, zapp:/PaymentsDynamite.integ/19677002000400]
11-16 13:16:00.947: E/GooglePlayServicesUtil(31943): The Google Play services resources were not found. Check your project configuration to ensure that the resources are included.
11-16 13:16:00.970: W/ChimeraUtils(7836): Non Chimera context
11-16 13:16:00.970: W/ChimeraUtils(7836): Non Chimera context
11-16 13:16:00.978: I/GeofencerStateMachine(6696): sendQueryLocationOptIn
11-16 13:16:00.979: I/chatty(6696): uid=10020(u0_a20) com.google.android.gms.persistent identical 1 line
11-16 13:16:00.980: I/GeofencerStateMachine(6696): sendQueryLocationOptIn
11-16 13:16:00.989: W/DynamiteModule(7836): Local module descriptor class for providerinstaller not found.
11-16 13:16:00.989: I/DynamiteModule(7836): Considering local module providerinstaller:0 and remote module providerinstaller:0
11-16 13:16:00.989: W/ProviderInstaller(7836): Failed to load providerinstaller module: No acceptable module found. Local version is 0 and remote version is 0.
11-16 13:16:01.010: I/GCoreUlr(6696): WorldUpdater received intent Intent { act=com.google.android.location.reporting.ACTION_UPDATE_WORLD cmp=com.google.android.gms/com.google.android.location.reporting.service.DispatchingService (has extras) } with receiverAction com.google.gservices.intent.action.GSERVICES_CHANGED
11-16 13:16:01.023: I/GeofencerStateMachine(6696): sendQueryLocationOptIn
11-16 13:16:01.026: I/chatty(6696): uid=10020(u0_a20) com.google.android.gms.persistent identical 2 lines
11-16 13:16:01.031: I/GeofencerStateMachine(6696): sendQueryLocationOptIn
11-16 13:16:01.051: W/DynamiteModule(7836): Local module descriptor class for providerinstaller not found.
11-16 13:16:01.051: I/DynamiteModule(7836): Considering local module providerinstaller:0 and remote module providerinstaller:0
11-16 13:16:01.052: W/ProviderInstaller(7836): Failed to load providerinstaller module: No acceptable module found. Local version is 0 and remote version is 0.
11-16 13:16:01.079: W/DynamiteModule(7836): Local module descriptor class for providerinstaller not found.
11-16 13:16:01.079: I/DynamiteModule(7836): Considering local module providerinstaller:0 and remote module providerinstaller:0
11-16 13:16:01.079: W/ProviderInstaller(7836): Failed to load providerinstaller module: No acceptable module found. Local version is 0 and remote version is 0.
11-16 13:16:01.091: W/DynamiteModule(7836): Local module descriptor class for providerinstaller not found.
11-16 13:16:01.092: I/DynamiteModule(7836): Considering local module providerinstaller:0 and remote module providerinstaller:0
11-16 13:16:01.092: W/ProviderInstaller(7836): Failed to load providerinstaller module: No acceptable module found. Local version is 0 and remote version is 0.
11-16 13:16:01.098: I/GCoreUlr(6696): Successfully sent flags updated to controllers.
11-16 13:16:01.103: I/ChromeSync(7836): [Sync,SyncIntentOperation] Handling the intent: Intent { act=com.google.gservices.intent.action.GSERVICES_CHANGED flg=0x1000010 cmp=com.google.android.gms/.chimera.GmsIntentOperationService$PersistentInternalReceiver }.
11-16 13:16:01.109: I/CAR.SETUP(7836): update Car DrivingMode components to false [CONTEXT service_id=13 ]
11-16 13:16:01.111: I/DynamiteModule(7836): Considering local module com.google.android.gms.flags:3 and remote module com.google.android.gms.flags:3
11-16 13:16:01.112: I/DynamiteModule(7836): Selected local version of com.google.android.gms.flags
11-16 13:16:01.127: D/ConnMetrics:App(31943): IsOptedIn = false
11-16 13:16:01.158: W/DynamiteModule(7836): Local module descriptor class for providerinstaller not found.
11-16 13:16:01.159: W/ProviderHelper(7836): Unknown dynamite feature providerinstaller
11-16 13:16:01.159: I/DynamiteModule(7836): Considering local module providerinstaller:0 and remote module providerinstaller:0
11-16 13:16:01.159: W/ProviderInstaller(7836): Failed to load providerinstaller module: No acceptable module found. Local version is 0 and remote version is 0.
11-16 13:16:01.173: W/DynamiteModule(7836): Local module descriptor class for providerinstaller not found.
11-16 13:16:01.174: I/DynamiteModule(7836): Considering local module providerinstaller:0 and remote module providerinstaller:0
11-16 13:16:01.174: W/ProviderInstaller(7836): Failed to load providerinstaller module: No acceptable module found. Local version is 0 and remote version is 0.
11-16 13:16:01.188: W/DynamiteModule(7836): Local module descriptor class for providerinstaller not found.
11-16 13:16:01.188: I/DynamiteModule(7836): Considering local module providerinstaller:0 and remote module providerinstaller:0
11-16 13:16:01.188: W/ProviderInstaller(7836): Failed to load providerinstaller module: No acceptable module found. Local version is 0 and remote version is 0.
11-16 13:16:01.191: I/GCoreUlr(6696): WorldUpdater:com.google.gservices.intent.action.GSERVICES_CHANGED: Ensuring that reporting is stopped because of reasons: (no Google accounts)
11-16 13:16:01.194: I/zygote64(6696): Deoptimizing void com.google.android.gms.common.api.internal.BasePendingResult.<init>(rrq) due to JIT inline cache
11-16 13:16:01.200: W/DynamiteModule(7836): Local module descriptor class for providerinstaller not found.
11-16 13:16:01.201: I/DynamiteModule(7836): Considering local module providerinstaller:0 and remote module providerinstaller:0
11-16 13:16:01.201: W/ProviderInstaller(7836): Failed to load providerinstaller module: No acceptable module found. Local version is 0 and remote version is 0.
11-16 13:16:01.216: I/GservicesProvider(1987): override update completed
11-16 13:16:01.227: W/ActivityManager(911): Background start not allowed: service Intent { cmp=com.google.android.apps.messaging/.shared.datamodel.action.ActionExecutorImpl$EmptyService } to com.google.android.apps.messaging/.shared.datamodel.action.ActionExecutorImpl$EmptyService from pid=31778 uid=10097 pkg=com.google.android.apps.messaging
11-16 13:16:01.228: W/BugleDataModel(31778): service started without protection. DataModel.startActionUnsafe is deprecated
11-16 13:16:01.228: I/MobileDataHub(7836): Scheduling periodic tasks
11-16 13:16:01.228: W/BugleDataModel(31778): java.lang.IllegalStateException: Not allowed to start service Intent { cmp=com.google.android.apps.messaging/.shared.datamodel.action.ActionExecutorImpl$EmptyService }: app is in background uid UidRecord{4f92168 u0a97 SVC  bg:+9h59m22s148ms idle procs:2 seq(0,0,0)}
11-16 13:16:01.228: W/BugleDataModel(31778): 	at android.app.ContextImpl.startServiceCommon(ContextImpl.java:1505)
11-16 13:16:01.228: W/BugleDataModel(31778): 	at android.app.ContextImpl.startService(ContextImpl.java:1461)
11-16 13:16:01.228: W/BugleDataModel(31778): 	at android.content.ContextWrapper.startService(ContextWrapper.java:644)
11-16 13:16:01.228: W/BugleDataModel(31778): 	at com.google.android.apps.messaging.shared.datamodel.action.ActionExecutorImpl.a(SourceFile:25)
11-16 13:16:01.228: W/BugleDataModel(31778): 	at cdw.a(SourceFile:92)
11-16 13:16:01.228: W/BugleDataModel(31778): 	at cdx.run(Unknown Source:2)
11-16 13:16:01.228: W/BugleDataModel(31778): 	at android.os.Handler.handleCallback(Handler.java:789)
11-16 13:16:01.228: W/BugleDataModel(31778): 	at android.os.Handler.dispatchMessage(Handler.java:98)
11-16 13:16:01.228: W/BugleDataModel(31778): 	at android.os.Looper.loop(Looper.java:164)
11-16 13:16:01.228: W/BugleDataModel(31778): 	at android.app.ActivityThread.main(ActivityThread.java:6541)
11-16 13:16:01.228: W/BugleDataModel(31778): 	at java.lang.reflect.Method.invoke(Native Method)
11-16 13:16:01.228: W/BugleDataModel(31778): 	at com.android.internal.os.Zygote$MethodAndArgsCaller.run(Zygote.java:240)
11-16 13:16:01.228: W/BugleDataModel(31778): 	at com.android.internal.os.ZygoteInit.main(ZygoteInit.java:767)
11-16 13:16:01.237: W/BugleDataModel(31778): service started without protection. DataModel.startActionUnsafe is deprecated
11-16 13:16:01.238: W/BugleDataModel(31778): java.lang.IllegalStateException: Not allowed to start service Intent { cmp=com.google.android.apps.messaging/.shared.datamodel.action.ActionExecutorImpl$EmptyService }: app is in background uid UidRecord{4f92168 u0a97 SVC  bg:+9h59m22s157ms idle procs:2 seq(0,0,0)}
11-16 13:16:01.238: W/BugleDataModel(31778): 	at android.app.ContextImpl.startServiceCommon(ContextImpl.java:1505)
11-16 13:16:01.238: W/BugleDataModel(31778): 	at android.app.ContextImpl.startService(ContextImpl.java:1461)
11-16 13:16:01.238: W/BugleDataModel(31778): 	at android.content.ContextWrapper.startService(ContextWrapper.java:644)
11-16 13:16:01.238: W/BugleDataModel(31778): 	at com.google.android.apps.messaging.shared.datamodel.action.ActionExecutorImpl.a(SourceFile:25)
11-16 13:16:01.238: W/BugleDataModel(31778): 	at cdw.a(SourceFile:92)
11-16 13:16:01.238: W/BugleDataModel(31778): 	at cdx.run(Unknown Source:2)
11-16 13:16:01.238: W/BugleDataModel(31778): 	at android.os.Handler.handleCallback(Handler.java:789)
11-16 13:16:01.238: W/BugleDataModel(31778): 	at android.os.Handler.dispatchMessage(Handler.java:98)
11-16 13:16:01.238: W/BugleDataModel(31778): 	at android.os.Looper.loop(Looper.java:164)
11-16 13:16:01.238: W/BugleDataModel(31778): 	at android.app.ActivityThread.main(ActivityThread.java:6541)
11-16 13:16:01.238: W/BugleDataModel(31778): 	at java.lang.reflect.Method.invoke(Native Method)
11-16 13:16:01.238: W/BugleDataModel(31778): 	at com.android.internal.os.Zygote$MethodAndArgsCaller.run(Zygote.java:240)
11-16 13:16:01.238: W/BugleDataModel(31778): 	at com.android.internal.os.ZygoteInit.main(ZygoteInit.java:767)
11-16 13:16:01.264: W/DynamiteModule(7836): Local module descriptor class for providerinstaller not found.
11-16 13:16:01.264: I/zygote64(6696): Background concurrent copying GC freed 88303(4MB) AllocSpace objects, 27(852KB) LOS objects, 50% free, 8MB/17MB, paused 369us total 415.423ms
11-16 13:16:01.269: I/DynamiteModule(7836): Considering local module providerinstaller:0 and remote module providerinstaller:0
11-16 13:16:01.269: W/ProviderInstaller(7836): Failed to load providerinstaller module: No acceptable module found. Local version is 0 and remote version is 0.
11-16 13:16:01.308: I/GCoreUlr(6696): Unbound from all signal providers.
11-16 13:16:01.318: I/MS_RegisterService(7836): Tachyon host: instantmessaging-pa.googleapis.com, Tachyon port: 443
11-16 13:16:01.323: I/CarrierServices(3018): [2] bxu.e: Carrier Services GServices flags:
11-16 13:16:01.323: I/CarrierServices(3018):    carrier_services_security_flags_ec_api_white_listed_packages: com.google.android.apps.messaging,com.google.android.dialer,com.google.android.ims.client.sampleapp,com.android.contacts,com.lge.rcscall,com.android.incallui,com.huawei.incallui.appfeature.rcsfeature
11-16 13:16:01.323: I/CarrierServices(3018):    carrier_services_security_flags_ec_api_white_listed_signatures: B28C3EDB665DF32686224DF800F603E9959BBE4E,0980A12BE993528C19107BC21AD811478C63CEFC,B38FA7B5ECFAEC44620A020752B07E063B3120A8,203997BC46B8792DC9747ABD230569071F9A0439,EDA6413C3E3A95492114FE07CD953AD897E40D1A,760EBB9F4200B3DFB1B817B40FF0563A3C150D39,5B368CFF2DA2686996BC95EAC190EAA4F5630FE5,01D845B26B688D8EF647205A5944E9407E52E06E,27196E386B875E76ADF700E7EA84E4C6EEE33DFA,1CDD04F1E4A732BB0352FDFAEE26D2315526DF85,025D5212BF3B5F5CDA6117A518721D70A94D84E0
11-16 13:16:01.323: I/CarrierServices(3018):    carrier_services_security_flags_test_service_white_listed_packages: com.google.android.ims.mobly.snippets
11-16 13:16:01.323: I/CarrierServices(3018):    carrier_services_security_flags_test_service_white_listed_signatures: AE41481F52E0F58DF2806D5A38EB3DBCA5AE02B0,E165542B31953CC282AA4EF2F4D5F07F7663A2A2
11-16 13:16:01.323: I/CarrierServices(3018):    carrier_services_security_flags_white_listed_packages: com.google.android.apps.messaging,com.google.android.dialer,com.google.android.ims.client.sampleapp,com.android.contacts,com.lge.rcscall,com.android.incallui,com.huawei.incallui.appfeature.rcsfeature
11-16 13:16:01.323: I/CarrierServices(3018):    carrier_services_security_flags_white_listed_signatures: B28C3EDB665DF32686224DF800F603E9959BBE4E,0980A12BE993528C19107BC21AD811478C63CEFC,B38FA7B5ECFAEC44620A020752B07E063B3120A8,203997BC46B8792DC9747ABD230569071F9A0439,EDA6413C3E3A95492114FE07CD953AD897E40D1A,760EBB9F4200B3DFB1B817B40FF0563A3C150D39,5B368CFF2DA2686996BC95EAC190EAA4F5630FE5,01D845B26B688D8EF647205A5944E9407E52E06E,27196E386B875E76ADF700E7EA84E4C6EEE33DFA,1CDD04F1E4A732BB0352FDFAEE26D2315526DF85,025D5212BF3B5F5CDA6117A518721D70A94D84E0
11-16 13:16:01.323: I/CarrierServices(3018):    carrier_services_video_share_disabled_user_agent_substrings: SM-G930,SM-G935,SM-A320
11-16 13:16:01.323: I/CarrierServices(3018): ====================
11-16 13:16:01.343: I/GCoreUlr(6696): Successfully accounts update
11-16 13:16:01.350: I/CarrierServices(3018): [2] RcsAutoStartReceiver.b: carrierServicesJibeServiceEnabled changed from true to true
11-16 13:16:01.353: I/zygote64(911): Background concurrent copying GC freed 48395(2MB) AllocSpace objects, 7(140KB) LOS objects, 42% free, 15MB/26MB, paused 277us total 556.700ms
11-16 13:16:01.358: W/DynamiteModule(7836): Local module descriptor class for providerinstaller not found.
11-16 13:16:01.359: I/DynamiteModule(7836): Considering local module providerinstaller:0 and remote module providerinstaller:0
11-16 13:16:01.360: W/ProviderInstaller(7836): Failed to load providerinstaller module: No acceptable module found. Local version is 0 and remote version is 0.
11-16 13:16:01.364: I/CarrierServices(3018): [2] RcsAutoStartReceiver.b: enableRcs changed from true to true
11-16 13:16:01.365: I/CarrierServices(3018): [2] RcsAutoStartReceiver.b: RcsAutoStartReceiver triggered. Fetching RCS State. Action: com.google.gservices.intent.action.GSERVICES_OVERRIDE
11-16 13:16:01.368: I/CarrierServices(3018): [2] aws.a: Migration binding to RcsMigrationService
11-16 13:16:01.371: E/ExecutionCriteria(6696): Package unavailable for task: com.google.android.videos/com.google.android.apps.play.movies.common.service.player.logging.QoePingService{u=0 tag="flush_qoe_logs" trigger=window{period=86400s,flex=86400s,earliest=-45539688s,latest=-45453288s} requirements=[NET_UNMETERED,CHARGING] attributes=[PERSISTED,RECURRING] scheduled=-45539688s last_run=N/A jid=N/A status=PENDING retries=0 client_lib=MANCHEGO_GCM-10400000}
11-16 13:16:01.371: E/ExecutionCriteria(6696): Package unavailable for task: com.google.android.videos/com.google.android.apps.play.movies.common.service.drm.RefreshLicenseTaskService{u=0 tag="refresh_license" trigger=window{period=172800s,flex=172800s,earliest=-45453288s,latest=-45280488s} requirements=[NET_CONNECTED] attributes=[PERSISTED,RECURRING] scheduled=-45453288s last_run=N/A jid=N/A status=PENDING retries=0 client_lib=MANCHEGO_GCM-10400000}
11-16 13:16:01.374: I/Bugle(31778): returning RCS state provider.
11-16 13:16:01.383: I/CarrierServices(31778): [589] ieq.a: Sim state is not ready. Returning last known operation mode.
11-16 13:16:01.387: I/GCoreUlr(6696): Unbound from all signal providers.
11-16 13:16:01.387: I/GCoreUlr(6696): Stopping handler for UlrDispSvcFast
11-16 13:16:01.388: I/GCoreUlr(6696): Successfully accounts update
11-16 13:16:01.401: I/MS_Utils(7836): version of com.google.android.apps.maps = 978102040
11-16 13:16:01.401: E/ExecutionCriteria(6696): Package unavailable for task: com.google.android.videos/com.google.android.apps.play.movies.common.FlushLogsTaskService{u=0 tag="flush_logs" trigger=window{period=86400s,flex=57600s,earliest=-7359s,latest=50240s} requirements=[NET_UNMETERED,CHARGING] attributes=[PERSISTED,RECURRING] scheduled=-36159s last_run=N/A jid=N/A status=PENDING retries=0 client_lib=MANCHEGO_GCM-10400000}
11-16 13:16:01.402: W/DynamiteModule(7836): Local module descriptor class for providerinstaller not found.
11-16 13:16:01.403: I/DynamiteModule(7836): Considering local module providerinstaller:0 and remote module providerinstaller:0
11-16 13:16:01.403: W/ProviderInstaller(7836): Failed to load providerinstaller module: No acceptable module found. Local version is 0 and remote version is 0.
11-16 13:16:01.422: I/TestSupport(7836): Broadcast sent: finsky.setup_wizard_additional_account_vpa_enable
11-16 13:16:01.434: I/MS_RegisterService(7836): RegisterService intent:Intent { act=com.google.android.gms.matchstick.register_intent_action cat=[targeted_intent_op_prefix:com.google.android.libraries.matchstick.net.SilentRegisterIntentOperation] cmp=com.google.android.gms/.chimera.GmsIntentOperationService } isPeriodic:false
11-16 13:16:01.446: D/GoogleCarrierConfigReceiver(31928): Gservices Changed Received
11-16 13:16:01.450: I/TestSupport(7836): GServices override confirmed: finsky.setup_wizard_additional_account_vpa_enable=false
11-16 13:16:01.453: E/ExecutionCriteria(6696): Package unavailable for task: com.google.android.apps.gcs/.service.WfaStateTaskService{u=0 tag="WfaStateTask" trigger=window{period=518400s,flex=86400s,earliest=395838s,latest=482238s} requirements=[NET_ANY] attributes=[PERSISTED,RECURRING] scheduled=-36161s last_run=N/A jid=N/A status=PENDING retries=0 client_lib=MANCHEGO_GCM-11732000}
11-16 13:16:01.455: I/TestSupport(7836): SetOverrideOperation: finsky.daily_hygiene_schedule_unauthenticated = false
11-16 13:16:01.472: E/GooglePlayServicesUtil(31943): The Google Play services resources were not found. Check your project configuration to ensure that the resources are included.
11-16 13:16:01.482: I/BugleDataModel(31778): Fixup: Send failed - 0 Download failed - 0
11-16 13:16:01.496: E/ExecutionCriteria(6696): Package unavailable for task: com.google.android.videos/com.google.android.apps.play.movies.common.service.player.logging.QoePingService{u=0 tag="flush_qoe_logs" trigger=window{period=86400s,flex=86400s,earliest=-45539688s,latest=-45453288s} requirements=[NET_UNMETERED,CHARGING] attributes=[PERSISTED,RECURRING] scheduled=-45539688s last_run=N/A jid=N/A status=PENDING retries=0 client_lib=MANCHEGO_GCM-10400000}
11-16 13:16:01.496: E/ExecutionCriteria(6696): Package unavailable for task: com.google.android.videos/com.google.android.apps.play.movies.common.service.drm.RefreshLicenseTaskService{u=0 tag="refresh_license" trigger=window{period=172800s,flex=172800s,earliest=-45453288s,latest=-45280488s} requirements=[NET_CONNECTED] attributes=[PERSISTED,RECURRING] scheduled=-45453288s last_run=N/A jid=N/A status=PENDING retries=0 client_lib=MANCHEGO_GCM-10400000}
11-16 13:16:01.499: I/BugleDataModel(31778): ProcessPendingMessagesAction: process from FixupMessageStatusOnStartupAction due to connectivity changed with queues:
11-16 13:16:01.499: I/BugleDataModel(31778): ProcessPendingMessagesAction: cleared next retry time for channel sms_send 
11-16 13:16:01.499: I/BugleDataModel(31778): ProcessPendingMessagesAction: cleared next retry time for channel mms_send 
11-16 13:16:01.499: I/BugleDataModel(31778): ProcessPendingMessagesAction: cleared next retry time for channel mms_download 
11-16 13:16:01.500: I/BugleDataModel(31778): ProcessPendingMessagesAction: cleared next retry time for channel rcs_send 
11-16 13:16:01.500: I/BugleDataModel(31778): ProcessPendingMessagesAction: cleared next retry time for channel rcs_ft_upload 
11-16 13:16:01.500: I/BugleDataModel(31778): ProcessPendingMessagesAction: cleared next retry time for channel rcs_ft_download 
11-16 13:16:01.500: I/BugleDataModel(31778): ProcessPendingMessagesAction: cleared next retry time for channel cloud_sync_send 
11-16 13:16:01.500: I/BugleDataModel(31778): ProcessPendingMessagesAction: cleared next retry time for channel cloud_sync_attachment_download 
11-16 13:16:01.508: W/DynamiteModule(7836): Local module descriptor class for providerinstaller not found.
11-16 13:16:01.509: I/DynamiteModule(7836): Considering local module providerinstaller:0 and remote module providerinstaller:0
11-16 13:16:01.509: W/ProviderInstaller(7836): Failed to load providerinstaller module: No acceptable module found. Local version is 0 and remote version is 0.
11-16 13:16:01.513: I/Backup(7836): [GmsBackupStatusChangeReceiver] Going to enable gms backup transport.
11-16 13:16:01.523: W/BugleDataModel(31778): Used 294ms for FixupMessageStatusOnStartupAction:FixupMessageStatusOnStartupAction:1573938955224001#executeAction
11-16 13:16:01.551: E/ExecutionCriteria(6696): Package unavailable for task: com.google.android.videos/com.google.android.apps.play.movies.common.FlushLogsTaskService{u=0 tag="flush_logs" trigger=window{period=86400s,flex=57600s,earliest=-7359s,latest=50240s} requirements=[NET_UNMETERED,CHARGING] attributes=[PERSISTED,RECURRING] scheduled=-36159s last_run=N/A jid=N/A status=PENDING retries=0 client_lib=MANCHEGO_GCM-10400000}
11-16 13:16:01.552: I/BgTaskExecutorImpl(7452): Starting NONEXCLUSIVE background task update_gservices_config.
11-16 13:16:01.556: I/GservicesUpdateTask(7452): Updating Gservices keys
11-16 13:16:01.566: W/MS_RegisterService(7836): Not eligible for registration.
11-16 13:16:01.568: I/NetRec(6696): [760] akrh.a: onConfigChanged()
11-16 13:16:01.569: I/Herrevad(6696): [757] acas.a: updateListenState
11-16 13:16:01.587: I/BugleDataModel(31778): ProcessPendingMessagesAction: process from ProcessPendingMessagesAction due to scheduled processing with queues:
11-16 13:16:01.591: I/NetRec(6696): [760] akrh.a: Cancelling all NetRec GCM tasks
11-16 13:16:01.593: D/ConnMetrics:App(31943): IsOptedIn = false
11-16 13:16:01.632: E/ExecutionCriteria(6696): Package unavailable for task: com.google.android.apps.gcs/.service.WfaStateTaskService{u=0 tag="WfaStateTask" trigger=window{period=518400s,flex=86400s,earliest=395838s,latest=482238s} requirements=[NET_ANY] attributes=[PERSISTED,RECURRING] scheduled=-36161s last_run=N/A jid=N/A status=PENDING retries=0 client_lib=MANCHEGO_GCM-11732000}
11-16 13:16:01.637: I/BugleRcs(31778): updating RCS availability
11-16 13:16:01.644: I/Icing(7836): Indexing com.google.android.gms-apps from com.google.android.gms
11-16 13:16:01.649: I/WifiConfigManager(911): No scan detail and linked configs associated with networkId 0
11-16 13:16:01.660: W/ActivityManager(911): Background start not allowed: service Intent { cmp=com.google.android.apps.messaging/.shared.datamodel.action.ActionExecutorImpl$EmptyService } to com.google.android.apps.messaging/.shared.datamodel.action.ActionExecutorImpl$EmptyService from pid=31778 uid=10097 pkg=com.google.android.apps.messaging
11-16 13:16:01.662: I/NetRec(6696): [760] ClearDatabaseService.onHandleIntent: Clearing score cache
11-16 13:16:01.670: I/ShortcutBadger(31778): Checking if platform supports badge counters, attempt 1/3.
11-16 13:16:01.672: I/BugleRcs(31778): No minimum Cs.apk version is set, not checking Cs.apk version
11-16 13:16:01.675: I/ShortcutBadger(31778): Checking if platform supports badge counters, attempt 2/3.
11-16 13:16:01.679: I/ShortcutBadger(31778): Checking if platform supports badge counters, attempt 3/3.
11-16 13:16:01.683: I/GCoreUlr(6696): WorldUpdater received intent Intent { act=com.google.android.location.reporting.ACTION_UPDATE_WORLD cmp=com.google.android.gms/com.google.android.location.reporting.service.DispatchingService (has extras) } with receiverAction com.google.gservices.intent.action.GSERVICES_CHANGED
11-16 13:16:01.686: W/ShortcutBadger(31778): Badge counter seems not supported in this platform: unable to resolve intent: Intent { act=android.intent.action.BADGE_COUNT_UPDATE (has extras) }
11-16 13:16:01.690: I/GCoreUlr(6696): Successfully sent flags updated to controllers.
11-16 13:16:01.699: V/BugleRcs(31778): RcsAvailability updated but unchanged: RCS is disabled due to SIM absent
11-16 13:16:01.699: I/zygote64(7836): Compiler allocated 7MB to compile edf eck.a(int, java.util.List, java.util.List, efv, java.lang.String, java.util.List, java.util.List, java.util.List, java.lang.String, java.util.List)
11-16 13:16:01.716: I/SystemUpdate(7836): [Installation,ReceiverIntentOperation] Received intent: Intent { act=com.google.gservices.intent.action.GSERVICES_CHANGED flg=0x1000010 cmp=com.google.android.gms/.chimera.GmsIntentOperationService$PersistentInternalReceiver }.
11-16 13:16:01.719: I/GmsModuleFndr(7836): Beginning GMS chimera module scan
11-16 13:16:01.720: I/Icing(7836): Indexing done com.google.android.gms-apps
11-16 13:16:01.747: I/GeofencerStateMachine(6696): sendQueryLocationOptIn
11-16 13:16:01.758: I/GeofencerStateMachine(6696): sendQueryLocationOptIn
11-16 13:16:01.766: I/ModuleSetMgr(7836): Computing pending module set with APKs: {zapp:/AdsFdrDynamite.integ/21001000000, file:///data/app/com.google.android.gms-WX46dZae9nb9FRIO2lPwbw%3D%3D/base.apk, zapp:/VisionOcr.optional/19420000400, zapp:/Payments.integ/19677002000400, zapp:/PaymentsDynamite.integ/19677002000400}
11-16 13:16:01.770: I/GeofencerStateMachine(6696): sendQueryLocationOptIn
11-16 13:16:01.783: I/OcrModelUpStIntentOp(7836): Updating ocr activity enabled=true (phenotypeFlag=true, lowRamDevice=false, prereqCheck=true)
