11-16 13:16:07.341: E/ExecutionCriteria(6696): Package unavailable for task: com.google.android.videos/com.google.android.apps.play.movies.common.service.drm.RefreshLicenseTaskService{u=0 tag="refresh_license" trigger=window{period=172800s,flex=172800s,earliest=-45453294s,latest=-45280494s} requirements=[NET_CONNECTED] attributes=[PERSISTED,RECURRING] scheduled=-45453294s last_run=N/A jid=N/A status=PENDING retries=0 client_lib=MANCHEGO_GCM-10400000}
11-16 13:16:07.344: E/ExecutionCriteria(6696): Package unavailable for task: com.google.android.videos/com.google.android.apps.play.movies.common.FlushLogsTaskService{u=0 tag="flush_logs" trigger=window{period=86400s,flex=57600s,earliest=-7365s,latest=50234s} requirements=[NET_UNMETERED,CHARGING] attributes=[PERSISTED,RECURRING] scheduled=-36165s last_run=N/A jid=N/A status=PENDING retries=0 client_lib=MANCHEGO_GCM-10400000}
11-16 13:16:07.350: W/Conscrypt(6696): Could not set socket write timeout: java.net.SocketException: Socket closed
11-16 13:16:07.351: W/Conscrypt(6696): 	at com.google.android.gms.org.conscrypt.Platform.setSocketWriteTimeout(:com.google.android.gms@19420019@19.4.20 (040400-271418971):2)
11-16 13:16:07.351: W/Conscrypt(6696): 	at com.google.android.gms.org.conscrypt.ConscryptFileDescriptorSocket.setSoWriteTimeout(:com.google.android.gms@19420019@19.4.20 (040400-271418971):2)
11-16 13:16:07.353: E/ExecutionCriteria(6696): Package unavailable for task: com.google.android.apps.gcs/.service.WfaStateTaskService{u=0 tag="WfaStateTask" trigger=window{period=518400s,flex=86400s,earliest=395833s,latest=482233s} requirements=[NET_ANY] attributes=[PERSISTED,RECURRING] scheduled=-36166s last_run=N/A jid=N/A status=PENDING retries=0 client_lib=MANCHEGO_GCM-11732000}
11-16 13:16:07.398: I/zygote64(911): Background concurrent copying GC freed 67137(3MB) AllocSpace objects, 12(240KB) LOS objects, 42% free, 15MB/26MB, paused 341us total 116.205ms
11-16 13:16:07.531: E/ExecutionCriteria(6696): Package unavailable for task: com.google.android.videos/com.google.android.apps.play.movies.common.service.player.logging.QoePingService{u=0 tag="flush_qoe_logs" trigger=window{period=86400s,flex=86400s,earliest=-45539694s,latest=-45453294s} requirements=[NET_UNMETERED,CHARGING] attributes=[PERSISTED,RECURRING] scheduled=-45539694s last_run=N/A jid=N/A status=PENDING retries=0 client_lib=MANCHEGO_GCM-10400000}
11-16 13:16:07.532: E/ExecutionCriteria(6696): Package unavailable for task: com.google.android.videos/com.google.android.apps.play.movies.common.service.drm.RefreshLicenseTaskService{u=0 tag="refresh_license" trigger=window{period=172800s,flex=172800s,earliest=-45453294s,latest=-45280494s} requirements=[NET_CONNECTED] attributes=[PERSISTED,RECURRING] scheduled=-45453294s last_run=N/A jid=N/A status=PENDING retries=0 client_lib=MANCHEGO_GCM-10400000}
11-16 13:16:07.540: E/ExecutionCriteria(6696): Package unavailable for task: com.google.android.videos/com.google.android.apps.play.movies.common.FlushLogsTaskService{u=0 tag="flush_logs" trigger=window{period=86400s,flex=57600s,earliest=-7365s,latest=50234s} requirements=[NET_UNMETERED,CHARGING] attributes=[PERSISTED,RECURRING] scheduled=-36165s last_run=N/A jid=N/A status=PENDING retries=0 client_lib=MANCHEGO_GCM-10400000}
11-16 13:16:07.552: E/ExecutionCriteria(6696): Package unavailable for task: com.google.android.apps.gcs/.service.WfaStateTaskService{u=0 tag="WfaStateTask" trigger=window{period=518400s,flex=86400s,earliest=395832s,latest=482232s} requirements=[NET_ANY] attributes=[PERSISTED,RECURRING] scheduled=-36167s last_run=N/A jid=N/A status=PENDING retries=0 client_lib=MANCHEGO_GCM-11732000}
11-16 13:16:07.665: I/Auth(6696): [AccountVisibility] Add account explicitly with whitelisted packages 0
11-16 13:16:07.736: D/AccountManagerService(911): Visibility was not initialized
11-16 13:16:07.751: I/AccountManagerService(911): the accounts changed, sending broadcast of android.accounts.LOGIN_ACCOUNTS_CHANGED
11-16 13:16:07.805: I/ActivityManager(911): Start proc 32325:com.google.android.music:main/u0a89 for broadcast com.google.android.music/.AccountsBroadcastReceiver
11-16 13:16:07.821: I/AccountManagerService(911): the accounts changed, sending broadcast of android.accounts.LOGIN_ACCOUNTS_CHANGED
11-16 13:16:07.875: I/zygote64(7836): Do full code cache collection, code=1018KB, data=664KB
11-16 13:16:07.897: I/Backup(6696): [GmsBackupAccountManager] Backup account not found in gmscore.
11-16 13:16:07.911: I/Backup(6696): [GmsBackupAccountManager] Backup account not found in gmscore.
11-16 13:16:07.920: W/ChimeraUtils(6696): Non Chimera context
11-16 13:16:07.921: W/ChimeraUtils(6696): Non Chimera context
11-16 13:16:07.933: I/zygote64(7836): After code cache collection, code=902KB, data=549KB
11-16 13:16:07.936: W/ChimeraUtils(6696): Non Chimera context
11-16 13:16:07.937: W/ChimeraUtils(6696): Non Chimera context
11-16 13:16:07.951: I/MultiDex(32325): VM with version 2.1.0 has multidex support
11-16 13:16:07.951: I/MultiDex(32325): install
11-16 13:16:07.952: I/MultiDex(32325): VM has multidex support, MultiDex support library is disabled.
11-16 13:16:07.960: D/MusicLifecycle(32325): com.google.android.music.store.ConfigContentProvider generated event: Content provider created
11-16 13:16:07.962: D/MusicLifecycle(32325): com.google.android.music.api.MusicPublicContentProvider generated event: Content provider created
11-16 13:16:07.964: I/Icing(7836): updateResources: need to parse acqe{com.google.android.gms}
11-16 13:16:07.976: I/Auth(6696): [BroadcastManager] Broadcasting account services changed.
11-16 13:16:07.979: D/MusicLifecycle(32325): com.google.android.music.store.MusicContentProvider generated event: Content provider created
11-16 13:16:07.986: D/MusicLifecycle(32325): com.google.android.music.ui.PhoneMusicApplication generated event: Application created
11-16 13:16:07.998: W/JobInfo(911): Specified flex for 101236 is +57m36s0ms. Clamped to +1h12m0s0ms
11-16 13:16:08.005: E/SyncManager(911): Couldn't find backoff values for AKH2JSL7QIKKETKEPYRUT7Z3GE-00@cloudtestlabaccounts.com/com.android.contacts:u0
11-16 13:16:08.017: I/AuthService(32303): [AddAccountOperation] Succeeded.
11-16 13:16:08.020: E/SyncManager(911): Couldn't find backoff values for AKH2JSL7QIKKETKEPYRUT7Z3GE-00@cloudtestlabaccounts.com/com.google.android.gms.auth.accountstate:u0
11-16 13:16:08.036: E/SyncManager(911): Couldn't find backoff values for AKH2JSL7QIKKETKEPYRUT7Z3GE-00@cloudtestlabaccounts.com/com.google.android.gms.appstate:u0
11-16 13:16:08.039: D/MusicLifecycle(32325): com.google.android.music.store.ConfigContentProvider generated event: initializing
11-16 13:16:08.041: I/BaseStore(32325): ConfigStore database version: 1
11-16 13:16:08.056: E/SyncManager(911): Couldn't find backoff values for AKH2JSL7QIKKETKEPYRUT7Z3GE-00@cloudtestlabaccounts.com/com.google.android.gms.reminders:u0
11-16 13:16:08.088: E/SyncManager(911): Couldn't find backoff values for AKH2JSL7QIKKETKEPYRUT7Z3GE-00@cloudtestlabaccounts.com/gmail-ls:u0
11-16 13:16:08.104: I/Icing(7836): doRemovePackageData com.google.android.videos
11-16 13:16:08.128: I/zygote64(6696): Background concurrent copying GC freed 122540(6MB) AllocSpace objects, 10(232KB) LOS objects, 49% free, 7MB/15MB, paused 195us total 124.315ms
11-16 13:16:08.129: I/Icing(7836): updateResources: need to parse acqe{com.google.android.gm}
11-16 13:16:08.133: E/SyncManager(911): Couldn't find backoff values for AKH2JSL7QIKKETKEPYRUT7Z3GE-00@cloudtestlabaccounts.com/com.android.chrome:u0
11-16 13:16:08.134: V/NativeCrypto(32325): Registering com/google/android/gms/org/conscrypt/NativeCrypto's 284 native methods...
11-16 13:16:08.155: E/SyncManager(911): Couldn't find backoff values for AKH2JSL7QIKKETKEPYRUT7Z3GE-00@cloudtestlabaccounts.com/com.google.android.gms.games:u0
11-16 13:16:08.159: D/NetworkSecurityConfig(32325): No Network Security Config specified, using platform default
11-16 13:16:08.162: I/ProviderInstaller(32325): Installed default security provider GmsCore_OpenSSL
11-16 13:16:08.162: D/AndroidMusic(32325): GMSCore installation verified
11-16 13:16:08.194: W/roid.music:main(32325): type=1400 audit(0.0:132): avc: denied { open } for path="/data/media/0/Android/data/com.google.android.music/files/._playmusicid" dev="sda35" ino=655397 scontext=u:r:untrusted_app:s0:c512,c768 tcontext=u:object_r:system_data_file:s0 tclass=file permissive=0
11-16 13:16:08.199: E/CacheLocation(32325): Unable to write volume ID file at path: /storage/emulated/0/Android/data/com.google.android.music/files/._playmusicid, got java.io.FileNotFoundException: /storage/emulated/0/Android/data/com.google.android.music/files/._playmusicid (Permission denied)
11-16 13:16:08.200: E/CacheLocation(32325): Unable to write volume ID file at path: /data/user/0/com.google.android.music/files/._playmusicid, got java.io.FileNotFoundException: /data/data/com.google.android.music/files/._playmusicid (Permission denied)
11-16 13:16:08.203: I/AuthService(32303): [AccountService] Execution time for add account with authorization code, options: Bundle[{}] is 1236 ms.
11-16 13:16:08.208: D/LoginUtil(32284): Instrumentation completed successfully
11-16 13:16:08.209: I/ActivityManager(911): Force stopping com.google.android.apps.mtaas.loginutil appid=10115 user=0: finished inst
11-16 13:16:08.209: W/Binder(911): Outgoing transactions from this process must be FLAG_ONEWAY
11-16 13:16:08.209: W/Binder(911): java.lang.Throwable
11-16 13:16:08.209: W/Binder(911): 	at android.os.BinderProxy.transact(Binder.java:736)
11-16 13:16:08.209: W/Binder(911): 	at android.app.IInstrumentationWatcher$Stub$Proxy.instrumentationFinished(IInstrumentationWatcher.java:160)
11-16 13:16:08.209: W/Binder(911): 	at com.android.server.am.InstrumentationReporter$MyThread.run(InstrumentationReporter.java:86)
11-16 13:16:08.210: I/ActivityManager(911): Killing 32284:com.google.android.apps.mtaas.loginutil/u0a115 (adj 0): stop com.google.android.apps.mtaas.loginutil
11-16 13:16:08.211: D/AndroidRuntime(32260): Shutting down VM
11-16 13:16:08.224: W/roid.music:main(32325): type=1400 audit(0.0:136): avc: denied { open } for path="/data/data/com.google.android.music/files/._playmusicid" dev="sda35" ino=262768 scontext=u:r:untrusted_app:s0:c512,c768 tcontext=u:object_r:system_data_file:s0 tclass=file permissive=0
11-16 13:16:08.224: W/roid.music:main(32325): type=1400 audit(0.0:137): avc: denied { write } for name="._playmusicid" dev="sda35" ino=262768 scontext=u:r:untrusted_app:s0:c512,c768 tcontext=u:object_r:system_data_file:s0 tclass=file permissive=0
11-16 13:16:08.224: W/roid.music:main(32325): type=1400 audit(0.0:138): avc: denied { open } for path="/data/data/com.google.android.music/files/._playmusicid" dev="sda35" ino=262768 scontext=u:r:untrusted_app:s0:c512,c768 tcontext=u:object_r:system_data_file:s0 tclass=file permissive=0
11-16 13:16:08.228: E/CacheLocation(32325): Unable to write volume ID file at path: /data/user/0/com.google.android.music/files/._playmusicid, got java.io.FileNotFoundException: /data/data/com.google.android.music/files/._playmusicid (Permission denied)
11-16 13:16:08.250: E/SyncManager(911): Job params not found for 109100
11-16 13:16:08.313: I/Icing(7836): updateResources: need to parse acqe{com.google.android.gms}
11-16 13:16:08.326: I/MusicExperimentManager(32325): Received config change, experiments list is null
11-16 13:16:08.326: W/MusicExperimentManager(32325): Parsing error while updating analysis experiments
11-16 13:16:08.356: I/BaseStore(32325): Store database version: 146
11-16 13:16:08.406: I/PlaybackClient(32325): init: Initializing
11-16 13:16:08.459: I/zygote64(911): Background concurrent copying GC freed 105104(6MB) AllocSpace objects, 173(5MB) LOS objects, 42% free, 18MB/33MB, paused 190us total 154.650ms
11-16 13:16:08.472: I/Icing(7836): doRemovePackageData com.google.android.videos
11-16 13:16:08.494: I/Icing(7836): Not indexing corpus from package com.google.android.gm as it has never connected
11-16 13:16:08.494: E/Icing(7836): Aborting indexing of corpus messages/com.google/AKH2JSL7QIKKETKEPYRUT7Z3GE-00%40cloudtestlabaccounts.com
11-16 13:16:08.504: E/PlayCommon(32325): [2] MetalogHelper.<init>: Failed to restore PlayMetalog
11-16 13:16:08.505: E/PlayCommon(32325): [2] MetalogHelper.<init>: Failed to restore LogsUploadAttempt
11-16 13:16:08.511: I/zygote64(7836): Compiler allocated 6MB to compile acpx acpz.a(java.lang.String)
11-16 13:16:08.542: D/MusicLifecycle(32325): com.google.android.music.AccountsBroadcastReceiver generated event: Broadcast received with context android.app.ReceiverRestrictedContext@7cbd704 and intent Intent { act=android.accounts.LOGIN_ACCOUNTS_CHANGED flg=0x5000010 cmp=com.google.android.music/.AccountsBroadcastReceiver }
11-16 13:16:08.543: D/MusicLifecycle(32325): com.google.android.music.net.NetworkConnectivityMonitor$NetworkChangedReceiver generated event: Broadcast received with context com.google.android.music.ui.PhoneMusicApplication@25cf8af and intent Intent { act=android.net.conn.CONNECTIVITY_CHANGE flg=0x4000010 (has extras) }
11-16 13:16:08.544: I/SignupStatusTask(32325): Starting 'com.google.android.music.sync.google.MusicGcmTaskService
11-16 13:16:08.546: I/NetworkConnectivity(32325): Network state changed: [type: WIFI[], state: CONNECTED/CONNECTED, reason: (unspecified), extra: "wl-ftl-mt49-1-5", failover: false, available: true, roaming: false, metered: false]
11-16 13:16:08.556: D/MusicLifecycle(32325): com.google.android.music.download.artwork.ArtDownloadService generated event: Service created
11-16 13:16:08.596: I/NetworkPolicyMonitor(32325): Download-ability status changed to (true) unmetered wifi/eth: true mobileOrMetered: false
11-16 13:16:08.611: I/NetworkPolicyMonitor(32325): Stream-ability status changed to (true) unmetered wifi/eth: true mobileOrMetered: false
11-16 13:16:08.642: D/MusicLifecycle(32325): com.google.android.music.download.EncapsulatedBroadcastReceiver$1 generated event: Broadcast received with context com.google.android.music.ui.PhoneMusicApplication@25cf8af and intent Intent { act=com.google.android.music.download.keepon.KeeponSchedulingService.START_DOWNLOAD flg=0x10 }
11-16 13:16:08.669: W/AdvertisingIdClient(32325): Error while reading from SharedPreferences 
11-16 13:16:08.669: W/AdvertisingIdClient(32325): java.lang.SecurityException: MODE_WORLD_READABLE no longer supported
11-16 13:16:08.669: W/AdvertisingIdClient(32325): 	at android.app.ContextImpl.checkMode(ContextImpl.java:2392)
11-16 13:16:08.669: W/AdvertisingIdClient(32325): 	at android.app.ContextImpl.getSharedPreferences(ContextImpl.java:383)
11-16 13:16:08.669: W/AdvertisingIdClient(32325): 	at android.app.ContextImpl.getSharedPreferences(ContextImpl.java:370)
11-16 13:16:08.669: W/AdvertisingIdClient(32325): 	at com.google.android.gms.ads.identifier.AdvertisingIdClient.getAdvertisingIdInfo(Unknown Source:12)
11-16 13:16:08.669: W/AdvertisingIdClient(32325): 	at com.google.android.music.preferences.MusicPreferences.getAdvertisingIdInfo(MusicPreferences.java:2476)
11-16 13:16:08.669: W/AdvertisingIdClient(32325): 	at com.google.android.music.preferences.MusicPreferences.access$1000(MusicPreferences.java:83)
11-16 13:16:08.669: W/AdvertisingIdClient(32325): 	at com.google.android.music.preferences.MusicPreferences$7.run(MusicPreferences.java:2457)
11-16 13:16:08.669: W/AdvertisingIdClient(32325): 	at com.google.android.music.utils.async.TraceableRunnable.runLogged(TraceableRunnable.java:21)
11-16 13:16:08.669: W/AdvertisingIdClient(32325): 	at com.google.android.music.utils.async.LoggedRunnable.run(LoggedRunnable.java:30)
11-16 13:16:08.669: W/AdvertisingIdClient(32325): 	at android.os.Handler.handleCallback(Handler.java:789)
11-16 13:16:08.669: W/AdvertisingIdClient(32325): 	at android.os.Handler.dispatchMessage(Handler.java:98)
11-16 13:16:08.669: W/AdvertisingIdClient(32325): 	at com.google.android.music.utils.LoggableHandler.dispatchMessage(LoggableHandler.java:74)
11-16 13:16:08.669: W/AdvertisingIdClient(32325): 	at android.os.Looper.loop(Looper.java:164)
11-16 13:16:08.669: W/AdvertisingIdClient(32325): 	at android.os.HandlerThread.run(HandlerThread.java:65)
11-16 13:16:08.682: D/AwarenessRouter(32325): 0 new fences
11-16 13:16:08.696: D/AwarenessRouter(32325): 0 fences already registered
11-16 13:16:08.703: D/AwarenessRouter(32325): Successfully removed 0 context fences
11-16 13:16:08.717: E/PlayCommon(4442): [39] com.google.android.play.b.e.<init>(18): Failed to restore PlayMetalog
11-16 13:16:08.717: E/PlayCommon(4442): [39] com.google.android.play.b.e.<init>(21): Failed to restore LogsUploadAttempt
11-16 13:16:08.777: W/ChimeraUtils(6696): Non Chimera context
11-16 13:16:08.777: W/ChimeraUtils(6696): Non Chimera context
11-16 13:16:09.100: E/ExecutionCriteria(6696): Package unavailable for task: com.google.android.videos/com.google.android.apps.play.movies.common.service.player.logging.QoePingService{u=0 tag="flush_qoe_logs" trigger=window{period=86400s,flex=86400s,earliest=-45539695s,latest=-45453295s} requirements=[NET_UNMETERED,CHARGING] attributes=[PERSISTED,RECURRING] scheduled=-45539695s last_run=N/A jid=N/A status=PENDING retries=0 client_lib=MANCHEGO_GCM-10400000}
11-16 13:16:09.101: E/ExecutionCriteria(6696): Package unavailable for task: com.google.android.videos/com.google.android.apps.play.movies.common.service.drm.RefreshLicenseTaskService{u=0 tag="refresh_license" trigger=window{period=172800s,flex=172800s,earliest=-45453295s,latest=-45280495s} requirements=[NET_CONNECTED] attributes=[PERSISTED,RECURRING] scheduled=-45453295s last_run=N/A jid=N/A status=PENDING retries=0 client_lib=MANCHEGO_GCM-10400000}
11-16 13:16:09.104: E/ExecutionCriteria(6696): Package unavailable for task: com.google.android.videos/com.google.android.apps.play.movies.common.FlushLogsTaskService{u=0 tag="flush_logs" trigger=window{period=86400s,flex=57600s,earliest=-7367s,latest=50232s} requirements=[NET_UNMETERED,CHARGING] attributes=[PERSISTED,RECURRING] scheduled=-36167s last_run=N/A jid=N/A status=PENDING retries=0 client_lib=MANCHEGO_GCM-10400000}
11-16 13:16:09.114: E/ExecutionCriteria(6696): Package unavailable for task: com.google.android.apps.gcs/.service.WfaStateTaskService{u=0 tag="WfaStateTask" trigger=window{period=518400s,flex=86400s,earliest=395831s,latest=482231s} requirements=[NET_ANY] attributes=[PERSISTED,RECURRING] scheduled=-36168s last_run=N/A jid=N/A status=PENDING retries=0 client_lib=MANCHEGO_GCM-11732000}
11-16 13:16:09.143: I/Auth(6696): [BroadcastManager] Broadcasting account services changed.
11-16 13:16:09.336: D/AndroidRuntime(32387): >>>>>> START com.android.internal.os.RuntimeInit uid 2000 <<<<<<
11-16 13:16:09.468: D/AndroidRuntime(32387): Calling main entry com.android.commands.pm.Pm
11-16 13:16:09.479: E/asset(32398): setgid: Operation not permitted
11-16 13:16:09.653: I/Finsky(4442): [2] com.google.android.finsky.eh.d.b_(39): Server requests device config token
11-16 13:16:09.679: W/ChimeraUtils(6696): Non Chimera context
11-16 13:16:09.680: W/ChimeraUtils(6696): Non Chimera context
11-16 13:16:09.924: I/PackageManager.DexOptimizer(911): Running dexopt (dexoptNeeded=1) on: /data/app/vmdl2144846677.tmp/base.apk pkg=com.example.myapplication isa=arm64 dexoptFlags=boot_complete,debuggable,public target-filter=quicken oatDir=/data/app/vmdl2144846677.tmp/oat sharedLibraries=null
11-16 13:16:10.005: I/dex2oat(32402): /system/bin/dex2oat --input-vdex-fd=-1 --output-vdex-fd=17 --compiler-filter=quicken --debuggable --classpath-dir=/data/app/vmdl2144846677.tmp
11-16 13:16:10.142: I/Finsky(4442): [2] com.google.android.finsky.deviceconfig.g.b_(19): Received device config token CisaKQoTMzY1MzMwMTcxMDk4OTA2ODc1MhISChAxNTczOTM4OTcwMDA2MzQz
11-16 13:16:10.174: W/ChimeraUtils(6696): Non Chimera context
11-16 13:16:10.174: W/ChimeraUtils(6696): Non Chimera context
11-16 13:16:10.436: I/Finsky(4442): [56] com.google.android.finsky.bf.a.c.a(254): Process stable target turned on mid-process: 12604357
11-16 13:16:10.438: I/Finsky(4442): [56] com.google.android.finsky.bf.a.c.a(254): Process stable target turned on mid-process: 12604382
11-16 13:16:10.439: I/Finsky(4442): [56] com.google.android.finsky.bf.a.c.a(254): Process stable target turned on mid-process: 12606677
11-16 13:16:10.439: I/Finsky(4442): [56] com.google.android.finsky.bf.a.c.a(254): Process stable target turned on mid-process: 12606765
11-16 13:16:10.445: I/Finsky(4442): [56] com.google.android.finsky.bf.a.c.a(254): Process stable target turned on mid-process: 12609472
11-16 13:16:10.446: I/Finsky(4442): [56] com.google.android.finsky.bf.a.c.a(254): Process stable target turned on mid-process: 12609522
11-16 13:16:10.447: I/Finsky(4442): [56] com.google.android.finsky.bf.a.c.a(254): Process stable target turned on mid-process: 12609703
11-16 13:16:10.467: I/Finsky(4442): [2] com.google.android.finsky.er.a.d(121): Refreshing user settings: account=[ZRzEaJ-gg7h7XmXo2cyGdZLB2A4]
11-16 13:16:10.476: D/Volley(4442): [55] e.a: Cache cleared.
11-16 13:16:10.482: D/Volley(4442): [64] e.a: Cache cleared.
11-16 13:16:10.497: D/Volley(4442): [2] e.a: Cache cleared.
11-16 13:16:10.534: I/MusicPreferences(32325): Setting store availability: true
11-16 13:16:10.564: W/ChimeraUtils(6696): Non Chimera context
11-16 13:16:10.564: W/ChimeraUtils(6696): Non Chimera context
11-16 13:16:10.641: I/MusicPreferences(32325): Account auto-selected
11-16 13:16:10.671: D/MusicLifecycle(32325): com.google.android.music.store.MusicContentProvider generated event: initializing
11-16 13:16:10.706: I/ActivityManager(911): Start proc 32411:com.android.chrome/u0a70 for broadcast com.android.chrome/org.chromium.chrome.browser.services.AccountsChangedReceiver
11-16 13:16:10.793: D/PlaybackClient(32325): clearQueue
11-16 13:16:10.794: D/PlaybackClient(32325): Sending intent to service intent=Intent { act=com.google.android.music.clearqueue cmp=com.google.android.music/.playback2.MusicPlaybackService } extras=NULL
11-16 13:16:10.825: I/Finsky(4442): [72] com.google.android.finsky.cf.a.f.l(150): Loaded library for account: [ZRzEaJ-gg7h7XmXo2cyGdZLB2A4]
11-16 13:16:10.826: I/Finsky(4442): [2] com.google.android.finsky.application.impl.a.dD(2045): Skipping additional VPA because disabled.
11-16 13:16:10.828: I/Finsky(4442): [2] com.google.android.finsky.er.a.d(121): Refreshing user settings: account=[ZRzEaJ-gg7h7XmXo2cyGdZLB2A4]
11-16 13:16:10.828: E/Backup(6696): [BackupTransportMigratorChimeraService] Could not migrate transport!
11-16 13:16:10.831: D/Volley(4442): [55] e.a: Cache cleared.
11-16 13:16:10.832: I/Backup(6696): [BackupTransportMigratorChimeraService] Starting migration...
11-16 13:16:10.836: I/Finsky(4442): [72] com.google.android.finsky.cf.a.f.l(184): Finished loading 1 libraries.
11-16 13:16:10.840: D/Volley(4442): [64] e.a: Cache cleared.
11-16 13:16:10.843: D/MusicLifecycle(32325): com.google.android.music.playback2.MusicPlaybackService generated event: Service created
11-16 13:16:10.844: I/MusicPlaybackService(32325): v2 onCreate
11-16 13:16:10.852: D/Volley(4442): [2] e.a: Cache cleared.
11-16 13:16:10.855: V/MediaRouter(32325): Adding route: RouteInfo{ name=Phone, description=null, status=null, category=RouteCategory{ name=System types=ROUTE_TYPE_LIVE_AUDIO ROUTE_TYPE_LIVE_VIDEO  groupable=false }, supportedTypes=ROUTE_TYPE_LIVE_AUDIO ROUTE_TYPE_LIVE_VIDEO , presentationDisplay=null }
11-16 13:16:10.860: V/MediaRouter(32325): Dispatching route change: RouteInfo{ name=Headphones, description=null, status=null, category=RouteCategory{ name=System types=ROUTE_TYPE_LIVE_AUDIO ROUTE_TYPE_LIVE_VIDEO  groupable=false }, supportedTypes=ROUTE_TYPE_LIVE_AUDIO ROUTE_TYPE_LIVE_VIDEO , presentationDisplay=null }
11-16 13:16:10.861: V/MediaRouter(32325): Audio routes updated: AudioRoutesInfo{ type=HEADPHONES }, a2dp=false
11-16 13:16:10.864: V/MediaRouter(32325): Selecting route: RouteInfo{ name=Headphones, description=null, status=null, category=RouteCategory{ name=System types=ROUTE_TYPE_LIVE_AUDIO ROUTE_TYPE_LIVE_VIDEO  groupable=false }, supportedTypes=ROUTE_TYPE_LIVE_AUDIO ROUTE_TYPE_LIVE_VIDEO , presentationDisplay=null }
11-16 13:16:10.879: I/MediaRouter(32325): Found default route: MediaRouter.RouteInfo{ uniqueId=android/.support.v7.media.SystemMediaRouteProvider:DEFAULT_ROUTE, name=Headphones, description=null, iconUri=null, enabled=true, connecting=false, connectionState=0, canDisconnect=false, playbackType=0, playbackStream=3, deviceType=0, volumeHandling=1, volume=11, volumeMax=15, presentationDisplayId=-1, extras=null, settingsIntent=null, providerPackageName=android }
11-16 13:16:10.880: I/MediaRouter(32325): Unselecting the current route because it is no longer selectable: null
11-16 13:16:10.885: I/Finsky(4442): [2] com.google.android.finsky.hygiene.b.d.a(277): No need to schedule routine hygiene, as hygiene is already running.
11-16 13:16:10.887: W/ChimeraUtils(6696): Non Chimera context
11-16 13:16:10.909: I/ActivityManager(911): Start proc 32431:com.google.android.apps.photos/u0a94 for broadcast com.google.android.apps.photos/.account.full.RefreshAccountsReceiver
11-16 13:16:10.925: V/MediaRouterClient(32325): setCallback
11-16 13:16:11.127: I/MediaSessionManager(32325): MediaSessionManager created
11-16 13:16:11.134: V/MediaSessionManager(32325): MediaSessionManager being initialized
11-16 13:16:11.174: D/MusicServiceTask(32325): ReloadStateTask ReloadStateTask
11-16 13:16:11.174: I/MusicPlaybackService(32325): v2 onBind received with intent Intent { cmp=com.google.android.music/.playback2.MusicPlaybackService }
11-16 13:16:11.177: V/MediaRouter(32325): Selecting route: RouteInfo{ name=Headphones, description=null, status=null, category=RouteCategory{ name=System types=ROUTE_TYPE_LIVE_AUDIO ROUTE_TYPE_LIVE_VIDEO  groupable=false }, supportedTypes=ROUTE_TYPE_LIVE_AUDIO ROUTE_TYPE_LIVE_VIDEO , presentationDisplay=null }
11-16 13:16:11.179: V/MediaRouterClient(32325): MAIN: synchronize
11-16 13:16:11.180: I/TaskManagerImpl(32325): onStartNextTask current task: null
11-16 13:16:11.180: I/TaskManagerImpl(32325): starting next task: com.google.android.music.playback2.tasks.ReloadStateTask@5c6b477 at time 36211946
11-16 13:16:11.181: D/MusicServiceTask(32325): ReloadStateTask submitToBackground: callable=com.google.android.music.playback2.callables.ReloadStateCallable@ba148e4
11-16 13:16:11.190: I/MusicPlaybackService(32325): v2 handle message with intent Intent { act=com.google.android.music.clearqueue cmp=com.google.android.music/.playback2.MusicPlaybackService }
11-16 13:16:11.190: I/MusicPlaybackService(32325): v2 Queuing intent Intent { act=com.google.android.music.clearqueue cmp=com.google.android.music/.playback2.MusicPlaybackService }
11-16 13:16:11.207: D/CallableWrapper(32325): Calling callable=com.google.android.music.playback2.callables.ReloadStateCallable@ba148e4
11-16 13:16:11.240: W/PlaybackServiceState(32325): reload: Can't reload mix descriptor. No valid ID found.
11-16 13:16:11.240: D/PlaybackServiceState(32325): reload: no mix descriptor found
11-16 13:16:11.249: D/CallableWrapper(32325): Finished callable=com.google.android.music.playback2.callables.ReloadStateCallable@ba148e4
11-16 13:16:11.249: D/MusicProfiler(32325): callable: duration=0045ms name=ReloadStateCallable
11-16 13:16:11.251: D/MusicServiceTask(32325): ReloadStateTask Deliver message: taskMessage=[STATE_RELOADED, com.google.android.music.store.LocalPlayQueue@7242402]
11-16 13:16:11.251: D/MusicServiceTask(32325): ReloadStateTask submitToMainThread: message=[STATE_RELOADED, com.google.android.music.store.LocalPlayQueue@7242402]
11-16 13:16:11.251: D/MusicServiceTask(32325): ReloadStateTask submitToMainThread: message=[FINISHED, null]
11-16 13:16:11.251: I/MusicPlaybackService(32325): v2 State reloaded PlaybackServiceState {mQueuePosition=-1, mQueueLength=0, mQueueItem=null, mPlayerState=0, mElapsedPlayPosition=0, mMix=null, mRepeatMode=0, mShuffleMode=0, mAdReason=0, mAudioSessionId=-1, mRouteType=0, mIsCurrentTrackFullyBuffered=false, mCastNotificationState=[INACTIVE, Optional.absent(), false], mTrackDownloadProgress=null, mIsSystemGaplessEnabled=true}
11-16 13:16:11.252: D/NowPlayingArt(32325): loadArt called for null
11-16 13:16:11.259: I/MusicPlaybackService(32325): v2 processing queued intent Intent { act=com.google.android.music.clearqueue cmp=com.google.android.music/.playback2.MusicPlaybackService }
11-16 13:16:11.259: I/MusicPlaybackService(32325): v2 onStartCommand: intent=Intent { act=com.google.android.music.clearqueue cmp=com.google.android.music/.playback2.MusicPlaybackService } extras=NULL
11-16 13:16:11.260: I/PlaybackManager(32325): v2 clearQueue
11-16 13:16:11.260: I/PlaybackManager(32325): v2 clearMixDescriptor
11-16 13:16:11.260: D/PlayPositionManager(32325): performing playposition (BEFORE_CLEAR_QUEUE)
11-16 13:16:11.261: I/MusicPlaybackService(32325): v2 onPlayStateChanged: IDLE
11-16 13:16:11.261: I/MusicPlaybackService(32325): v2 handlePlayerStateChanged to IDLE with context null
11-16 13:16:11.261: I/TaskManagerImpl(32325): Task finished: com.google.android.music.playback2.tasks.ReloadStateTask@5c6b477
11-16 13:16:11.261: D/MusicProfiler(32325): TaskManagerImpl duration=0081ms task=com.google.android.music.playback2.tasks.ReloadStateTask@5c6b477
11-16 13:16:11.261: I/TaskManagerImpl(32325): onStartNextTask current task: null
11-16 13:16:11.262: I/TaskManagerImpl(32325): starting next task: com.google.android.music.playback2.tasks.ClearQueueTask@8e82113 at time 36212028
11-16 13:16:11.262: D/MusicServiceTask(32325): ClearQueueTask submitToBackground: callable=com.google.android.music.playback2.callables.ClearQueueCallable@c9c0f50
11-16 13:16:11.264: D/CallableWrapper(32325): Calling callable=com.google.android.music.playback2.callables.ClearQueueCallable@c9c0f50
11-16 13:16:11.268: D/MusicLifecycle(32325): com.google.android.music.playback.NowPlayingHomeWidgetProvider generated event: Broadcast received with context com.google.android.music.ui.PhoneMusicApplication@25cf8af and intent Intent { act=com.google.android.music.playback.FORCE_WIDGET_PROVIDER_REFRESH flg=0x10 }
11-16 13:16:11.271: D/MusicPlaybackService(32325): v2 notifyPlayStateChanged
11-16 13:16:11.271: V/BroadcastManager(32325): v2 com.android.music.playstatechanged
11-16 13:16:11.274: D/NowPlayingArt(32325): loadArt called for null
11-16 13:16:11.277: I/TaskManagerImpl(32325): onStartNextTask current task: com.google.android.music.playback2.tasks.ClearQueueTask@8e82113
11-16 13:16:11.281: D/CallableWrapper(32325): Finished callable=com.google.android.music.playback2.callables.ClearQueueCallable@c9c0f50
11-16 13:16:11.281: D/MusicProfiler(32325): callable: duration=0018ms name=ClearQueueCallable
11-16 13:16:11.282: D/MusicLifecycle(32325): com.google.android.music.playback2.MusicPlaybackService$4 generated event: Broadcast received with context com.google.android.music.playback2.MusicPlaybackService@5ed7c2a and intent Intent { act=com.android.music.playstatechanged flg=0x10000010 (has extras) }
11-16 13:16:11.283: D/MusicLifecycle(32325): com.google.android.music.playback.NowPlayingHomeWidgetProvider generated event: Broadcast received with context com.google.android.music.ui.PhoneMusicApplication@25cf8af and intent Intent { act=com.google.android.music.playback.FORCE_WIDGET_PROVIDER_REFRESH flg=0x10 }
11-16 13:16:11.283: I/MusicPlaybackService(32325): v2 handleUpdateQueueState: with state [PlayQueueState: position=-1, length=0, currentItem=null, shuffleMode=0]
11-16 13:16:11.283: D/PlaybackManager(32325): v2 attempt feedQueueIfNeeded queueLength=0 isInCloudQueueMode()=false mIsEndOfFeed=false isRadio()=false
11-16 13:16:11.283: D/MusicPlaybackService(32325): v2 notifyQueueChanged
11-16 13:16:11.283: V/BroadcastManager(32325): v2 com.android.music.queuechanged
11-16 13:16:11.284: W/BroadcastManager(32325): setQueueItemExtras with a null queue item PlaybackServiceState {mQueuePosition=-1, mQueueLength=0, mQueueItem=null, mPlayerState=0, mElapsedPlayPosition=0, mMix=null, mRepeatMode=0, mShuffleMode=0, mAdReason=0, mAudioSessionId=-1, mRouteType=0, mIsCurrentTrackFullyBuffered=false, mCastNotificationState=[INACTIVE, Optional.absent(), false], mTrackDownloadProgress=null, mIsSystemGaplessEnabled=true}
11-16 13:16:11.292: I/PlaybackManager(32325): v2 prepareNextTrack for position 0
11-16 13:16:11.293: I/PlaybackManager(32325): v2 prepareNextTrack - end of songlist
11-16 13:16:11.293: D/MediaPlayerController(32325): prepareNext null
11-16 13:16:11.293: D/MusicServiceTask(32325): ClearQueueTask Deliver message: taskMessage=[UPDATED_QUEUE_RESULT, null]
11-16 13:16:11.293: D/MusicServiceTask(32325): ClearQueueTask submitToMainThread: message=[UPDATED_QUEUE_RESULT, null]
11-16 13:16:11.293: D/MusicServiceTask(32325): ClearQueueTask submitToMainThread: message=[FINISHED, null]
11-16 13:16:11.295: I/PlaybackManager(32325): v2 onTaskMessage taskMessage=[UPDATED_QUEUE_RESULT, null]
11-16 13:16:11.295: I/MusicPlaybackService(32325): v2 onPlayStateChanged: IDLE
11-16 13:16:11.295: I/MusicPlaybackService(32325): v2 handlePlayerStateChanged to IDLE with context null
11-16 13:16:11.295: I/PlaybackManager(32325): v2 clearMixDescriptor
11-16 13:16:11.295: I/TaskManagerImpl(32325): Task finished: com.google.android.music.playback2.tasks.ClearQueueTask@8e82113
11-16 13:16:11.295: D/MusicProfiler(32325): TaskManagerImpl duration=0033ms task=com.google.android.music.playback2.tasks.ClearQueueTask@8e82113
11-16 13:16:11.295: I/TaskManagerImpl(32325): onStartNextTask current task: null
11-16 13:16:11.297: D/MusicPlaybackService(32325): v2 notifyPlayStateChanged
11-16 13:16:11.297: V/BroadcastManager(32325): v2 com.android.music.playstatechanged
11-16 13:16:11.300: D/NowPlayingArt(32325): loadArt called for null
11-16 13:16:11.301: D/MusicLifecycle(32325): com.google.android.music.playback2.MusicPlaybackService$4 generated event: Broadcast received with context com.google.android.music.playback2.MusicPlaybackService@5ed7c2a and intent Intent { act=com.android.music.playstatechanged flg=0x10000010 (has extras) }
11-16 13:16:11.303: D/MusicLifecycle(32325): com.google.android.music.playback.NowPlayingHomeWidgetProvider generated event: Broadcast received with context com.google.android.music.ui.PhoneMusicApplication@25cf8af and intent Intent { act=com.google.android.music.playback.FORCE_WIDGET_PROVIDER_REFRESH flg=0x10 }
11-16 13:16:11.331: I/zygote64(911): Background concurrent copying GC freed 67966(4MB) AllocSpace objects, 114(2MB) LOS objects, 42% free, 14MB/24MB, paused 210us total 116.273ms
11-16 13:16:11.426: I/dex2oat(32402): dex2oat took 1.424s (2.587s cpu) (threads: 4) arena alloc=122KB (125144B) java alloc=6MB (7239712B) native alloc=7MB (8295720B) free=2MB (2714328B)
11-16 13:16:11.572: W/ActivityManager(911): Slow operation: 121ms so far, now at getContentProviderImpl: after checkContentProviderPermission
11-16 13:16:11.572: W/ActivityManager(911): Slow operation: 122ms so far, now at getContentProviderImpl: incProviderCountLocked
11-16 13:16:11.573: W/ActivityManager(911): Slow operation: 122ms so far, now at getContentProviderImpl: before updateLruProcess
11-16 13:16:11.573: W/ActivityManager(911): Slow operation: 122ms so far, now at getContentProviderImpl: after updateLruProcess
11-16 13:16:11.573: W/ActivityManager(911): Slow operation: 122ms so far, now at getContentProviderImpl: before updateOomAdj
11-16 13:16:11.573: W/ActivityManager(911): Slow operation: 122ms so far, now at getContentProviderImpl: after updateOomAdj
11-16 13:16:11.573: W/ActivityManager(911): Slow operation: 122ms so far, now at getContentProviderImpl: done!
11-16 13:16:11.575: W/ChimeraUtils(6696): Non Chimera context
11-16 13:16:11.592: D/VoldConnector(911): SND -> {14 volume remount_uid 10131 read}
11-16 13:16:11.575: W/ChimeraUtils(6696): Non Chimera context
11-16 13:16:11.592: I/GnssLocationProvider(911): WakeLock acquired by sendMessage(SET_REQUEST, 0, com.android.server.location.GnssLocationProvider$GpsRequest@5483f6f)
11-16 13:16:11.592: D/vold(509): Remounting 10131 as mode read
11-16 13:16:11.594: I/GnssLocationProvider(911): WakeLock released by handleMessage(SET_REQUEST, 0, com.android.server.location.GnssLocationProvider$GpsRequest@5483f6f)
11-16 13:16:11.598: I/GnssLocationProvider(911): WakeLock acquired by sendMessage(SET_REQUEST, 0, com.android.server.location.GnssLocationProvider$GpsRequest@1f1047c)
11-16 13:16:11.598: I/GnssLocationProvider(911): WakeLock released by handleMessage(SET_REQUEST, 0, com.android.server.location.GnssLocationProvider$GpsRequest@1f1047c)
11-16 13:16:11.600: I/GnssLocationProvider(911): WakeLock acquired by sendMessage(SET_REQUEST, 0, com.android.server.location.GnssLocationProvider$GpsRequest@6e4e105)
11-16 13:16:11.601: I/GnssLocationProvider(911): WakeLock released by handleMessage(SET_REQUEST, 0, com.android.server.location.GnssLocationProvider$GpsRequest@6e4e105)
11-16 13:16:11.610: D/VoldConnector(911): RCV <- {200 14 Command succeeded}
11-16 13:16:11.610: D/VoldConnector(911): [ 11-16 13:16:11.617   659: 1155 E/         ]
11-16 13:16:11.610: D/VoldConnector(911): Couldn't opendir /data/app/vmdl2144846677.tmp: No such file or directory
11-16 13:16:11.618: E/installd(659): Failed to delete /data/app/vmdl2144846677.tmp: No such file or directory
11-16 13:16:11.623: I/Pm(32387): Package com.example.myapplication installed in 2149 ms
11-16 13:16:11.624: D/PackageInstaller(911): Ignoring abandon after commit relinquished control
11-16 13:16:11.625: I/app_process(32387): System.exit called, status: 0
11-16 13:16:11.625: I/AndroidRuntime(32387): VM exiting with result code 0.
11-16 13:16:11.656: I/CarrierServices(3018): [2] RcsAutoStartReceiver.b: carrierServicesJibeServiceEnabled changed from true to true
11-16 13:16:11.661: I/CarrierServices(3018): [2] RcsAutoStartReceiver.b: enableRcs changed from true to true
11-16 13:16:11.664: I/CarrierServices(3018): [2] RcsAutoStartReceiver.b: RcsAutoStartReceiver triggered. Fetching RCS State. Action: android.intent.action.PACKAGE_ADDED
11-16 13:16:11.669: I/InputReader(911): Reconfiguring input devices.  changes=0x00000010
11-16 13:16:11.685: I/CarrierServices(3018): [2] aws.a: Migration binding to RcsMigrationService
11-16 13:16:11.695: I/Bugle(31778): returning RCS state provider.
11-16 13:16:11.705: I/CarrierServices(31778): [567] ieq.a: Sim state is not ready. Returning last known operation mode.
11-16 13:16:11.706: I/CarrierServices(3018): [238] awt.doInBackground: Saving RCS State
11-16 13:16:11.707: I/CarrierServices(3018): [238] awt.doInBackground: Old operation mode: 0
11-16 13:16:11.712: W/GCM(6696): Unexpected forwarded intent: Intent { act=android.intent.action.PACKAGE_ADDED dat=package:com.example.myapplication flg=0x4000010 cmp=com.google.android.gms/.chimera.PersistentIntentOperationService (has extras) }
11-16 13:16:11.722: D/CarrierSvcBindHelper(1421): No carrier app for: 0
11-16 13:16:11.725: W/GCM(6696): Unexpected forwarded intent: Intent { act=android.intent.action.PACKAGE_ADDED dat=package:com.example.myapplication flg=0x4000010 cmp=com.google.android.gms/.chimera.PersistentIntentOperationService (has extras) }
11-16 13:16:11.734: E/VvmPkgInstalledRcvr(1421): cannot create TelephonyManager from ComponentInfo{com.android.phone/com.android.services.telephony.TelephonyConnectionService}, [****], UserHandle{0}
11-16 13:16:11.734: D/ImsResolver(1421): maybeAddedImsService, packageName: com.example.myapplication
11-16 13:16:11.736: D/CarrierConfigLoader(1421): mHandler: 9 phoneId: 0
11-16 13:16:11.743: I/CarrierServices(3018): [238] awt.doInBackground: New operation mode: 0
11-16 13:16:11.744: I/CarrierServices(3018): [2] aww.a: Unbinding RcsMigrationService
11-16 13:16:11.747: E/ExecutionCriteria(6696): Package unavailable for task: com.google.android.videos/com.google.android.apps.play.movies.common.service.player.logging.QoePingService{u=0 tag="flush_qoe_logs" trigger=window{period=86400s,flex=86400s,earliest=-45539698s,latest=-45453298s} requirements=[NET_UNMETERED,CHARGING] attributes=[PERSISTED,RECURRING] scheduled=-45539698s last_run=N/A jid=N/A status=PENDING retries=0 client_lib=MANCHEGO_GCM-10400000}
11-16 13:16:11.752: E/ExecutionCriteria(6696): Package unavailable for task: com.google.android.videos/com.google.android.apps.play.movies.common.service.drm.RefreshLicenseTaskService{u=0 tag="refresh_license" trigger=window{period=172800s,flex=172800s,earliest=-45453298s,latest=-45280498s} requirements=[NET_CONNECTED] attributes=[PERSISTED,RECURRING] scheduled=-45453298s last_run=N/A jid=N/A status=PENDING retries=0 client_lib=MANCHEGO_GCM-10400000}
11-16 13:16:11.759: I/Auth(7836): [SupervisedAccountIntentOperation] onHandleIntent(): android.intent.action.PACKAGE_ADDED
11-16 13:16:11.759: I/zygote64(7836): Deoptimizing java.lang.Object becx.a(becw) due to JIT inline cache
11-16 13:16:11.781: I/Telecom(911): DefaultDialerCache: Refreshing default dialer for user 0: now com.google.android.dialer: DDC.oR@AHc
11-16 13:16:11.788: E/ExecutionCriteria(6696): Package unavailable for task: com.google.android.videos/com.google.android.apps.play.movies.common.FlushLogsTaskService{u=0 tag="flush_logs" trigger=window{period=86400s,flex=57600s,earliest=-7369s,latest=50230s} requirements=[NET_UNMETERED,CHARGING] attributes=[PERSISTED,RECURRING] scheduled=-36169s last_run=N/A jid=N/A status=PENDING retries=0 client_lib=MANCHEGO_GCM-10400000}
11-16 13:16:11.801: D/RegisteredNfcFServicesCache(1919): Service unchanged, not updating
11-16 13:16:11.803: I/ChromeSync(7836): [Sync,SyncIntentOperation] Handling the intent: Intent { act=android.intent.action.PACKAGE_ADDED dat=package:com.example.myapplication flg=0x4000010 cmp=com.google.android.gms/.chimera.GmsIntentOperationService (has extras) }.
11-16 13:16:11.807: W/SearchableInfo(911): Invalid searchable metadata for com.google.android.gms/.nearby.sharing.ContactSelectActivity: Search label must be a resource reference.
11-16 13:16:11.809: I/ChromeSync(7836): [Persistence,AffiliationManager] One of affiliation or grouping data for android://N50vJU0zrJ8WOzDt6r3GDtfqrkROFOSiqHcmppwn3vxaRC4hFpNn4UsL7XlvjtlfcWuDAQhmck0qjQPwsrpMNg==@com.example.myapplication/ was not found. Marking affiliation data as stale...
11-16 13:16:11.881: E/ExecutionCriteria(6696): Package unavailable for task: com.google.android.apps.gcs/.service.WfaStateTaskService{u=0 tag="WfaStateTask" trigger=window{period=518400s,flex=86400s,earliest=395828s,latest=482228s} requirements=[NET_ANY] attributes=[PERSISTED,RECURRING] scheduled=-36171s last_run=N/A jid=N/A status=PENDING retries=0 client_lib=MANCHEGO_GCM-11732000}
11-16 13:16:11.900: D/AndroidRuntime(32466): >>>>>> START com.android.internal.os.RuntimeInit uid 2000 <<<<<<
11-16 13:16:11.910: I/ChromeSync(7836): [Persistence,AffiliationManager] Failed to get password domain for package: com.vzw.apnlib
11-16 13:16:11.925: I/zygote64(911): Background concurrent copying GC freed 49153(2MB) AllocSpace objects, 10(212KB) LOS objects, 42% free, 15MB/27MB, paused 216us total 309.864ms
11-16 13:16:11.956: I/ChromeSync(7836): [Persistence,AffiliationManager] Failed to get password domain for package: com.vzw.apnservice
11-16 13:16:11.999: I/ChromeSync(7836): [Persistence,AffiliationManager] Failed to get password domain for package: com.motricity.verizon.ssodownloadable
11-16 13:16:12.013: D/AndroidRuntime(32466): Calling main entry com.android.commands.pm.Pm
11-16 13:16:12.021: E/asset(32494): setgid: Operation not permitted
11-16 13:16:12.025: I/ChromeSync(7836): [Persistence,AffiliationManager] Fetching affiliations from the server.
11-16 13:16:12.131: E/ExecutionCriteria(6696): Package unavailable for task: com.google.android.videos/com.google.android.apps.play.movies.common.service.player.logging.QoePingService{u=0 tag="flush_qoe_logs" trigger=window{period=86400s,flex=86400s,earliest=-45539698s,latest=-45453298s} requirements=[NET_UNMETERED,CHARGING] attributes=[PERSISTED,RECURRING] scheduled=-45539698s last_run=N/A jid=N/A status=PENDING retries=0 client_lib=MANCHEGO_GCM-10400000}
11-16 13:16:12.131: E/ExecutionCriteria(6696): Package unavailable for task: com.google.android.videos/com.google.android.apps.play.movies.common.service.drm.RefreshLicenseTaskService{u=0 tag="refresh_license" trigger=window{period=172800s,flex=172800s,earliest=-45453298s,latest=-45280498s} requirements=[NET_CONNECTED] attributes=[PERSISTED,RECURRING] scheduled=-45453298s last_run=N/A jid=N/A status=PENDING retries=0 client_lib=MANCHEGO_GCM-10400000}
11-16 13:16:12.132: E/ExecutionCriteria(6696): Package unavailable for task: com.google.android.videos/com.google.android.apps.play.movies.common.FlushLogsTaskService{u=0 tag="flush_logs" trigger=window{period=86400s,flex=57600s,earliest=-7370s,latest=50229s} requirements=[NET_UNMETERED,CHARGING] attributes=[PERSISTED,RECURRING] scheduled=-36170s last_run=N/A jid=N/A status=PENDING retries=0 client_lib=MANCHEGO_GCM-10400000}
11-16 13:16:12.135: E/ExecutionCriteria(6696): Package unavailable for task: com.google.android.apps.gcs/.service.WfaStateTaskService{u=0 tag="WfaStateTask" trigger=window{period=518400s,flex=86400s,earliest=395828s,latest=482228s} requirements=[NET_ANY] attributes=[PERSISTED,RECURRING] scheduled=-36171s last_run=N/A jid=N/A status=PENDING retries=0 client_lib=MANCHEGO_GCM-11732000}
11-16 13:16:12.160: I/zygote64(32431): Method exceeds compiler instruction limit: 17354 in void gen_binder.root.RootModule$Generated.a(android.content.Context, java.lang.Class, java.lang.Object, aemh)
11-16 13:16:12.270: I/zygote64(6696): Deoptimizing void haj.<init>(android.content.Context) due to JIT inline cache
11-16 13:16:12.271: W/ChimeraUtils(6696): Non Chimera context
11-16 13:16:12.271: W/ChimeraUtils(6696): Non Chimera context
11-16 13:16:12.326: I/PackageManager.DexOptimizer(911): Running dexopt (dexoptNeeded=1) on: /data/app/vmdl1354726716.tmp/base.apk pkg=androidx.test.tools.crawler isa=arm64 dexoptFlags=boot_complete,public target-filter=quicken oatDir=/data/app/vmdl1354726716.tmp/oat sharedLibraries=/system/framework/android.test.runner.jar
11-16 13:16:12.349: I/dex2oat(32501): /system/bin/dex2oat --input-vdex-fd=-1 --output-vdex-fd=17 --compiler-filter=quicken --classpath-dir=/data/app/vmdl1354726716.tmp
11-16 13:16:12.357: I/PeopleChimeraService(7836): onService. callbacks = aalv@2f19e65, request = com.google.android.gms.common.internal.GetServiceRequest@641673a
11-16 13:16:12.396: D/MusicProfiler(32325): http: duration=0584ms uri=https://mclients.googleapis.com/sj/v2.5/config?hl=en_US&tier=none&dv=72101&client-build-type=PROD&alt=json&max-results=0
11-16 13:16:12.398: W/ChimeraUtils(6696): Non Chimera context
11-16 13:16:12.398: W/ChimeraUtils(6696): Non Chimera context
11-16 13:16:12.510: I/PeopleDatabaseHelper(7836): cleanUpNonGplusAccounts done.
11-16 13:16:12.526: I/zygote64(7836): Deoptimizing void smr.a(android.os.Parcel, int, android.os.Parcelable[], int) due to JIT inline cache
11-16 13:16:12.559: W/ChimeraUtils(6696): Non Chimera context
11-16 13:16:12.614: I/ActivityManager(911): Start proc 32509:com.google.android.calendar/u0a68 for broadcast com.google.android.calendar/.timely.settings.RecentAndDefaultNotificationsFactory$AccountRemovedBroadcastReceiver
11-16 13:16:12.670: I/ConfigSyncHelper(32325): User gained Woodstock.
11-16 13:16:12.704: I/ConfigSyncHelper(32325): Nautilus trial became available.
11-16 13:16:12.704: I/ConfigSyncHelper(32325): Nautilus purchase became available.
11-16 13:16:12.721: I/MusicExperimentManager(32325): Received config change, experiments list is 12600335,12600357,12600390,12600394,12600397,12600426,12600428,12600430,12600439,12600446,12600465,12600466,12600467,12600506,12600526,12600530,12600536,12602068,12604244,12604245,12604246,12611729,12612165,12612247,12616614,12616615,12617467,12619023,12619033,12619127,12620830,12625361,12625500,12625941,12626008,12626945,12627281,12627951,12628654,12629142,12629667,12630065,12630209,12631091,12632064,12632720,12633320,12634000,12635213,12636020,12641074,12641834,12641837,12642011,12642809,12643537,12648818,12649047,12650284,12650285,12652170,12653224,12653393,12653567,12655808,12656567,12657925,12658555,12658847,12660587,12664007,12664317,12664580,12667660,12667670,12669086,12669482,12671098,12671859,12672110,20350003,20350004,20350006
11-16 13:16:12.760: D/AwarenessRouter(32325): 0 new fences
11-16 13:16:12.763: D/AwarenessRouter(32325): 0 fences already registered
11-16 13:16:12.774: D/AwarenessRouter(32325): Successfully removed 0 context fences
11-16 13:16:12.843: E/zygote64(32509): The String#value field is not present on Android versions >= 6.0
11-16 13:16:12.887: I/ActivityManager(911): Start proc 32533:com.android.providers.calendar/u0a6 for content provider com.android.providers.calendar/.CalendarProvider2
11-16 13:16:12.903: W/Primes(32509): Primes not initialized, returning default (no-op) Primes instance which will ignore all calls. Please call Primes.initialize(...) before using any Primes API.
11-16 13:16:12.937: I/zygote64(32325): Waiting for a blocking GC ProfileSaver
11-16 13:16:12.958: I/ActivityManager(911): Start proc 32549:com.google.android.configupdater/u0a10 for service com.google.android.configupdater/.MainJobService
11-16 13:16:12.981: I/dex2oat(32501): dex2oat took 633.232ms (1.069s cpu) (threads: 4) arena alloc=3KB (3632B) java alloc=2047KB (2096328B) native alloc=4MB (4383984B) free=2MB (2431760B)
11-16 13:16:12.987: I/CalendarProvider2(32533): Created com.android.providers.calendar.CalendarAlarmManager@8b3b67e(com.android.providers.calendar.CalendarProvider2@99347df)
11-16 13:16:13.004: I/Icing(7836): Indexing com.google.android.gms-internal.3p:MobileApplication from com.google.android.gms
11-16 13:16:13.026: I/Icing(7836): Indexing com.google.android.gms-apps from com.google.android.gms
