11-16 13:16:03.745: I/DynamiteModule(7836): Considering local module providerinstaller:0 and remote module providerinstaller:0
11-16 13:16:03.746: W/ProviderInstaller(7836): Failed to load providerinstaller module: No acceptable module found. Local version is 0 and remote version is 0.
11-16 13:16:03.750: I/TestSupport(7836): AwaitCommitOperation: FlagOverride(com.google.android.gms.auth.api.credentials, , Flag(SaveStrategy__enableSaving, false, 2, 0), true) committed
11-16 13:16:03.751: I/TestSupport(7836): AwaitCommitOperation: no more uncommitted overrides
11-16 13:16:03.752: I/zygote64(31898): Waiting for a blocking GC ProfileSaver
11-16 13:16:03.763: W/DynamiteModule(32036): Local module descriptor class for providerinstaller not found.
11-16 13:16:03.763: I/zygote64(31898): WaitForGcToComplete blocked for 11.328ms for cause ProfileSaver
11-16 13:16:03.782: E/ExecutionCriteria(6696): Package unavailable for task: com.google.android.videos/com.google.android.apps.play.movies.common.FlushLogsTaskService{u=0 tag="flush_logs" trigger=window{period=86400s,flex=57600s,earliest=-7361s,latest=50238s} requirements=[NET_UNMETERED,CHARGING] attributes=[PERSISTED,RECURRING] scheduled=-36161s last_run=N/A jid=N/A status=PENDING retries=0 client_lib=MANCHEGO_GCM-10400000}
11-16 13:16:03.788: W/ProviderHelper(32036): Unknown dynamite feature providerinstaller
11-16 13:16:03.799: I/PTCommittedOperation(6696): Receive new configuration for com.google.android.gms.auth.api.credentials
11-16 13:16:03.800: I/DynamiteModule(32036): Considering local module providerinstaller:0 and remote module providerinstaller:0
11-16 13:16:03.801: W/ProviderInstaller(32036): Failed to load providerinstaller module: No acceptable module found. Local version is 0 and remote version is 0.
11-16 13:16:03.814: I/GmsModuleFndr(7836): Beginning GMS chimera module scan
11-16 13:16:03.814: V/NativeCrypto(32036): Registering com/google/android/gms/org/conscrypt/NativeCrypto's 284 native methods...
11-16 13:16:03.834: I/TestSupport(7836): AwaitCommitOperation: *
11-16 13:16:03.847: W/ModuleInitIntentOp(7836): Dropping unexpected action com.google.android.gms.phenotype.COMMITTED
11-16 13:16:03.852: E/ExecutionCriteria(6696): Package unavailable for task: com.google.android.apps.gcs/.service.WfaStateTaskService{u=0 tag="WfaStateTask" trigger=window{period=518400s,flex=86400s,earliest=395836s,latest=482236s} requirements=[NET_ANY] attributes=[PERSISTED,RECURRING] scheduled=-36163s last_run=N/A jid=N/A status=PENDING retries=0 client_lib=MANCHEGO_GCM-11732000}
11-16 13:16:03.854: I/ModuleSetMgr(7836): Computing pending module set with APKs: {zapp:/AdsFdrDynamite.integ/21001000000, file:///data/app/com.google.android.gms-WX46dZae9nb9FRIO2lPwbw%3D%3D/base.apk, zapp:/VisionOcr.optional/19420000400, zapp:/Payments.integ/19677002000400, zapp:/PaymentsDynamite.integ/19677002000400}
11-16 13:16:03.864: I/MS_RegisterService(7836): Tachyon host: instantmessaging-pa.googleapis.com, Tachyon port: 443
11-16 13:16:03.870: D/NetworkSecurityConfig(32036): Using Network Security Config from resource network_security_config debugBuild: false
11-16 13:16:03.874: I/ProviderInstaller(32036): Installed default security provider GmsCore_OpenSSL
11-16 13:16:03.876: I/MS_Utils(7836): version of com.google.android.apps.maps = 978102040
11-16 13:16:03.901: I/Safeboot(32036): Checking safeboot...
11-16 13:16:03.902: I/Safeboot(32036): Not entering safeboot; wrong process.
11-16 13:16:03.918: I/MS_RegisterService(7836): RegisterService intent:Intent { act=com.google.android.gms.matchstick.register_intent_action cat=[targeted_intent_op_prefix:com.google.android.libraries.matchstick.net.SilentRegisterIntentOperation] cmp=com.google.android.gms/.chimera.GmsIntentOperationService } isPeriodic:false
11-16 13:16:03.952: I/ModuleSetUtils(7836): Assembling ModuleSetRecord for ads_fdr:210015,container:19420+vision.ocr,payments:1967700: [zapp:/VisionOcr.optional/19420000400, zapp:/AdsFdrDynamite.integ/21001000000, zapp:/Payments.integ/19677002000400, zapp:/PaymentsDynamite.integ/19677002000400]
11-16 13:16:03.975: I/ModuleSetMgr(7836): Pending container Zapp APKs: [zapp:/VisionOcr.optional/19420000400]
11-16 13:16:03.975: I/ModuleSetMgr(7836): Pending non-container Zapp APKs: [zapp:/AdsFdrDynamite.integ/21001000000, zapp:/Payments.integ/19677002000400, zapp:/PaymentsDynamite.integ/19677002000400]
11-16 13:16:03.982: W/MS_RegisterService(7836): Not eligible for registration.
11-16 13:16:03.993: I/TestSupport(7836): AwaitCommitOperation: FlagOverride(com.google.android.gms.auth.api.credentials, , Flag(SaveStrategy__enableSaving, false, 2, 0), true) committed
11-16 13:16:03.993: I/TestSupport(7836): AwaitCommitOperation: no more uncommitted overrides
11-16 13:16:04.024: W/Thread-4(32074): type=1400 audit(0.0:127): avc: denied { write } for name=".lib.lock" dev="sda35" ino=1180076 scontext=u:r:priv_app:s0:c512,c768 tcontext=u:object_r:system_data_file:s0 tclass=file permissive=0
11-16 13:16:04.032: W/NativeLibraryUtils(32036): Failed to open lock file
11-16 13:16:04.032: W/NativeLibraryUtils(32036): java.io.FileNotFoundException: /data/user_de/0/com.google.android.gms/cache/.lib.lock: open failed: EACCES (Permission denied)
11-16 13:16:04.032: W/NativeLibraryUtils(32036): 	at libcore.io.IoBridge.open(IoBridge.java:512)
11-16 13:16:04.032: W/NativeLibraryUtils(32036): 	at java.io.RandomAccessFile.<init>(RandomAccessFile.java:255)
11-16 13:16:04.032: W/NativeLibraryUtils(32036): 	at tbv.d(:com.google.android.gms@19420019@19.4.20 (040400-271418971):5)
11-16 13:16:04.032: W/NativeLibraryUtils(32036): 	at rxr.run(Unknown Source:2)
11-16 13:16:04.032: W/NativeLibraryUtils(32036): Caused by: android.system.ErrnoException: open failed: EACCES (Permission denied)
11-16 13:16:04.032: W/NativeLibraryUtils(32036): 	at libcore.io.Linux.open(Native Method)
11-16 13:16:04.032: W/NativeLibraryUtils(32036): 	at libcore.io.BlockGuardOs.open(BlockGuardOs.java:207)
11-16 13:16:04.032: W/NativeLibraryUtils(32036): 	at libcore.io.IoBridge.open(IoBridge.java:498)
11-16 13:16:04.032: W/NativeLibraryUtils(32036): 	... 3 more
11-16 13:16:04.049: W/Primes(32036): Primes not initialized, returning default (no-op) Primes instance which will ignore all calls. Please call Primes.initialize(...) before using any Primes API.
11-16 13:16:04.050: I/SystemUpdate(7836): [Installation,ReceiverIntentOperation] Received intent: Intent { act=com.google.gservices.intent.action.GSERVICES_CHANGED flg=0x1000010 cmp=com.google.android.gms/.chimera.GmsIntentOperationService$PersistentInternalReceiver }.
11-16 13:16:04.070: I/TSDRIVER(31898): Handled command: PACKAGE
11-16 13:16:04.072: I/TSDRIVER(31898): CommandService onHandleIntent()
11-16 13:16:04.072: I/TSDRIVER(31898): Got command: PACKAGE
11-16 13:16:04.072: I/TSDRIVER(31898): flag package: Eh9jb20uZ29vZ2xlLmFuZHJvaWQuZ21zLmF1dG9maWxsGhQKEGF1dG9maWxsX2VuYWJsZWQYAA
11-16 13:16:04.073: I/TSDRIVER(31898): flag package: com.google.android.gms.autofill
11-16 13:16:04.093: I/TestSupport(7836): SetFlagOverridesOperation: com.google.android.gms.autofill, '', [Flag(autofill_enabled, false, 2, 0)]
11-16 13:16:04.131: I/OcrModelUpStIntentOp(7836): Updating ocr activity enabled=true (phenotypeFlag=true, lowRamDevice=false, prereqCheck=true)
11-16 13:16:04.134: I/OcrModelUpStIntentOp(7836): Downloading text recognizer
11-16 13:16:04.166: I/Vision(7836): Requesting optional module download of ocr.
11-16 13:16:04.196: E/ExecutionCriteria(6696): Package unavailable for task: com.google.android.videos/com.google.android.apps.play.movies.common.service.player.logging.QoePingService{u=0 tag="flush_qoe_logs" trigger=window{period=86400s,flex=86400s,earliest=-45539690s,latest=-45453290s} requirements=[NET_UNMETERED,CHARGING] attributes=[PERSISTED,RECURRING] scheduled=-45539690s last_run=N/A jid=N/A status=PENDING retries=0 client_lib=MANCHEGO_GCM-10400000}
11-16 13:16:04.197: E/ExecutionCriteria(6696): Package unavailable for task: com.google.android.videos/com.google.android.apps.play.movies.common.service.drm.RefreshLicenseTaskService{u=0 tag="refresh_license" trigger=window{period=172800s,flex=172800s,earliest=-45453290s,latest=-45280490s} requirements=[NET_CONNECTED] attributes=[PERSISTED,RECURRING] scheduled=-45453290s last_run=N/A jid=N/A status=PENDING retries=0 client_lib=MANCHEGO_GCM-10400000}
11-16 13:16:04.197: I/GmsModuleFndr(7836): Beginning GMS chimera module scan
11-16 13:16:04.205: E/ExecutionCriteria(6696): Package unavailable for task: com.google.android.videos/com.google.android.apps.play.movies.common.FlushLogsTaskService{u=0 tag="flush_logs" trigger=window{period=86400s,flex=57600s,earliest=-7362s,latest=50237s} requirements=[NET_UNMETERED,CHARGING] attributes=[PERSISTED,RECURRING] scheduled=-36162s last_run=N/A jid=N/A status=PENDING retries=0 client_lib=MANCHEGO_GCM-10400000}
11-16 13:16:04.213: I/ModuleSetMgr(7836): Computing pending module set with APKs: {zapp:/AdsFdrDynamite.integ/21001000000, file:///data/app/com.google.android.gms-WX46dZae9nb9FRIO2lPwbw%3D%3D/base.apk, zapp:/VisionOcr.optional/19420000400, zapp:/Payments.integ/19677002000400, zapp:/PaymentsDynamite.integ/19677002000400}
11-16 13:16:04.221: W/DynamiteModule(7836): Local module descriptor class for providerinstaller not found.
11-16 13:16:04.221: I/DynamiteModule(7836): Considering local module providerinstaller:0 and remote module providerinstaller:0
11-16 13:16:04.221: W/ProviderInstaller(7836): Failed to load providerinstaller module: No acceptable module found. Local version is 0 and remote version is 0.
11-16 13:16:04.236: D/AndroidRuntime(32075): >>>>>> START com.android.internal.os.RuntimeInit uid 2000 <<<<<<
11-16 13:16:04.237: I/zygote64(7836): Background concurrent copying GC freed 70084(4MB) AllocSpace objects, 30(1648KB) LOS objects, 49% free, 10MB/20MB, paused 5.683ms total 524.734ms
11-16 13:16:04.250: E/ExecutionCriteria(6696): Package unavailable for task: com.google.android.apps.gcs/.service.WfaStateTaskService{u=0 tag="WfaStateTask" trigger=window{period=518400s,flex=86400s,earliest=395836s,latest=482236s} requirements=[NET_ANY] attributes=[PERSISTED,RECURRING] scheduled=-36163s last_run=N/A jid=N/A status=PENDING retries=0 client_lib=MANCHEGO_GCM-11732000}
11-16 13:16:04.251: I/TestSupport(7836): AwaitCommitOperation: autofill_enabled
11-16 13:16:04.260: I/ModuleSetUtils(7836): Assembling ModuleSetRecord for ads_fdr:210015,container:19420+vision.ocr,payments:1967700: [zapp:/VisionOcr.optional/19420000400, zapp:/AdsFdrDynamite.integ/21001000000, zapp:/Payments.integ/19677002000400, zapp:/PaymentsDynamite.integ/19677002000400]
11-16 13:16:04.265: I/ModuleSetMgr(7836): Pending container Zapp APKs: [zapp:/VisionOcr.optional/19420000400]
11-16 13:16:04.266: I/ModuleSetMgr(7836): Pending non-container Zapp APKs: [zapp:/AdsFdrDynamite.integ/21001000000, zapp:/Payments.integ/19677002000400, zapp:/PaymentsDynamite.integ/19677002000400]
11-16 13:16:04.292: W/DynamiteModule(7836): Local module descriptor class for providerinstaller not found.
11-16 13:16:04.292: I/DynamiteModule(7836): Considering local module providerinstaller:0 and remote module providerinstaller:0
11-16 13:16:04.293: W/ProviderInstaller(7836): Failed to load providerinstaller module: No acceptable module found. Local version is 0 and remote version is 0.
11-16 13:16:04.311: I/aobm(6696): updateFromConfigurations using legacy put method [CONTEXT service_id=204 ]
11-16 13:16:04.315: W/DynamiteModule(7836): Local module descriptor class for providerinstaller not found.
11-16 13:16:04.315: I/DynamiteModule(7836): Considering local module providerinstaller:0 and remote module providerinstaller:0
11-16 13:16:04.315: W/ProviderInstaller(7836): Failed to load providerinstaller module: No acceptable module found. Local version is 0 and remote version is 0.
11-16 13:16:04.325: W/DynamiteModule(7836): Local module descriptor class for providerinstaller not found.
11-16 13:16:04.326: I/DynamiteModule(7836): Considering local module providerinstaller:0 and remote module providerinstaller:0
11-16 13:16:04.326: W/ProviderInstaller(7836): Failed to load providerinstaller module: No acceptable module found. Local version is 0 and remote version is 0.
11-16 13:16:04.345: D/AndroidRuntime(32075): Calling main entry com.android.commands.pm.Pm
11-16 13:16:04.347: I/TestSupport(7836): AwaitCommitOperation: uncommitted: FlagOverride(com.google.android.gms.autofill, , Flag(autofill_enabled, false, 2, 0), false)
11-16 13:16:04.347: I/TestSupport(7836): AwaitCommitOperation:  sleeping for 10 msec.
11-16 13:16:04.352: I/app_process(32075): System.exit called, status: 0
11-16 13:16:04.352: I/AndroidRuntime(32075): VM exiting with result code 0.
11-16 13:16:04.370: W/ChimeraUtils(7836): Non Chimera context
11-16 13:16:04.370: W/ChimeraUtils(7836): Non Chimera context
11-16 13:16:04.371: W/DynamiteModule(7836): Local module descriptor class for providerinstaller not found.
11-16 13:16:04.371: I/DynamiteModule(7836): Considering local module providerinstaller:0 and remote module providerinstaller:0
11-16 13:16:04.371: W/ProviderInstaller(7836): Failed to load providerinstaller module: No acceptable module found. Local version is 0 and remote version is 0.
11-16 13:16:04.378: I/CAR.SETUP(7836): update Car DrivingMode components to false [CONTEXT service_id=13 ]
11-16 13:16:04.380: W/DynamiteModule(7836): Local module descriptor class for providerinstaller not found.
11-16 13:16:04.381: I/DynamiteModule(7836): Considering local module providerinstaller:0 and remote module providerinstaller:0
11-16 13:16:04.381: I/ChromeSync(7836): [Sync,SyncIntentOperation] Handling the intent: Intent { act=com.google.gservices.intent.action.GSERVICES_CHANGED flg=0x1000010 cmp=com.google.android.gms/.chimera.GmsIntentOperationService$PersistentInternalReceiver }.
11-16 13:16:04.381: W/ProviderInstaller(7836): Failed to load providerinstaller module: No acceptable module found. Local version is 0 and remote version is 0.
11-16 13:16:04.391: I/MobileDataHub(7836): Scheduling periodic tasks
11-16 13:16:04.391: W/DynamiteModule(7836): Local module descriptor class for providerinstaller not found.
11-16 13:16:04.391: I/DynamiteModule(7836): Considering local module providerinstaller:0 and remote module providerinstaller:0
11-16 13:16:04.391: W/ProviderInstaller(7836): Failed to load providerinstaller module: No acceptable module found. Local version is 0 and remote version is 0.
11-16 13:16:04.403: W/DynamiteModule(7836): Local module descriptor class for providerinstaller not found.
11-16 13:16:04.404: I/DynamiteModule(7836): Considering local module providerinstaller:0 and remote module providerinstaller:0
11-16 13:16:04.404: W/ProviderInstaller(7836): Failed to load providerinstaller module: No acceptable module found. Local version is 0 and remote version is 0.
11-16 13:16:04.405: I/SystemUpdate(7836): [Installation,ReceiverIntentOperation] Received intent: Intent { act=com.google.gservices.intent.action.GSERVICES_CHANGED flg=0x1000010 cmp=com.google.android.gms/.chimera.GmsIntentOperationService$PersistentInternalReceiver }.
11-16 13:16:04.406: I/OcrModelUpStIntentOp(7836): Updating ocr activity enabled=true (phenotypeFlag=true, lowRamDevice=false, prereqCheck=true)
11-16 13:16:04.408: I/OcrModelUpStIntentOp(7836): Downloading text recognizer
11-16 13:16:04.416: W/DynamiteModule(7836): Local module descriptor class for providerinstaller not found.
11-16 13:16:04.417: I/DynamiteModule(7836): Considering local module providerinstaller:0 and remote module providerinstaller:0
11-16 13:16:04.419: W/ProviderInstaller(7836): Failed to load providerinstaller module: No acceptable module found. Local version is 0 and remote version is 0.
11-16 13:16:04.421: I/MS_Utils(7836): version of com.google.android.apps.maps = 978102040
11-16 13:16:04.438: W/DynamiteModule(7836): Local module descriptor class for providerinstaller not found.
11-16 13:16:04.438: I/DynamiteModule(7836): Considering local module providerinstaller:0 and remote module providerinstaller:0
11-16 13:16:04.438: W/ProviderInstaller(7836): Failed to load providerinstaller module: No acceptable module found. Local version is 0 and remote version is 0.
11-16 13:16:04.444: W/DynamiteModule(7836): Local module descriptor class for providerinstaller not found.
11-16 13:16:04.444: I/DynamiteModule(7836): Considering local module providerinstaller:0 and remote module providerinstaller:0
11-16 13:16:04.444: W/ProviderInstaller(7836): Failed to load providerinstaller module: No acceptable module found. Local version is 0 and remote version is 0.
11-16 13:16:04.446: I/MS_RegisterService(7836): Tachyon host: instantmessaging-pa.googleapis.com, Tachyon port: 443
11-16 13:16:04.465: I/Vision(7836): Requesting optional module download of ocr.
11-16 13:16:04.470: W/DynamiteModule(7836): Local module descriptor class for providerinstaller not found.
11-16 13:16:04.470: I/MS_RegisterService(7836): RegisterService intent:Intent { act=com.google.android.gms.matchstick.register_intent_action cat=[targeted_intent_op_prefix:com.google.android.libraries.matchstick.net.SilentRegisterIntentOperation] cmp=com.google.android.gms/.chimera.GmsIntentOperationService } isPeriodic:false
11-16 13:16:04.470: I/DynamiteModule(7836): Considering local module providerinstaller:0 and remote module providerinstaller:0
11-16 13:16:04.470: W/ProviderInstaller(7836): Failed to load providerinstaller module: No acceptable module found. Local version is 0 and remote version is 0.
11-16 13:16:04.492: I/GmsModuleFndr(7836): Beginning GMS chimera module scan
11-16 13:16:04.498: W/MS_RegisterService(7836): Not eligible for registration.
11-16 13:16:04.502: I/TestSupport(7836): AwaitCommitOperation: uncommitted: FlagOverride(com.google.android.gms.autofill, , Flag(autofill_enabled, false, 2, 0), false)
11-16 13:16:04.502: I/TestSupport(7836): AwaitCommitOperation:  sleeping for 20 msec.
11-16 13:16:04.511: I/ModuleSetMgr(7836): Computing pending module set with APKs: {zapp:/AdsFdrDynamite.integ/21001000000, file:///data/app/com.google.android.gms-WX46dZae9nb9FRIO2lPwbw%3D%3D/base.apk, zapp:/VisionOcr.optional/19420000400, zapp:/Payments.integ/19677002000400, zapp:/PaymentsDynamite.integ/19677002000400}
11-16 13:16:04.513: E/ExecutionCriteria(6696): Package unavailable for task: com.google.android.videos/com.google.android.apps.play.movies.common.service.player.logging.QoePingService{u=0 tag="flush_qoe_logs" trigger=window{period=86400s,flex=86400s,earliest=-45539691s,latest=-45453291s} requirements=[NET_UNMETERED,CHARGING] attributes=[PERSISTED,RECURRING] scheduled=-45539691s last_run=N/A jid=N/A status=PENDING retries=0 client_lib=MANCHEGO_GCM-10400000}
11-16 13:16:04.514: E/ExecutionCriteria(6696): Package unavailable for task: com.google.android.videos/com.google.android.apps.play.movies.common.service.drm.RefreshLicenseTaskService{u=0 tag="refresh_license" trigger=window{period=172800s,flex=172800s,earliest=-45453291s,latest=-45280491s} requirements=[NET_CONNECTED] attributes=[PERSISTED,RECURRING] scheduled=-45453291s last_run=N/A jid=N/A status=PENDING retries=0 client_lib=MANCHEGO_GCM-10400000}
11-16 13:16:04.525: E/ExecutionCriteria(6696): Package unavailable for task: com.google.android.videos/com.google.android.apps.play.movies.common.FlushLogsTaskService{u=0 tag="flush_logs" trigger=window{period=86400s,flex=57600s,earliest=-7362s,latest=50237s} requirements=[NET_UNMETERED,CHARGING] attributes=[PERSISTED,RECURRING] scheduled=-36162s last_run=N/A jid=N/A status=PENDING retries=0 client_lib=MANCHEGO_GCM-10400000}
11-16 13:16:04.543: I/ModuleSetUtils(7836): Assembling ModuleSetRecord for ads_fdr:210015,container:19420+vision.ocr,payments:1967700: [zapp:/VisionOcr.optional/19420000400, zapp:/AdsFdrDynamite.integ/21001000000, zapp:/Payments.integ/19677002000400, zapp:/PaymentsDynamite.integ/19677002000400]
11-16 13:16:04.545: I/ModuleSetMgr(7836): Pending container Zapp APKs: [zapp:/VisionOcr.optional/19420000400]
11-16 13:16:04.545: I/ModuleSetMgr(7836): Pending non-container Zapp APKs: [zapp:/AdsFdrDynamite.integ/21001000000, zapp:/Payments.integ/19677002000400, zapp:/PaymentsDynamite.integ/19677002000400]
11-16 13:16:04.561: I/anzs(6696): Removed 0 invalid users [CONTEXT service_id=51 ]
11-16 13:16:04.564: E/ExecutionCriteria(6696): Package unavailable for task: com.google.android.apps.gcs/.service.WfaStateTaskService{u=0 tag="WfaStateTask" trigger=window{period=518400s,flex=86400s,earliest=395835s,latest=482235s} requirements=[NET_ANY] attributes=[PERSISTED,RECURRING] scheduled=-36164s last_run=N/A jid=N/A status=PENDING retries=0 client_lib=MANCHEGO_GCM-11732000}
11-16 13:16:04.578: I/aobm(6696): updateFromConfigurations using legacy put method [CONTEXT service_id=204 ]
11-16 13:16:04.586: I/TestSupport(7836): AwaitCommitOperation: uncommitted: FlagOverride(com.google.android.gms.autofill, , Flag(autofill_enabled, false, 2, 0), false)
11-16 13:16:04.586: I/TestSupport(7836): AwaitCommitOperation:  sleeping for 40 msec.
11-16 13:16:04.599: W/DynamiteModule(7836): Local module descriptor class for providerinstaller not found.
11-16 13:16:04.599: I/DynamiteModule(7836): Considering local module providerinstaller:0 and remote module providerinstaller:0
11-16 13:16:04.599: W/ProviderInstaller(7836): Failed to load providerinstaller module: No acceptable module found. Local version is 0 and remote version is 0.
11-16 13:16:04.608: E/ExecutionCriteria(6696): Package unavailable for task: com.google.android.videos/com.google.android.apps.play.movies.common.service.player.logging.QoePingService{u=0 tag="flush_qoe_logs" trigger=window{period=86400s,flex=86400s,earliest=-45539691s,latest=-45453291s} requirements=[NET_UNMETERED,CHARGING] attributes=[PERSISTED,RECURRING] scheduled=-45539691s last_run=N/A jid=N/A status=PENDING retries=0 client_lib=MANCHEGO_GCM-10400000}
11-16 13:16:04.608: E/ExecutionCriteria(6696): Package unavailable for task: com.google.android.videos/com.google.android.apps.play.movies.common.service.drm.RefreshLicenseTaskService{u=0 tag="refresh_license" trigger=window{period=172800s,flex=172800s,earliest=-45453291s,latest=-45280491s} requirements=[NET_CONNECTED] attributes=[PERSISTED,RECURRING] scheduled=-45453291s last_run=N/A jid=N/A status=PENDING retries=0 client_lib=MANCHEGO_GCM-10400000}
11-16 13:16:04.617: W/DynamiteModule(7836): Local module descriptor class for providerinstaller not found.
11-16 13:16:04.618: I/DynamiteModule(7836): Considering local module providerinstaller:0 and remote module providerinstaller:0
11-16 13:16:04.618: W/ProviderInstaller(7836): Failed to load providerinstaller module: No acceptable module found. Local version is 0 and remote version is 0.
11-16 13:16:04.618: E/ExecutionCriteria(6696): Package unavailable for task: com.google.android.videos/com.google.android.apps.play.movies.common.FlushLogsTaskService{u=0 tag="flush_logs" trigger=window{period=86400s,flex=57600s,earliest=-7362s,latest=50237s} requirements=[NET_UNMETERED,CHARGING] attributes=[PERSISTED,RECURRING] scheduled=-36162s last_run=N/A jid=N/A status=PENDING retries=0 client_lib=MANCHEGO_GCM-10400000}
11-16 13:16:04.625: W/DynamiteModule(7836): Local module descriptor class for providerinstaller not found.
11-16 13:16:04.626: I/DynamiteModule(7836): Considering local module providerinstaller:0 and remote module providerinstaller:0
11-16 13:16:04.626: W/ProviderInstaller(7836): Failed to load providerinstaller module: No acceptable module found. Local version is 0 and remote version is 0.
11-16 13:16:04.630: D/AndroidRuntime(32093): >>>>>> START com.android.internal.os.RuntimeInit uid 2000 <<<<<<
11-16 13:16:04.631: W/DynamiteModule(7836): Local module descriptor class for providerinstaller not found.
11-16 13:16:04.631: I/DynamiteModule(7836): Considering local module providerinstaller:0 and remote module providerinstaller:0
11-16 13:16:04.631: W/ProviderInstaller(7836): Failed to load providerinstaller module: No acceptable module found. Local version is 0 and remote version is 0.
11-16 13:16:04.642: E/ExecutionCriteria(6696): Package unavailable for task: com.google.android.apps.gcs/.service.WfaStateTaskService{u=0 tag="WfaStateTask" trigger=window{period=518400s,flex=86400s,earliest=395835s,latest=482235s} requirements=[NET_ANY] attributes=[PERSISTED,RECURRING] scheduled=-36164s last_run=N/A jid=N/A status=PENDING retries=0 client_lib=MANCHEGO_GCM-11732000}
11-16 13:16:04.652: W/DynamiteModule(7836): Local module descriptor class for providerinstaller not found.
11-16 13:16:04.652: I/DynamiteModule(7836): Considering local module providerinstaller:0 and remote module providerinstaller:0
11-16 13:16:04.652: W/ProviderInstaller(7836): Failed to load providerinstaller module: No acceptable module found. Local version is 0 and remote version is 0.
11-16 13:16:04.664: W/DynamiteModule(7836): Local module descriptor class for providerinstaller not found.
11-16 13:16:04.664: I/DynamiteModule(7836): Considering local module providerinstaller:0 and remote module providerinstaller:0
11-16 13:16:04.664: W/ProviderInstaller(7836): Failed to load providerinstaller module: No acceptable module found. Local version is 0 and remote version is 0.
11-16 13:16:04.677: W/DynamiteModule(7836): Local module descriptor class for providerinstaller not found.
11-16 13:16:04.678: I/DynamiteModule(7836): Considering local module providerinstaller:0 and remote module providerinstaller:0
11-16 13:16:04.678: W/ProviderInstaller(7836): Failed to load providerinstaller module: No acceptable module found. Local version is 0 and remote version is 0.
11-16 13:16:04.686: I/TestSupport(7836): AwaitCommitOperation: uncommitted: FlagOverride(com.google.android.gms.autofill, , Flag(autofill_enabled, false, 2, 0), false)
11-16 13:16:04.686: I/TestSupport(7836): AwaitCommitOperation:  sleeping for 80 msec.
11-16 13:16:04.705: W/DynamiteModule(7836): Local module descriptor class for providerinstaller not found.
11-16 13:16:04.706: I/DynamiteModule(7836): Considering local module providerinstaller:0 and remote module providerinstaller:0
11-16 13:16:04.706: W/ProviderInstaller(7836): Failed to load providerinstaller module: No acceptable module found. Local version is 0 and remote version is 0.
11-16 13:16:04.722: W/DynamiteModule(7836): Local module descriptor class for providerinstaller not found.
11-16 13:16:04.722: I/DynamiteModule(7836): Considering local module providerinstaller:0 and remote module providerinstaller:0
11-16 13:16:04.722: W/ProviderInstaller(7836): Failed to load providerinstaller module: No acceptable module found. Local version is 0 and remote version is 0.
11-16 13:16:04.735: W/DynamiteModule(7836): Local module descriptor class for providerinstaller not found.
11-16 13:16:04.735: I/DynamiteModule(7836): Considering local module providerinstaller:0 and remote module providerinstaller:0
11-16 13:16:04.735: W/ProviderInstaller(7836): Failed to load providerinstaller module: No acceptable module found. Local version is 0 and remote version is 0.
11-16 13:16:04.739: D/AndroidRuntime(32093): Calling main entry com.android.commands.am.Am
11-16 13:16:04.741: W/DynamiteModule(7836): Local module descriptor class for providerinstaller not found.
11-16 13:16:04.741: I/DynamiteModule(7836): Considering local module providerinstaller:0 and remote module providerinstaller:0
11-16 13:16:04.741: W/ProviderInstaller(7836): Failed to load providerinstaller module: No acceptable module found. Local version is 0 and remote version is 0.
11-16 13:16:04.746: I/ActivityManager(911): Force stopping com.google.android.apps.mtaas.tools appid=10116 user=0: start instr
11-16 13:16:04.756: W/DynamiteModule(7836): Local module descriptor class for providerinstaller not found.
11-16 13:16:04.756: I/DynamiteModule(7836): Considering local module providerinstaller:0 and remote module providerinstaller:0
11-16 13:16:04.756: W/ProviderInstaller(7836): Failed to load providerinstaller module: No acceptable module found. Local version is 0 and remote version is 0.
11-16 13:16:04.762: I/ActivityManager(911): Start proc 32102:com.google.android.apps.mtaas.tools/u0a116 for added application com.google.android.apps.mtaas.tools
11-16 13:16:04.763: I/zygote64(6696): Background concurrent copying GC freed 82231(4MB) AllocSpace objects, 7(184KB) LOS objects, 49% free, 7MB/15MB, paused 309us total 155.317ms
11-16 13:16:04.785: I/GmsModuleFndr(7836): Beginning GMS chimera module scan
11-16 13:16:04.798: I/ModuleSetMgr(7836): Computing pending module set with APKs: {zapp:/AdsFdrDynamite.integ/21001000000, file:///data/app/com.google.android.gms-WX46dZae9nb9FRIO2lPwbw%3D%3D/base.apk, zapp:/VisionOcr.optional/19420000400, zapp:/Payments.integ/19677002000400, zapp:/PaymentsDynamite.integ/19677002000400}
11-16 13:16:04.826: D/ChangeLocale(32102): Instrumentation completed successfully
11-16 13:16:04.827: I/ModuleSetUtils(7836): Assembling ModuleSetRecord for ads_fdr:210015,container:19420+vision.ocr,payments:1967700: [zapp:/VisionOcr.optional/19420000400, zapp:/AdsFdrDynamite.integ/21001000000, zapp:/Payments.integ/19677002000400, zapp:/PaymentsDynamite.integ/19677002000400]
11-16 13:16:04.827: I/ActivityManager(911): Force stopping com.google.android.apps.mtaas.tools appid=10116 user=0: finished inst
11-16 13:16:04.827: I/ActivityManager(911): Killing 32102:com.google.android.apps.mtaas.tools/u0a116 (adj 0): stop com.google.android.apps.mtaas.tools
11-16 13:16:04.829: I/ModuleSetMgr(7836): Pending container Zapp APKs: [zapp:/VisionOcr.optional/19420000400]
11-16 13:16:04.829: W/Binder(911): Outgoing transactions from this process must be FLAG_ONEWAY
11-16 13:16:04.829: W/Binder(911): java.lang.Throwable
11-16 13:16:04.829: W/Binder(911): 	at android.os.BinderProxy.transact(Binder.java:736)
11-16 13:16:04.829: W/Binder(911): 	at android.app.IInstrumentationWatcher$Stub$Proxy.instrumentationFinished(IInstrumentationWatcher.java:160)
11-16 13:16:04.829: W/Binder(911): 	at com.android.server.am.InstrumentationReporter$MyThread.run(InstrumentationReporter.java:86)
11-16 13:16:04.829: I/ModuleSetMgr(7836): Pending non-container Zapp APKs: [zapp:/AdsFdrDynamite.integ/21001000000, zapp:/Payments.integ/19677002000400, zapp:/PaymentsDynamite.integ/19677002000400]
11-16 13:16:04.832: D/AndroidRuntime(32093): Shutting down VM
11-16 13:16:04.871: I/ActivityManager(911): Killing 21339:android.process.media/u0a16 (adj 906): empty for 15596s
11-16 13:16:04.880: W/DynamiteModule(7836): Local module descriptor class for providerinstaller not found.
11-16 13:16:04.880: I/DynamiteModule(7836): Considering local module providerinstaller:0 and remote module providerinstaller:0
11-16 13:16:04.880: W/ProviderInstaller(7836): Failed to load providerinstaller module: No acceptable module found. Local version is 0 and remote version is 0.
11-16 13:16:04.896: W/DynamiteModule(7836): Local module descriptor class for providerinstaller not found.
11-16 13:16:04.897: I/DynamiteModule(7836): Considering local module providerinstaller:0 and remote module providerinstaller:0
11-16 13:16:04.897: W/ProviderInstaller(7836): Failed to load providerinstaller module: No acceptable module found. Local version is 0 and remote version is 0.
11-16 13:16:04.903: W/DynamiteModule(7836): Local module descriptor class for providerinstaller not found.
11-16 13:16:04.904: I/DynamiteModule(7836): Considering local module providerinstaller:0 and remote module providerinstaller:0
11-16 13:16:04.904: W/ProviderInstaller(7836): Failed to load providerinstaller module: No acceptable module found. Local version is 0 and remote version is 0.
11-16 13:16:04.908: W/DynamiteModule(7836): Local module descriptor class for providerinstaller not found.
11-16 13:16:04.909: I/DynamiteModule(7836): Considering local module providerinstaller:0 and remote module providerinstaller:0
11-16 13:16:04.909: W/ProviderInstaller(7836): Failed to load providerinstaller module: No acceptable module found. Local version is 0 and remote version is 0.
11-16 13:16:04.928: W/DynamiteModule(7836): Local module descriptor class for providerinstaller not found.
11-16 13:16:04.928: I/DynamiteModule(7836): Considering local module providerinstaller:0 and remote module providerinstaller:0
11-16 13:16:04.928: W/ProviderInstaller(7836): Failed to load providerinstaller module: No acceptable module found. Local version is 0 and remote version is 0.
11-16 13:16:04.931: I/zygote64(7836): Compiler allocated 4MB to compile quw qti.a(android.content.Context, java.util.Set, java.util.Collection, edf, qtk)
11-16 13:16:04.934: W/DynamiteModule(7836): Local module descriptor class for providerinstaller not found.
11-16 13:16:04.935: I/DynamiteModule(7836): Considering local module providerinstaller:0 and remote module providerinstaller:0
11-16 13:16:04.935: W/ProviderInstaller(7836): Failed to load providerinstaller module: No acceptable module found. Local version is 0 and remote version is 0.
11-16 13:16:04.941: W/DynamiteModule(7836): Local module descriptor class for providerinstaller not found.
11-16 13:16:04.941: I/DynamiteModule(7836): Considering local module providerinstaller:0 and remote module providerinstaller:0
11-16 13:16:04.941: W/ProviderInstaller(7836): Failed to load providerinstaller module: No acceptable module found. Local version is 0 and remote version is 0.
11-16 13:16:04.948: W/DynamiteModule(7836): Local module descriptor class for providerinstaller not found.
11-16 13:16:04.948: I/DynamiteModule(7836): Considering local module providerinstaller:0 and remote module providerinstaller:0
11-16 13:16:04.949: W/ProviderInstaller(7836): Failed to load providerinstaller module: No acceptable module found. Local version is 0 and remote version is 0.
11-16 13:16:04.955: W/DynamiteModule(7836): Local module descriptor class for providerinstaller not found.
11-16 13:16:04.956: I/DynamiteModule(7836): Considering local module providerinstaller:0 and remote module providerinstaller:0
11-16 13:16:04.956: W/ProviderInstaller(7836): Failed to load providerinstaller module: No acceptable module found. Local version is 0 and remote version is 0.
11-16 13:16:04.962: W/DynamiteModule(7836): Local module descriptor class for providerinstaller not found.
11-16 13:16:04.962: I/DynamiteModule(7836): Considering local module providerinstaller:0 and remote module providerinstaller:0
11-16 13:16:04.962: W/ProviderInstaller(7836): Failed to load providerinstaller module: No acceptable module found. Local version is 0 and remote version is 0.
11-16 13:16:04.967: W/DynamiteModule(7836): Local module descriptor class for providerinstaller not found.
11-16 13:16:04.967: I/DynamiteModule(7836): Considering local module providerinstaller:0 and remote module providerinstaller:0
11-16 13:16:04.967: W/ProviderInstaller(7836): Failed to load providerinstaller module: No acceptable module found. Local version is 0 and remote version is 0.
11-16 13:16:04.979: W/DynamiteModule(7836): Local module descriptor class for providerinstaller not found.
11-16 13:16:04.979: I/DynamiteModule(7836): Considering local module providerinstaller:0 and remote module providerinstaller:0
11-16 13:16:04.979: W/ProviderInstaller(7836): Failed to load providerinstaller module: No acceptable module found. Local version is 0 and remote version is 0.
11-16 13:16:04.989: I/GmsModuleFndr(7836): Beginning GMS chimera module scan
11-16 13:16:04.995: I/ModuleSetMgr(7836): Computing pending module set with APKs: {zapp:/AdsFdrDynamite.integ/21001000000, file:///data/app/com.google.android.gms-WX46dZae9nb9FRIO2lPwbw%3D%3D/base.apk, zapp:/VisionOcr.optional/19420000400, zapp:/Payments.integ/19677002000400, zapp:/PaymentsDynamite.integ/19677002000400}
11-16 13:16:05.006: I/ModuleSetUtils(7836): Assembling ModuleSetRecord for ads_fdr:210015,container:19420+vision.ocr,payments:1967700: [zapp:/VisionOcr.optional/19420000400, zapp:/AdsFdrDynamite.integ/21001000000, zapp:/Payments.integ/19677002000400, zapp:/PaymentsDynamite.integ/19677002000400]
11-16 13:16:05.006: I/ModuleSetMgr(7836): Pending container Zapp APKs: [zapp:/VisionOcr.optional/19420000400]
11-16 13:16:05.006: I/ModuleSetMgr(7836): Pending non-container Zapp APKs: [zapp:/AdsFdrDynamite.integ/21001000000, zapp:/Payments.integ/19677002000400, zapp:/PaymentsDynamite.integ/19677002000400]
11-16 13:16:05.052: W/DynamiteModule(7836): Local module descriptor class for providerinstaller not found.
11-16 13:16:05.053: I/DynamiteModule(7836): Considering local module providerinstaller:0 and remote module providerinstaller:0
11-16 13:16:05.053: W/ProviderInstaller(7836): Failed to load providerinstaller module: No acceptable module found. Local version is 0 and remote version is 0.
11-16 13:16:05.069: W/DynamiteModule(7836): Local module descriptor class for providerinstaller not found.
11-16 13:16:05.070: I/DynamiteModule(7836): Considering local module providerinstaller:0 and remote module providerinstaller:0
11-16 13:16:05.070: W/ProviderInstaller(7836): Failed to load providerinstaller module: No acceptable module found. Local version is 0 and remote version is 0.
11-16 13:16:05.077: W/DynamiteModule(7836): Local module descriptor class for providerinstaller not found.
11-16 13:16:05.077: I/DynamiteModule(7836): Considering local module providerinstaller:0 and remote module providerinstaller:0
11-16 13:16:05.078: W/ProviderInstaller(7836): Failed to load providerinstaller module: No acceptable module found. Local version is 0 and remote version is 0.
11-16 13:16:05.082: W/DynamiteModule(7836): Local module descriptor class for providerinstaller not found.
11-16 13:16:05.082: I/DynamiteModule(7836): Considering local module providerinstaller:0 and remote module providerinstaller:0
11-16 13:16:05.083: W/ProviderInstaller(7836): Failed to load providerinstaller module: No acceptable module found. Local version is 0 and remote version is 0.
11-16 13:16:05.102: I/TestSupport(7836): AwaitCommitOperation: FlagOverride(com.google.android.gms.autofill, , Flag(autofill_enabled, false, 2, 0), true) committed
11-16 13:16:05.102: I/TestSupport(7836): AwaitCommitOperation: no more uncommitted overrides
11-16 13:16:05.105: W/DynamiteModule(7836): Local module descriptor class for providerinstaller not found.
11-16 13:16:05.105: I/DynamiteModule(7836): Considering local module providerinstaller:0 and remote module providerinstaller:0
11-16 13:16:05.105: W/ProviderInstaller(7836): Failed to load providerinstaller module: No acceptable module found. Local version is 0 and remote version is 0.
11-16 13:16:05.111: W/DynamiteModule(7836): Local module descriptor class for providerinstaller not found.
11-16 13:16:05.111: I/DynamiteModule(7836): Considering local module providerinstaller:0 and remote module providerinstaller:0
11-16 13:16:05.111: W/ProviderInstaller(7836): Failed to load providerinstaller module: No acceptable module found. Local version is 0 and remote version is 0.
11-16 13:16:05.121: W/DynamiteModule(7836): Local module descriptor class for providerinstaller not found.
11-16 13:16:05.121: I/DynamiteModule(7836): Considering local module providerinstaller:0 and remote module providerinstaller:0
11-16 13:16:05.121: W/ProviderInstaller(7836): Failed to load providerinstaller module: No acceptable module found. Local version is 0 and remote version is 0.
11-16 13:16:05.125: I/PTCommittedOperation(6696): Receive new configuration for com.google.android.gms.autofill
11-16 13:16:05.129: W/DynamiteModule(7836): Local module descriptor class for providerinstaller not found.
11-16 13:16:05.130: I/DynamiteModule(7836): Considering local module providerinstaller:0 and remote module providerinstaller:0
11-16 13:16:05.130: W/ProviderInstaller(7836): Failed to load providerinstaller module: No acceptable module found. Local version is 0 and remote version is 0.
11-16 13:16:05.135: W/ModuleInitIntentOp(7836): Dropping unexpected action com.google.android.gms.phenotype.COMMITTED
11-16 13:16:05.141: W/DynamiteModule(7836): Local module descriptor class for providerinstaller not found.
11-16 13:16:05.141: I/DynamiteModule(7836): Considering local module providerinstaller:0 and remote module providerinstaller:0
11-16 13:16:05.141: W/ProviderInstaller(7836): Failed to load providerinstaller module: No acceptable module found. Local version is 0 and remote version is 0.
11-16 13:16:05.146: W/DynamiteModule(7836): Local module descriptor class for providerinstaller not found.
11-16 13:16:05.147: I/DynamiteModule(7836): Considering local module providerinstaller:0 and remote module providerinstaller:0
11-16 13:16:05.147: W/ProviderInstaller(7836): Failed to load providerinstaller module: No acceptable module found. Local version is 0 and remote version is 0.
11-16 13:16:05.152: W/DynamiteModule(7836): Local module descriptor class for providerinstaller not found.
11-16 13:16:05.152: I/DynamiteModule(7836): Considering local module providerinstaller:0 and remote module providerinstaller:0
11-16 13:16:05.152: W/ProviderInstaller(7836): Failed to load providerinstaller module: No acceptable module found. Local version is 0 and remote version is 0.
11-16 13:16:05.168: W/DynamiteModule(7836): Local module descriptor class for providerinstaller not found.
11-16 13:16:05.168: I/DynamiteModule(7836): Considering local module providerinstaller:0 and remote module providerinstaller:0
11-16 13:16:05.168: W/ProviderInstaller(7836): Failed to load providerinstaller module: No acceptable module found. Local version is 0 and remote version is 0.
11-16 13:16:05.182: I/TestSupport(7836): AwaitCommitOperation: *
11-16 13:16:05.185: I/GmsModuleFndr(7836): Beginning GMS chimera module scan
11-16 13:16:05.188: I/aobm(6696): updateFromConfigurations using legacy put method [CONTEXT service_id=204 ]
11-16 13:16:05.200: I/TestSupport(7836): AwaitCommitOperation: FlagOverride(com.google.android.gms.autofill, , Flag(autofill_enabled, false, 2, 0), true) committed
11-16 13:16:05.200: I/TestSupport(7836): AwaitCommitOperation: no more uncommitted overrides
11-16 13:16:05.200: I/ModuleSetMgr(7836): Computing pending module set with APKs: {zapp:/AdsFdrDynamite.integ/21001000000, file:///data/app/com.google.android.gms-WX46dZae9nb9FRIO2lPwbw%3D%3D/base.apk, zapp:/VisionOcr.optional/19420000400, zapp:/Payments.integ/19677002000400, zapp:/PaymentsDynamite.integ/19677002000400}
11-16 13:16:05.213: I/ModuleSetUtils(7836): Assembling ModuleSetRecord for ads_fdr:210015,container:19420+vision.ocr,payments:1967700: [zapp:/VisionOcr.optional/19420000400, zapp:/AdsFdrDynamite.integ/21001000000, zapp:/Payments.integ/19677002000400, zapp:/PaymentsDynamite.integ/19677002000400]
11-16 13:16:05.213: I/ModuleSetMgr(7836): Pending container Zapp APKs: [zapp:/VisionOcr.optional/19420000400]
11-16 13:16:05.213: I/ModuleSetMgr(7836): Pending non-container Zapp APKs: [zapp:/AdsFdrDynamite.integ/21001000000, zapp:/Payments.integ/19677002000400, zapp:/PaymentsDynamite.integ/19677002000400]
11-16 13:16:05.226: W/Conscrypt(6696): Could not set socket write timeout: java.net.SocketException: Socket closed
11-16 13:16:05.226: W/Conscrypt(6696): 	at com.google.android.gms.org.conscrypt.Platform.setSocketWriteTimeout(:com.google.android.gms@19420019@19.4.20 (040400-271418971):2)
11-16 13:16:05.226: W/Conscrypt(6696): 	at com.google.android.gms.org.conscrypt.ConscryptFileDescriptorSocket.setSoWriteTimeout(:com.google.android.gms@19420019@19.4.20 (040400-271418971):2)
11-16 13:16:05.239: W/Conscrypt(6696): Could not set socket write timeout: java.net.SocketException: Socket closed
11-16 13:16:05.240: W/Conscrypt(6696): 	at com.google.android.gms.org.conscrypt.Platform.setSocketWriteTimeout(:com.google.android.gms@19420019@19.4.20 (040400-271418971):2)
11-16 13:16:05.240: W/Conscrypt(6696): 	at com.google.android.gms.org.conscrypt.ConscryptFileDescriptorSocket.setSoWriteTimeout(:com.google.android.gms@19420019@19.4.20 (040400-271418971):2)
11-16 13:16:05.240: I/aobm(6696): updateFromConfigurations using legacy put method [CONTEXT service_id=204 ]
11-16 13:16:05.276: I/TSDRIVER(31898): Handled command: PACKAGE
11-16 13:16:05.277: I/TSDRIVER(31898): CommandService onHandleIntent()
11-16 13:16:05.277: I/TSDRIVER(31898): Got command: PACKAGE
11-16 13:16:05.278: I/TSDRIVER(31898): flag package: EiNjb20uZ29vZ2xlLmFuZHJvaWQuZ21zLmF1dGhfYWNjb3VudBodChlhdXRoX3NpZ19vdmVycmlkZV9lbmFibGVkGAA
11-16 13:16:05.278: I/TSDRIVER(31898): flag package: com.google.android.gms.auth_account
11-16 13:16:05.284: I/TestSupport(7836): SetFlagOverridesOperation: com.google.android.gms.auth_account, '', [Flag(auth_sig_override_enabled, false, 2, 0)]
11-16 13:16:05.323: I/TestSupport(7836): AwaitCommitOperation: auth_sig_override_enabled
11-16 13:16:05.333: I/TestSupport(7836): AwaitCommitOperation: uncommitted: FlagOverride(com.google.android.gms.auth_account, , Flag(auth_sig_override_enabled, false, 2, 0), false)
11-16 13:16:05.333: I/TestSupport(7836): AwaitCommitOperation:  sleeping for 10 msec.
11-16 13:16:05.362: I/TestSupport(7836): AwaitCommitOperation: FlagOverride(com.google.android.gms.auth_account, , Flag(auth_sig_override_enabled, false, 2, 0), true) committed
11-16 13:16:05.362: I/TestSupport(7836): AwaitCommitOperation: no more uncommitted overrides
11-16 13:16:05.380: I/PTCommittedOperation(6696): Receive new configuration for com.google.android.gms.auth_account
11-16 13:16:05.389: W/ModuleInitIntentOp(7836): Dropping unexpected action com.google.android.gms.phenotype.COMMITTED
11-16 13:16:05.428: I/zygote64(911): Background concurrent copying GC freed 38874(2MB) AllocSpace objects, 12(240KB) LOS objects, 42% free, 14MB/26MB, paused 195us total 134.278ms
11-16 13:16:05.446: I/TestSupport(7836): AwaitCommitOperation: *
11-16 13:16:05.471: I/CarrierServices(3018): [2] RcsAutoStartReceiver.b: carrierServicesJibeServiceEnabled changed from true to true
11-16 13:16:05.474: I/CarrierServices(3018): [2] RcsAutoStartReceiver.b: enableRcs changed from true to true
11-16 13:16:05.475: I/CarrierServices(3018): [2] RcsAutoStartReceiver.b: RcsAutoStartReceiver triggered. Fetching RCS State. Action: android.intent.action.PACKAGE_CHANGED
11-16 13:16:05.478: I/CarrierServices(3018): [2] aws.a: Migration binding to RcsMigrationService
11-16 13:16:05.479: W/ResourceType(911): No known package when getting value for resource number 0x7f020150
11-16 13:16:05.479: W/ResourceType(911): No known package when getting value for resource number 0x7f12045e
11-16 13:16:05.479: W/ResourceType(911): No known package when getting value for resource number 0x7f12045e
11-16 13:16:05.479: W/ResourceType(911): No known package when getting value for resource number 0x7f12045d
11-16 13:16:05.479: I/InputReader(911): Reconfiguring input devices.  changes=0x00000010
11-16 13:16:05.488: I/zygote64(7836): Compiler allocated 4MB to compile boolean dzj.a(edf, dzm, java.util.Set, java.lang.String, java.lang.String, boolean, int, java.util.Map)
11-16 13:16:05.495: I/Bugle(31778): returning RCS state provider.
11-16 13:16:05.498: I/zygote64(31928): Waiting for a blocking GC ProfileSaver
11-16 13:16:05.514: I/CarrierServices(31778): [567] ieq.a: Sim state is not ready. Returning last known operation mode.
11-16 13:16:05.514: I/CarrierServices(3018): [237] awt.doInBackground: Saving RCS State
11-16 13:16:05.518: I/CarrierServices(3018): [237] awt.doInBackground: Old operation mode: 0
11-16 13:16:05.532: D/CarrierSvcBindHelper(1421): No carrier app for: 0
11-16 13:16:05.532: D/ImsResolver(1421): maybeAddedImsService, packageName: com.google.android.apps.messaging
11-16 13:16:05.540: I/zygote64(31928): WaitForGcToComplete blocked for 42.027ms for cause ProfileSaver
11-16 13:16:05.540: D/RegisteredNfcFServicesCache(1919): Service unchanged, not updating
11-16 13:16:05.546: I/CarrierServices(3018): [237] awt.doInBackground: New operation mode: 0
11-16 13:16:05.553: I/aobm(6696): updateFromConfigurations using legacy put method [CONTEXT service_id=204 ]
11-16 13:16:05.561: I/CarrierServices(3018): [2] aww.a: Unbinding RcsMigrationService
11-16 13:16:05.564: I/Telecom(911): DefaultDialerCache: Refreshing default dialer for user 0: now com.google.android.dialer: DDC.oR@AHM
11-16 13:16:05.568: W/SearchableInfo(911): Invalid searchable metadata for com.google.android.gms/.nearby.sharing.ContactSelectActivity: Search label must be a resource reference.
11-16 13:16:05.587: I/zygote64(31943): Waiting for a blocking GC ProfileSaver
11-16 13:16:05.595: I/ActivityManager(911): Start proc 32169:com.android.printspooler/u0a99 for service com.android.printspooler/.model.PrintSpoolerService
11-16 13:16:05.596: I/zygote64(31943): WaitForGcToComplete blocked for 8.177ms for cause ProfileSaver
11-16 13:16:05.631: I/TestSupport(7836): AwaitCommitOperation: FlagOverride(com.google.android.gms.auth_account, , Flag(auth_sig_override_enabled, false, 2, 0), true) committed
11-16 13:16:05.631: I/TestSupport(7836): AwaitCommitOperation: no more uncommitted overrides
11-16 13:16:05.691: I/aobm(6696): updateFromConfigurations using legacy put method [CONTEXT service_id=204 ]
11-16 13:16:05.693: D/AndroidRuntime(32167): >>>>>> START com.android.internal.os.RuntimeInit uid 2000 <<<<<<
11-16 13:16:05.706: I/TSDRIVER(31898): Handled command: PACKAGE
11-16 13:16:05.710: I/ActivityManager(911): Killing 28938:com.google.android.gms.unstable/u0a20 (adj 906): empty for 4068s
11-16 13:16:05.805: D/AndroidRuntime(32167): Calling main entry com.android.commands.input.Input
11-16 13:16:05.807: I/Input(32167): injectKeyEvent: KeyEvent { action=ACTION_DOWN, keyCode=KEYCODE_HOME, scanCode=0, metaState=0, flags=0x0, repeatCount=0, eventTime=36206572, downTime=36206572, deviceId=-1, source=0x101 }
11-16 13:16:05.812: I/Input(32167): injectKeyEvent: KeyEvent { action=ACTION_UP, keyCode=KEYCODE_HOME, scanCode=0, metaState=0, flags=0x0, repeatCount=0, eventTime=36206572, downTime=36206572, deviceId=-1, source=0x101 }
