11-16 13:16:13.028: I/zygote64(32325): WaitForGcToComplete blocked for 91.444ms for cause ProfileSaver
11-16 13:16:13.028: I/zygote64(32325): [ 11-16 13:16:13.265   659: 1163 E/         ]
11-16 13:16:13.028: I/zygote64(32325): Couldn't opendir /data/app/vmdl1354726716.tmp: No such file or directory
11-16 13:16:13.265: E/installd(659): Failed to delete /data/app/vmdl1354726716.tmp: No such file or directory
11-16 13:16:13.286: I/Pm(32466): Package androidx.test.tools.crawler installed in 1270 ms
11-16 13:16:13.287: D/PackageInstaller(911): Ignoring abandon after commit relinquished control
11-16 13:16:13.294: I/app_process(32466): System.exit called, status: 0
11-16 13:16:13.295: I/AndroidRuntime(32466): VM exiting with result code 0.
11-16 13:16:13.333: I/InputReader(911): Reconfiguring input devices.  changes=0x00000010
11-16 13:16:13.338: I/CarrierServices(3018): [2] RcsAutoStartReceiver.b: carrierServicesJibeServiceEnabled changed from true to true
11-16 13:16:13.342: I/CarrierServices(3018): [2] RcsAutoStartReceiver.b: enableRcs changed from true to true
11-16 13:16:13.348: I/zygote64(32325): Deoptimizing int com.google.common.collect.Hashing.smearedHash(java.lang.Object) due to JIT inline cache
11-16 13:16:13.352: I/CarrierServices(3018): [2] RcsAutoStartReceiver.b: RcsAutoStartReceiver triggered. Fetching RCS State. Action: android.intent.action.PACKAGE_ADDED
11-16 13:16:13.354: W/SearchableInfo(911): Invalid searchable metadata for com.google.android.gms/.nearby.sharing.ContactSelectActivity: Search label must be a resource reference.
11-16 13:16:13.368: I/Icing(7836): Indexing done com.google.android.gms-internal.3p:MobileApplication
11-16 13:16:13.370: I/Telecom(911): DefaultDialerCache: Refreshing default dialer for user 0: now com.google.android.dialer: DDC.oR@AHg
11-16 13:16:13.373: I/Icing(7836): Indexing done com.google.android.gms-apps
11-16 13:16:13.384: I/CarrierServices(3018): [2] aws.a: Migration binding to RcsMigrationService
11-16 13:16:13.385: I/zygote64(911): Background concurrent copying GC freed 73047(3MB) AllocSpace objects, 13(260KB) LOS objects, 42% free, 15MB/27MB, paused 770us total 183.502ms
11-16 13:16:13.399: I/Bugle(31778): returning RCS state provider.
11-16 13:16:13.407: D/CarrierSvcBindHelper(1421): No carrier app for: 0
11-16 13:16:13.411: I/CarrierServices(31778): [567] ieq.a: Sim state is not ready. Returning last known operation mode.
11-16 13:16:13.412: I/CarrierServices(3018): [239] awt.doInBackground: Saving RCS State
11-16 13:16:13.414: I/CarrierServices(3018): [239] awt.doInBackground: Old operation mode: 0
11-16 13:16:13.417: E/VvmPkgInstalledRcvr(1421): cannot create TelephonyManager from ComponentInfo{com.android.phone/com.android.services.telephony.TelephonyConnectionService}, [****], UserHandle{0}
11-16 13:16:13.417: D/ImsResolver(1421): maybeAddedImsService, packageName: androidx.test.tools.crawler
11-16 13:16:13.420: D/CarrierConfigLoader(1421): mHandler: 9 phoneId: 0
11-16 13:16:13.425: I/CarrierServices(3018): [239] awt.doInBackground: New operation mode: 0
11-16 13:16:13.429: I/Auth(7836): [SupervisedAccountIntentOperation] onHandleIntent(): android.intent.action.PACKAGE_ADDED
11-16 13:16:13.430: I/CarrierServices(3018): [2] aww.a: Unbinding RcsMigrationService
11-16 13:16:13.430: I/ChromeSync(7836): [Sync,SyncIntentOperation] Handling the intent: Intent { act=android.intent.action.PACKAGE_ADDED dat=package:androidx.test.tools.crawler flg=0x4000010 cmp=com.google.android.gms/.chimera.GmsIntentOperationService (has extras) }.
11-16 13:16:13.432: I/ChromeSync(7836): [Persistence,AffiliationManager] One of affiliation or grouping data for android://N50vJU0zrJ8WOzDt6r3GDtfqrkROFOSiqHcmppwn3vxaRC4hFpNn4UsL7XlvjtlfcWuDAQhmck0qjQPwsrpMNg==@androidx.test.tools.crawler/ was not found. Marking affiliation data as stale...
11-16 13:16:13.433: I/FontsPackageChangeOp(7836): Package androidx.test.tools.crawler has no metadata
11-16 13:16:13.441: W/TrackCacheManag(32449): type=1400 audit(0.0:139): avc: denied { open } for path="/data/data/com.google.android.music/files/._playmusicid" dev="sda35" ino=262768 scontext=u:r:untrusted_app:s0:c512,c768 tcontext=u:object_r:system_data_file:s0 tclass=file permissive=0
11-16 13:16:13.441: W/TrackCacheManag(32449): type=1400 audit(0.0:140): avc: denied { write } for name="._playmusicid" dev="sda35" ino=262768 scontext=u:r:untrusted_app:s0:c512,c768 tcontext=u:object_r:system_data_file:s0 tclass=file permissive=0
11-16 13:16:13.445: E/CacheLocation(32325): Unable to write volume ID file at path: /data/user/0/com.google.android.music/files/._playmusicid, got java.io.FileNotFoundException: /data/data/com.google.android.music/files/._playmusicid (Permission denied)
11-16 13:16:13.458: I/ActivityManager(911): Start proc 32587:com.google.android.gm/u0a98 for broadcast com.google.android.gm/.AccountsChangedReceiver
11-16 13:16:13.472: W/GCM(6696): Unexpected forwarded intent: Intent { act=android.intent.action.PACKAGE_ADDED dat=package:androidx.test.tools.crawler flg=0x4000010 cmp=com.google.android.gms/.chimera.PersistentIntentOperationService (has extras) }
11-16 13:16:13.474: W/GCM(6696): Unexpected forwarded intent: Intent { act=android.intent.action.PACKAGE_ADDED dat=package:androidx.test.tools.crawler flg=0x4000010 cmp=com.google.android.gms/.chimera.PersistentIntentOperationService (has extras) }
11-16 13:16:13.482: D/RegisteredNfcFServicesCache(1919): Service unchanged, not updating
11-16 13:16:13.513: I/ChromeSync(7836): [Persistence,AffiliationManager] Failed to get password domain for package: com.vzw.apnlib
11-16 13:16:13.571: I/ChromeSync(7836): [Persistence,AffiliationManager] Failed to get password domain for package: com.vzw.apnservice
11-16 13:16:13.572: W/ActivityManager(911): Background start not allowed: service Intent { act=com.google.firebase.INSTANCE_ID_EVENT pkg=com.google.android.gm cmp=com.google.android.gm/com.google.firebase.iid.FirebaseInstanceIdService (has extras) } to com.google.android.gm/com.google.firebase.iid.FirebaseInstanceIdService from pid=32587 uid=10098 pkg=com.google.android.gm
11-16 13:16:13.574: E/FirebaseInstanceId(32587): Failed to start service while in background: java.lang.IllegalStateException: Not allowed to start service Intent { act=com.google.firebase.INSTANCE_ID_EVENT pkg=com.google.android.gm cmp=com.google.android.gm/com.google.firebase.iid.FirebaseInstanceIdService (has extras) }: app is in background uid UidRecord{3cc06e1 u0a98 RCVR idle procs:1 seq(0,0,0)}
11-16 13:16:13.602: W/Gmail(32587): EasBundling:in EasBundling.init, isBundlingEnabled=true
11-16 13:16:13.604: D/MusicContentProvider(32325): Enabling sync for Account {name=AKH2JSL7QIKKETKEPYRUT7Z3GE-00@cloudtestlabaccounts.com, type=com.google}
11-16 13:16:13.626: D/MusicLifecycle(32325): com.google.android.music.download.EncapsulatedBroadcastReceiver$1 generated event: Broadcast received with context com.google.android.music.ui.PhoneMusicApplication@25cf8af and intent Intent { act=com.google.android.music.accountchanged flg=0x10 (has extras) }
11-16 13:16:13.628: W/TrackCacheManag(32449): type=1400 audit(0.0:142): avc: denied { open } for path="/data/data/com.google.android.music/files/._playmusicid" dev="sda35" ino=262768 scontext=u:r:untrusted_app:s0:c512,c768 tcontext=u:object_r:system_data_file:s0 tclass=file permissive=0
11-16 13:16:13.628: D/MusicLifecycle(32325): com.google.android.music.download.EncapsulatedBroadcastReceiver$1 generated event: Broadcast received with context com.google.android.music.ui.PhoneMusicApplication@25cf8af and intent Intent { act=com.google.android.music.accountchanged flg=0x10 (has extras) }
11-16 13:16:13.629: I/GcmRegistrationTask(32325): Starting 'com.google.android.music.sync.google.MusicGcmTaskService
11-16 13:16:13.633: E/CacheLocation(32325): Unable to write volume ID file at path: /data/user/0/com.google.android.music/files/._playmusicid, got java.io.FileNotFoundException: /data/data/com.google.android.music/files/._playmusicid (Permission denied)
11-16 13:16:13.637: D/MusicLifecycle(32325): com.google.android.music.awareness.AwarenessRouter$2 generated event: Broadcast received with context com.google.android.music.ui.PhoneMusicApplication@25cf8af and intent Intent { act=com.google.android.music.accountchanged flg=0x10 (has extras) }
11-16 13:16:13.637: D/MusicLifecycle(32325): com.google.android.music.eventlog.MusicEventLogger$1 generated event: Broadcast received with context com.google.android.music.ui.PhoneMusicApplication@25cf8af and intent Intent { act=com.google.android.music.accountchanged flg=0x10 (has extras) }
11-16 13:16:13.637: D/MusicLifecycle(32325): com.google.android.music.cast.CastTokenClientImpl$1 generated event: Broadcast received with context com.google.android.music.playback2.MusicPlaybackService@5ed7c2a and intent Intent { act=com.google.android.music.accountchanged flg=0x10 (has extras) }
11-16 13:16:13.648: D/AwarenessRouter(32325): 0 new fences
11-16 13:16:13.653: D/AwarenessRouter(32325): 0 fences already registered
11-16 13:16:13.664: D/AwarenessRouter(32325): Successfully removed 0 context fences
11-16 13:16:13.666: I/ChromeSync(7836): [Persistence,AffiliationManager] Failed to get password domain for package: com.motricity.verizon.ssodownloadable
11-16 13:16:13.705: I/ChromeSync(7836): [Persistence,AffiliationManager] Fetching affiliations from the server.
11-16 13:16:13.782: W/GAV2(32587): Thread[main,5,main]: Need to call initialize() and be in fallback mode to start dispatch.
11-16 13:16:13.794: D/AndroidRuntime(32611): >>>>>> START com.android.internal.os.RuntimeInit uid 2000 <<<<<<
11-16 13:16:13.832: I/ActivityManager(911): Start proc 32628:android.process.media/u0a16 for content provider com.android.providers.media/.MediaProvider
11-16 13:16:13.837: E/zygote64(32587): The String#value field is not present on Android versions >= 6.0
11-16 13:16:13.859: E/ExecutionCriteria(6696): Package unavailable for task: com.google.android.videos/com.google.android.apps.play.movies.common.service.player.logging.QoePingService{u=0 tag="flush_qoe_logs" trigger=window{period=86400s,flex=86400s,earliest=-45539700s,latest=-45453300s} requirements=[NET_UNMETERED,CHARGING] attributes=[PERSISTED,RECURRING] scheduled=-45539700s last_run=N/A jid=N/A status=PENDING retries=0 client_lib=MANCHEGO_GCM-10400000}
11-16 13:16:13.859: E/ExecutionCriteria(6696): Package unavailable for task: com.google.android.videos/com.google.android.apps.play.movies.common.service.drm.RefreshLicenseTaskService{u=0 tag="refresh_license" trigger=window{period=172800s,flex=172800s,earliest=-45453300s,latest=-45280500s} requirements=[NET_CONNECTED] attributes=[PERSISTED,RECURRING] scheduled=-45453300s last_run=N/A jid=N/A status=PENDING retries=0 client_lib=MANCHEGO_GCM-10400000}
11-16 13:16:13.860: E/ExecutionCriteria(6696): Package unavailable for task: com.google.android.videos/com.google.android.apps.play.movies.common.FlushLogsTaskService{u=0 tag="flush_logs" trigger=window{period=86400s,flex=57600s,earliest=-7371s,latest=50228s} requirements=[NET_UNMETERED,CHARGING] attributes=[PERSISTED,RECURRING] scheduled=-36171s last_run=N/A jid=N/A status=PENDING retries=0 client_lib=MANCHEGO_GCM-10400000}
11-16 13:16:13.863: E/ExecutionCriteria(6696): Package unavailable for task: com.google.android.apps.gcs/.service.WfaStateTaskService{u=0 tag="WfaStateTask" trigger=window{period=518400s,flex=86400s,earliest=395826s,latest=482226s} requirements=[NET_ANY] attributes=[PERSISTED,RECURRING] scheduled=-36173s last_run=N/A jid=N/A status=PENDING retries=0 client_lib=MANCHEGO_GCM-11732000}
11-16 13:16:13.881: W/Gmail(32587): Gmail:For b/73513912, load account content://com.android.gmail.ui/account.-2137146394 from MailAppProvider. Is account valid result: 1.
11-16 13:16:13.896: W/ChimeraUtils(6696): Non Chimera context
11-16 13:16:13.896: W/ChimeraUtils(6696): Non Chimera context
11-16 13:16:13.897: W/Gmail(32587): Gmail:For b/73513912, load account content://com.google.android.gm.email.provider/account.-437561172?suppress_combined%3Dtrue from MailAppProvider. Is account valid result: 1.
11-16 13:16:13.900: D/AndroidRuntime(32611): Calling main entry com.android.commands.am.Am
11-16 13:16:13.904: I/ActivityManager(911): Force stopping com.google.android.apps.mtaas.tools appid=10116 user=0: start instr
11-16 13:16:13.916: I/ActivityManager(911): Start proc 32657:com.google.android.apps.mtaas.tools/u0a116 for added application com.google.android.apps.mtaas.tools
11-16 13:16:13.964: D/GetPackageUid(32657): Instrumentation completed successfully
11-16 13:16:13.965: I/ActivityManager(911): Force stopping com.google.android.apps.mtaas.tools appid=10116 user=0: finished inst
11-16 13:16:13.965: I/ActivityManager(911): Killing 32657:com.google.android.apps.mtaas.tools/u0a116 (adj 0): stop com.google.android.apps.mtaas.tools
11-16 13:16:13.967: W/Binder(911): Outgoing transactions from this process must be FLAG_ONEWAY
11-16 13:16:13.967: W/Binder(911): java.lang.Throwable
11-16 13:16:13.967: W/Binder(911): 	at android.os.BinderProxy.transact(Binder.java:736)
11-16 13:16:13.967: W/Binder(911): 	at android.app.IInstrumentationWatcher$Stub$Proxy.instrumentationFinished(IInstrumentationWatcher.java:160)
11-16 13:16:13.967: W/Binder(911): 	at com.android.server.am.InstrumentationReporter$MyThread.run(InstrumentationReporter.java:86)
11-16 13:16:13.970: D/AndroidRuntime(32611): Shutting down VM
11-16 13:16:13.977: W/app_process(32611): Thread attaching while runtime is shutting down: Binder:32611_3
11-16 13:16:13.977: I/AndroidRuntime(32611): NOTE: attach of thread 'Binder:32611_3' failed
11-16 13:16:13.984: W/ChimeraUtils(6696): Non Chimera context
11-16 13:16:13.997: I/ActivityManager(911): Failure reporting to instrumentation watcher: comp=ComponentInfo{com.google.android.apps.mtaas.tools/com.google.android.apps.mtaas.tools.instrumentations.GetPackageUid} results=Bundle[mParcelledData.dataSize=104]
11-16 13:16:14.012: I/anzn(6696): Scheduling Phenotype for a PhenotypeSyncImmediately(5, null) one off with window [1, 2] in seconds [CONTEXT service_id=51 ]
11-16 13:16:14.035: I/ActivityManager(911): Start proc 32684:com.google.process.gapps/u0a76 for broadcast com.google.android.syncadapters.contacts/.ContactsSyncAdapterBroadcastReceiver
11-16 13:16:14.038: I/Auth(6696): [BroadcastManager] Broadcasting account change.
11-16 13:16:14.048: I/BgTaskExecutorImpl(7452): Starting EXCLUSIVE background task process_account_change.
11-16 13:16:14.060: I/PmtsSwAccountIntentOp(7836): Processing intent action=android.accounts.LOGIN_ACCOUNTS_CHANGED
11-16 13:16:14.074: W/WakefulBroadcastReceiv.(6696): No active wake lock id #1
11-16 13:16:14.074: I/PmtsSwAccountIntentOp(7836): Account added has already been processed
11-16 13:16:14.078: W/ChimeraUtils(6696): Non Chimera context
11-16 13:16:14.078: W/ChimeraUtils(6696): Non Chimera context
11-16 13:16:14.089: I/TSDRIVER(31898): CommandService onHandleIntent()
11-16 13:16:14.089: I/TSDRIVER(31898): Got command: PACKAGE
11-16 13:16:14.097: I/TSDRIVER(31898): flag package: EiNjb20uZ29vZ2xlLmFuZHJvaWQuZ21zLmF1dGhfYWNjb3VudBodChlhdXRoX3NpZ19vdmVycmlkZV9lbmFibGVkGAEaIQocYXV0aF9zaWdfb3ZlcnJpZGVfdGFyZ2V0X3VpZCCTTxpCChZhdXRoX3NpZ19vdmVycmlkZV9zaGExEig1NzcwMzQ0NWUxODRlMTg3ZjM1OWJjOWNhY2IxOGI0MjcyNjJmMDFk
11-16 13:16:14.097: I/TSDRIVER(31898): flag package: com.google.android.gms.auth_account
11-16 13:16:14.111: I/GamesDatabaseHelper(7836): Bootstrapping database version: 2302
11-16 13:16:14.112: I/TestSupport(7836): SetFlagOverridesOperation: com.google.android.gms.auth_account, '', [Flag(auth_sig_override_enabled, true, 2, 0)]
11-16 13:16:14.174: I/TestSupport(7836): AwaitCommitOperation: auth_sig_override_enabled
11-16 13:16:14.180: W/ChimeraUtils(6696): Non Chimera context
11-16 13:16:14.182: W/ChimeraUtils(6696): Non Chimera context
11-16 13:16:14.194: I/TestSupport(7836): AwaitCommitOperation: FlagOverride(com.google.android.gms.auth_account, , Flag(auth_sig_override_enabled, true, 2, 0), false) != FlagOverride(com.google.android.gms.auth_account, , Flag(auth_sig_override_enabled, false, 2, 0), true)
11-16 13:16:14.195: I/TestSupport(7836): AwaitCommitOperation: uncommitted: FlagOverride(com.google.android.gms.auth_account, , Flag(auth_sig_override_enabled, false, 2, 0), true)
11-16 13:16:14.195: I/TestSupport(7836): AwaitCommitOperation:  sleeping for 10 msec.
11-16 13:16:14.198: I/GoogleHttpClient(32684): GMS http client unavailable, use old client
11-16 13:16:14.216: I/TestSupport(7836): AwaitCommitOperation: FlagOverride(com.google.android.gms.auth_account, , Flag(auth_sig_override_enabled, true, 2, 0), false) != FlagOverride(com.google.android.gms.auth_account, , Flag(auth_sig_override_enabled, false, 2, 0), true)
11-16 13:16:14.216: I/TestSupport(7836): AwaitCommitOperation: uncommitted: FlagOverride(com.google.android.gms.auth_account, , Flag(auth_sig_override_enabled, false, 2, 0), true)
11-16 13:16:14.216: I/TestSupport(7836): AwaitCommitOperation:  sleeping for 20 msec.
11-16 13:16:14.226: I/zygote64(7836): Do partial code cache collection, code=956KB, data=613KB
11-16 13:16:14.227: I/ActivityManager(911): Start proc 32716:com.google.android.youtube/u0a109 for broadcast com.google.android.youtube/com.google.android.libraries.youtube.account.AccountsChangedReceiver
11-16 13:16:14.236: W/ChimeraUtils(6696): Non Chimera context
11-16 13:16:14.249: I/chatty(6696): uid=10020(u0_a20) com.google.android.gms.persistent identical 2 lines
11-16 13:16:14.249: W/ChimeraUtils(6696): Non Chimera context
11-16 13:16:14.274: I/zygote64(7836): After code cache collection, code=955KB, data=612KB
11-16 13:16:14.274: I/zygote64(7836): Increasing code cache capacity to 3MB
11-16 13:16:14.275: W/ChimeraUtils(6696): Non Chimera context
11-16 13:16:14.275: W/ChimeraUtils(6696): Non Chimera context
11-16 13:16:14.280: I/TestSupport(7836): AwaitCommitOperation: FlagOverride(com.google.android.gms.auth_account, , Flag(auth_sig_override_enabled, true, 2, 0), false) != FlagOverride(com.google.android.gms.auth_account, , Flag(auth_sig_override_enabled, false, 2, 0), true)
11-16 13:16:14.280: I/TestSupport(7836): AwaitCommitOperation: uncommitted: FlagOverride(com.google.android.gms.auth_account, , Flag(auth_sig_override_enabled, false, 2, 0), true)
11-16 13:16:14.280: I/TestSupport(7836): AwaitCommitOperation:  sleeping for 40 msec.
11-16 13:16:14.284: I/CheckinUtil(6696): Classify the device as Phone.
11-16 13:16:14.287: I/MicroDetectionWorker(7452): Initializing MicroDataManager InitializeType-2, isForced-true, isActivePhoneEnrollment-false isActiveGoogleHomeEnrollment-false
11-16 13:16:14.329: W/ChimeraUtils(6696): Non Chimera context
11-16 13:16:14.330: W/ChimeraUtils(6696): Non Chimera context
11-16 13:16:14.332: W/Conscrypt(6696): Could not set socket write timeout: java.net.SocketException: Socket closed
11-16 13:16:14.332: W/Conscrypt(6696): 	at com.google.android.gms.org.conscrypt.Platform.setSocketWriteTimeout(:com.google.android.gms@19420019@19.4.20 (040400-271418971):2)
11-16 13:16:14.332: W/Conscrypt(6696): 	at com.google.android.gms.org.conscrypt.ConscryptFileDescriptorSocket.setSoWriteTimeout(:com.google.android.gms@19420019@19.4.20 (040400-271418971):2)
11-16 13:16:14.339: I/TestSupport(7836): AwaitCommitOperation: FlagOverride(com.google.android.gms.auth_account, , Flag(auth_sig_override_enabled, true, 2, 0), false) != FlagOverride(com.google.android.gms.auth_account, , Flag(auth_sig_override_enabled, false, 2, 0), true)
11-16 13:16:14.339: I/TestSupport(7836): AwaitCommitOperation: uncommitted: FlagOverride(com.google.android.gms.auth_account, , Flag(auth_sig_override_enabled, false, 2, 0), true)
11-16 13:16:14.339: I/TestSupport(7836): AwaitCommitOperation:  sleeping for 80 msec.
11-16 13:16:14.380: W/Conscrypt(6696): Could not set socket write timeout: java.net.SocketException: Socket closed
11-16 13:16:14.380: W/Conscrypt(6696): 	at com.google.android.gms.org.conscrypt.Platform.setSocketWriteTimeout(:com.google.android.gms@19420019@19.4.20 (040400-271418971):2)
11-16 13:16:14.380: W/Conscrypt(6696): 	at com.google.android.gms.org.conscrypt.ConscryptFileDescriptorSocket.setSoWriteTimeout(:com.google.android.gms@19420019@19.4.20 (040400-271418971):2)
11-16 13:16:14.428: I/TestSupport(7836): AwaitCommitOperation: FlagOverride(com.google.android.gms.auth_account, , Flag(auth_sig_override_enabled, true, 2, 0), false) != FlagOverride(com.google.android.gms.auth_account, , Flag(auth_sig_override_enabled, false, 2, 0), true)
11-16 13:16:14.428: I/TestSupport(7836): AwaitCommitOperation: uncommitted: FlagOverride(com.google.android.gms.auth_account, , Flag(auth_sig_override_enabled, false, 2, 0), true)
11-16 13:16:14.428: I/TestSupport(7836): AwaitCommitOperation:  sleeping for 160 msec.
11-16 13:16:14.523: W/YT(32716): Last known version:13.20.54
11-16 13:16:14.525: E/ExecutionCriteria(6696): Package unavailable for task: com.google.android.videos/com.google.android.apps.play.movies.common.service.player.logging.QoePingService{u=0 tag="flush_qoe_logs" trigger=window{period=86400s,flex=86400s,earliest=-45539701s,latest=-45453301s} requirements=[NET_UNMETERED,CHARGING] attributes=[PERSISTED,RECURRING] scheduled=-45539701s last_run=N/A jid=N/A status=PENDING retries=0 client_lib=MANCHEGO_GCM-10400000}
11-16 13:16:14.525: E/ExecutionCriteria(6696): Package unavailable for task: com.google.android.videos/com.google.android.apps.play.movies.common.service.drm.RefreshLicenseTaskService{u=0 tag="refresh_license" trigger=window{period=172800s,flex=172800s,earliest=-45453301s,latest=-45280501s} requirements=[NET_CONNECTED] attributes=[PERSISTED,RECURRING] scheduled=-45453301s last_run=N/A jid=N/A status=PENDING retries=0 client_lib=MANCHEGO_GCM-10400000}
11-16 13:16:14.526: E/ExecutionCriteria(6696): Package unavailable for task: com.google.android.videos/com.google.android.apps.play.movies.common.FlushLogsTaskService{u=0 tag="flush_logs" trigger=window{period=86400s,flex=57600s,earliest=-7372s,latest=50227s} requirements=[NET_UNMETERED,CHARGING] attributes=[PERSISTED,RECURRING] scheduled=-36172s last_run=N/A jid=N/A status=PENDING retries=0 client_lib=MANCHEGO_GCM-10400000}
11-16 13:16:14.554: E/ExecutionCriteria(6696): Package unavailable for task: com.google.android.apps.gcs/.service.WfaStateTaskService{u=0 tag="WfaStateTask" trigger=window{period=518400s,flex=86400s,earliest=395825s,latest=482225s} requirements=[NET_ANY] attributes=[PERSISTED,RECURRING] scheduled=-36174s last_run=N/A jid=N/A status=PENDING retries=0 client_lib=MANCHEGO_GCM-11732000}
11-16 13:16:14.555: I/Icing(7836): Indexing com.google.android.gms-apps from com.google.android.gms
11-16 13:16:14.575: I/MediaStoreImporter(32325): Update: incremental Added music: 0 Updated music: 0 Deleted music: 0 Created playlists: 0 Updated playlists: 0 Deleted playlists: 0 Inserted playlist items: 0 Deleted playlist items: 0 Removed orphaned playlist items: 0
11-16 13:16:14.576: D/MusicLifecycle(32325): com.google.android.music.download.EncapsulatedBroadcastReceiver$1 generated event: Broadcast received with context com.google.android.music.ui.PhoneMusicApplication@25cf8af and intent Intent { act=com.google.android.music.IMPORT_COMPLETE flg=0x10 }
11-16 13:16:14.577: E/PlaylistItemRelinker(32325): Found no usable UUIDs?
11-16 13:16:14.584: I/Icing(7836): Indexing done com.google.android.gms-apps
11-16 13:16:14.598: I/TestSupport(7836): AwaitCommitOperation: FlagOverride(com.google.android.gms.auth_account, , Flag(auth_sig_override_enabled, true, 2, 0), false) != FlagOverride(com.google.android.gms.auth_account, , Flag(auth_sig_override_enabled, false, 2, 0), true)
11-16 13:16:14.598: I/TestSupport(7836): AwaitCommitOperation: uncommitted: FlagOverride(com.google.android.gms.auth_account, , Flag(auth_sig_override_enabled, false, 2, 0), true)
11-16 13:16:14.598: I/TestSupport(7836): AwaitCommitOperation:  sleeping for 320 msec.
11-16 13:16:14.628: W/ChimeraUtils(6696): Non Chimera context
11-16 13:16:14.628: W/ChimeraUtils(6696): Non Chimera context
11-16 13:16:14.651: W/YouTube(32716): Fetching the Gservices key 'failsafe_clear_cache_release_13_02' before the end of the bulk initialization
11-16 13:16:14.654: I/BgTaskExecutorImpl(7452): Starting EXCLUSIVE background task send_gsa_home_request.
11-16 13:16:14.671: I/zygote64(911): Background concurrent copying GC freed 54207(2MB) AllocSpace objects, 18(360KB) LOS objects, 42% free, 15MB/27MB, paused 455us total 232.578ms
11-16 13:16:14.731: I/WebViewFactory(7452): Loading com.android.chrome version 66.0.3359.158 (code 335915852)
11-16 13:16:14.742: I/zygote64(6696): Background concurrent copying GC freed 70137(3MB) AllocSpace objects, 8(192KB) LOS objects, 49% free, 7MB/15MB, paused 217us total 103.622ms
11-16 13:16:14.744: I/NowOptInSettings(7452): onAccountChanged() : [REDACTED-54]
11-16 13:16:14.762: E/ExecutionCriteria(6696): Package unavailable for task: com.google.android.videos/com.google.android.apps.play.movies.common.service.player.logging.QoePingService{u=0 tag="flush_qoe_logs" trigger=window{period=86400s,flex=86400s,earliest=-45539701s,latest=-45453301s} requirements=[NET_UNMETERED,CHARGING] attributes=[PERSISTED,RECURRING] scheduled=-45539701s last_run=N/A jid=N/A status=PENDING retries=0 client_lib=MANCHEGO_GCM-10400000}
11-16 13:16:14.762: E/ExecutionCriteria(6696): Package unavailable for task: com.google.android.videos/com.google.android.apps.play.movies.common.service.drm.RefreshLicenseTaskService{u=0 tag="refresh_license" trigger=window{period=172800s,flex=172800s,earliest=-45453301s,latest=-45280501s} requirements=[NET_CONNECTED] attributes=[PERSISTED,RECURRING] scheduled=-45453301s last_run=N/A jid=N/A status=PENDING retries=0 client_lib=MANCHEGO_GCM-10400000}
11-16 13:16:14.763: E/ExecutionCriteria(6696): Package unavailable for task: com.google.android.videos/com.google.android.apps.play.movies.common.FlushLogsTaskService{u=0 tag="flush_logs" trigger=window{period=86400s,flex=57600s,earliest=-7372s,latest=50227s} requirements=[NET_UNMETERED,CHARGING] attributes=[PERSISTED,RECURRING] scheduled=-36172s last_run=N/A jid=N/A status=PENDING retries=0 client_lib=MANCHEGO_GCM-10400000}
11-16 13:16:14.766: E/ExecutionCriteria(6696): Package unavailable for task: com.google.android.apps.gcs/.service.WfaStateTaskService{u=0 tag="WfaStateTask" trigger=window{period=518400s,flex=86400s,earliest=395825s,latest=482225s} requirements=[NET_ANY] attributes=[PERSISTED,RECURRING] scheduled=-36174s last_run=N/A jid=N/A status=PENDING retries=0 client_lib=MANCHEGO_GCM-11732000}
11-16 13:16:14.883: W/YouTube(32716): Fetching the Gservices key 'disable_binder_callback_flush' before the end of the bulk initialization
11-16 13:16:14.936: I/TestSupport(7836): AwaitCommitOperation: FlagOverride(com.google.android.gms.auth_account, , Flag(auth_sig_override_enabled, true, 2, 0), false) != FlagOverride(com.google.android.gms.auth_account, , Flag(auth_sig_override_enabled, false, 2, 0), true)
11-16 13:16:14.938: I/TestSupport(7836): AwaitCommitOperation: uncommitted: FlagOverride(com.google.android.gms.auth_account, , Flag(auth_sig_override_enabled, false, 2, 0), true)
11-16 13:16:14.939: I/TestSupport(7836): AwaitCommitOperation:  sleeping for 640 msec.
11-16 13:16:15.049: W/OptInChecker(7452): Missing cached UDC setting for AUDIO_HISTORY
11-16 13:16:15.053: W/OptInChecker(7452): Missing cached UDC setting for DEVICE_STATE_AND_CONTENT
11-16 13:16:15.054: W/OptInChecker(7452): Missing cached UDC setting for LOCATION_HISTORY_AND_REPORTING
11-16 13:16:15.054: W/OptInChecker(7452): Missing cached UDC setting for NOW_CARDS
11-16 13:16:15.054: W/OptInChecker(7452): Missing cached UDC setting for NOW_NOTIFICATIONS
11-16 13:16:15.055: W/OptInChecker(7452): Missing cached UDC setting for WEB_HISTORY
11-16 13:16:15.061: W/OptInChecker(7452): Missing cached UDC setting for WEB_AND_APP_HISTORY
11-16 13:16:15.062: W/OptInChecker(7452): Missing cached UDC setting for CHROME_HISTORY_SYNC
11-16 13:16:15.087: I/cr_LibraryLoader(7452): Time to load native libraries: 35 ms (timestamps 5818-5853)
11-16 13:16:15.089: W/ChimeraUtils(6696): Non Chimera context
11-16 13:16:15.110: I/chatty(6696): uid=10020(u0_a20) com.google.android.gms.persistent identical 2 lines
11-16 13:16:15.110: W/ChimeraUtils(6696): Non Chimera context
11-16 13:16:15.177: I/chromium(7452): [INFO:library_loader_hooks.cc(36)] Chromium logging enabled: level = 0, default verbosity = 0
11-16 13:16:15.177: I/cr_LibraryLoader(7452): Expected native library version number "66.0.3359.158", actual native library version number "66.0.3359.158"
11-16 13:16:15.182: W/ActivityManager(911): Unable to start service Intent { cmp=com.google.android.gm/com.android.email.service.AttachmentService } U=0: not found
11-16 13:16:15.282: W/OptInChecker(7452): Missing cached UDC setting for WEB_HISTORY
11-16 13:16:15.308: I/ActivityManager(911): Killing 31809:com.verizon.vzwavs/u0a52 (adj 906): empty #17
11-16 13:16:15.364: E/YouTube(32716): Failed delayed event dispatch, no dispatchers.
11-16 13:16:15.377: D/NetworkSecurityConfig(7452): Using Network Security Config from resource network_security_config debugBuild: false
11-16 13:16:15.573: E/ExecutionCriteria(6696): Package unavailable for task: com.google.android.videos/com.google.android.apps.play.movies.common.service.player.logging.QoePingService{u=0 tag="flush_qoe_logs" trigger=window{period=86400s,flex=86400s,earliest=-45539702s,latest=-45453302s} requirements=[NET_UNMETERED,CHARGING] attributes=[PERSISTED,RECURRING] scheduled=-45539702s last_run=N/A jid=N/A status=PENDING retries=0 client_lib=MANCHEGO_GCM-10400000}
11-16 13:16:15.573: E/ExecutionCriteria(6696): Package unavailable for task: com.google.android.videos/com.google.android.apps.play.movies.common.service.drm.RefreshLicenseTaskService{u=0 tag="refresh_license" trigger=window{period=172800s,flex=172800s,earliest=-45453302s,latest=-45280502s} requirements=[NET_CONNECTED] attributes=[PERSISTED,RECURRING] scheduled=-45453302s last_run=N/A jid=N/A status=PENDING retries=0 client_lib=MANCHEGO_GCM-10400000}
11-16 13:16:15.574: E/ExecutionCriteria(6696): Package unavailable for task: com.google.android.videos/com.google.android.apps.play.movies.common.FlushLogsTaskService{u=0 tag="flush_logs" trigger=window{period=86400s,flex=57600s,earliest=-7373s,latest=50226s} requirements=[NET_UNMETERED,CHARGING] attributes=[PERSISTED,RECURRING] scheduled=-36173s last_run=N/A jid=N/A status=PENDING retries=0 client_lib=MANCHEGO_GCM-10400000}
11-16 13:16:15.576: E/ExecutionCriteria(6696): Package unavailable for task: com.google.android.apps.gcs/.service.WfaStateTaskService{u=0 tag="WfaStateTask" trigger=window{period=518400s,flex=86400s,earliest=395824s,latest=482224s} requirements=[NET_ANY] attributes=[PERSISTED,RECURRING] scheduled=-36175s last_run=N/A jid=N/A status=PENDING retries=0 client_lib=MANCHEGO_GCM-11732000}
11-16 13:16:15.587: I/TestSupport(7836): AwaitCommitOperation: FlagOverride(com.google.android.gms.auth_account, , Flag(auth_sig_override_enabled, true, 2, 0), false) != FlagOverride(com.google.android.gms.auth_account, , Flag(auth_sig_override_enabled, false, 2, 0), true)
11-16 13:16:15.587: I/TestSupport(7836): AwaitCommitOperation: uncommitted: FlagOverride(com.google.android.gms.auth_account, , Flag(auth_sig_override_enabled, false, 2, 0), true)
11-16 13:16:15.587: I/TestSupport(7836): AwaitCommitOperation:  sleeping for 1280 msec.
11-16 13:16:15.615: I/VoiceUnlockApiWrapper(7452): Settings voice unlock to : false
11-16 13:16:15.644: I/anzs(6696): Removed 0 invalid users [CONTEXT service_id=51 ]
11-16 13:16:15.757: I/zygote(32411): Waiting for a blocking GC ProfileSaver
11-16 13:16:15.759: W/Conscrypt(6696): Could not set socket write timeout: java.net.SocketException: Socket closed
11-16 13:16:15.759: W/Conscrypt(6696): 	at com.google.android.gms.org.conscrypt.Platform.setSocketWriteTimeout(:com.google.android.gms@19420019@19.4.20 (040400-271418971):2)
11-16 13:16:15.759: W/Conscrypt(6696): 	at com.google.android.gms.org.conscrypt.ConscryptFileDescriptorSocket.setSoWriteTimeout(:com.google.android.gms@19420019@19.4.20 (040400-271418971):2)
11-16 13:16:15.839: E/Backup(6696): [BackupTransportMigratorChimeraService] Could not migrate transport!
11-16 13:16:15.846: I/Backup(6696): [BackupTransportMigratorChimeraService] Starting migration...
11-16 13:16:15.972: W/Conscrypt(6696): Could not set socket write timeout: java.net.SocketException: Socket closed
11-16 13:16:15.972: W/Conscrypt(6696): 	at com.google.android.gms.org.conscrypt.Platform.setSocketWriteTimeout(:com.google.android.gms@19420019@19.4.20 (040400-271418971):2)
11-16 13:16:15.972: W/Conscrypt(6696): 	at com.google.android.gms.org.conscrypt.ConscryptFileDescriptorSocket.setSoWriteTimeout(:com.google.android.gms@19420019@19.4.20 (040400-271418971):2)
11-16 13:16:15.984: I/CrashMetricService(32716): Startup metric for 'PRIMES_CRASH_MONITORING_INITIALIZED' dropped.
11-16 13:16:15.987: I/zygote64(32431): Waiting for a blocking GC ProfileSaver
11-16 13:16:16.004: E/ExecutionCriteria(6696): Package unavailable for task: com.google.android.videos/com.google.android.apps.play.movies.common.service.player.logging.QoePingService{u=0 tag="flush_qoe_logs" trigger=window{period=86400s,flex=86400s,earliest=-45539702s,latest=-45453302s} requirements=[NET_UNMETERED,CHARGING] attributes=[PERSISTED,RECURRING] scheduled=-45539702s last_run=N/A jid=N/A status=PENDING retries=0 client_lib=MANCHEGO_GCM-10400000}
11-16 13:16:16.004: E/ExecutionCriteria(6696): Package unavailable for task: com.google.android.videos/com.google.android.apps.play.movies.common.service.drm.RefreshLicenseTaskService{u=0 tag="refresh_license" trigger=window{period=172800s,flex=172800s,earliest=-45453302s,latest=-45280502s} requirements=[NET_CONNECTED] attributes=[PERSISTED,RECURRING] scheduled=-45453302s last_run=N/A jid=N/A status=PENDING retries=0 client_lib=MANCHEGO_GCM-10400000}
11-16 13:16:16.005: E/ExecutionCriteria(6696): Package unavailable for task: com.google.android.videos/com.google.android.apps.play.movies.common.FlushLogsTaskService{u=0 tag="flush_logs" trigger=window{period=86400s,flex=57600s,earliest=-7374s,latest=50225s} requirements=[NET_UNMETERED,CHARGING] attributes=[PERSISTED,RECURRING] scheduled=-36174s last_run=N/A jid=N/A status=PENDING retries=0 client_lib=MANCHEGO_GCM-10400000}
11-16 13:16:16.007: E/ExecutionCriteria(6696): Package unavailable for task: com.google.android.apps.gcs/.service.WfaStateTaskService{u=0 tag="WfaStateTask" trigger=window{period=518400s,flex=86400s,earliest=395824s,latest=482224s} requirements=[NET_ANY] attributes=[PERSISTED,RECURRING] scheduled=-36175s last_run=N/A jid=N/A status=PENDING retries=0 client_lib=MANCHEGO_GCM-11732000}
11-16 13:16:16.071: W/background1-1(32743): type=1400 audit(0.0:146): avc: denied { open } for path="/data/data/com.google.android.youtube/files/offline/.offlineLibraryBrowse" dev="sda35" ino=262920 scontext=u:r:untrusted_app:s0:c512,c768 tcontext=u:object_r:system_data_file:s0 tclass=file permissive=0
11-16 13:16:16.076: E/YouTube(32716): Failed to read offline browse from store
11-16 13:16:16.076: E/YouTube(32716): java.io.FileNotFoundException: /data/user/0/com.google.android.youtube/files/offline/.offlineLibraryBrowse (Permission denied)
11-16 13:16:16.076: E/YouTube(32716): 	at java.io.FileInputStream.open0(Native Method)
11-16 13:16:16.076: E/YouTube(32716): 	at java.io.FileInputStream.open(FileInputStream.java:200)
11-16 13:16:16.076: E/YouTube(32716): 	at java.io.FileInputStream.<init>(FileInputStream.java:150)
11-16 13:16:16.076: E/YouTube(32716): 	at amxg.a(SourceFile:4)
11-16 13:16:16.076: E/YouTube(32716): 	at amxg.b(SourceFile:7)
11-16 13:16:16.076: E/YouTube(32716): 	at amxc.d(SourceFile:35)
11-16 13:16:16.076: E/YouTube(32716): 	at dbm.c(SourceFile:58)
11-16 13:16:16.076: E/YouTube(32716): 	at dbm.b(SourceFile:10)
11-16 13:16:16.076: E/YouTube(32716): 	at dbf.e(SourceFile:50)
11-16 13:16:16.076: E/YouTube(32716): 	at cwa.run(SourceFile:6)
11-16 13:16:16.076: E/YouTube(32716): 	at java.util.concurrent.Executors$RunnableAdapter.call(Executors.java:457)
11-16 13:16:16.076: E/YouTube(32716): 	at java.util.concurrent.FutureTask.run(FutureTask.java:266)
11-16 13:16:16.076: E/YouTube(32716): 	at java.util.concurrent.ScheduledThreadPoolExecutor$ScheduledFutureTask.run(ScheduledThreadPoolExecutor.java:301)
11-16 13:16:16.076: E/YouTube(32716): 	at java.util.concurrent.ThreadPoolExecutor.runWorker(ThreadPoolExecutor.java:1162)
11-16 13:16:16.076: E/YouTube(32716): 	at java.util.concurrent.ThreadPoolExecutor$Worker.run(ThreadPoolExecutor.java:636)
11-16 13:16:16.076: E/YouTube(32716): 	at tun.run(SourceFile:20)
11-16 13:16:16.076: E/YouTube(32716): 	at java.lang.Thread.run(Thread.java:764)
11-16 13:16:16.132: E/FirebaseInstanceId(32716): Token retrieval failed: INVALID_SENDER
11-16 13:16:16.156: I/zygote64(32431): WaitForGcToComplete blocked for 169.613ms for cause ProfileSaver
11-16 13:16:16.171: E/ExecutionCriteria(6696): Package unavailable for task: com.google.android.videos/com.google.android.apps.play.movies.common.service.player.logging.QoePingService{u=0 tag="flush_qoe_logs" trigger=window{period=86400s,flex=86400s,earliest=-45539702s,latest=-45453302s} requirements=[NET_UNMETERED,CHARGING] attributes=[PERSISTED,RECURRING] scheduled=-45539702s last_run=N/A jid=N/A status=PENDING retries=0 client_lib=MANCHEGO_GCM-10400000}
11-16 13:16:16.172: E/ExecutionCriteria(6696): Package unavailable for task: com.google.android.videos/com.google.android.apps.play.movies.common.service.drm.RefreshLicenseTaskService{u=0 tag="refresh_license" trigger=window{period=172800s,flex=172800s,earliest=-45453302s,latest=-45280502s} requirements=[NET_CONNECTED] attributes=[PERSISTED,RECURRING] scheduled=-45453302s last_run=N/A jid=N/A status=PENDING retries=0 client_lib=MANCHEGO_GCM-10400000}
11-16 13:16:16.179: E/ExecutionCriteria(6696): Package unavailable for task: com.google.android.videos/com.google.android.apps.play.movies.common.FlushLogsTaskService{u=0 tag="flush_logs" trigger=window{period=86400s,flex=57600s,earliest=-7374s,latest=50225s} requirements=[NET_UNMETERED,CHARGING] attributes=[PERSISTED,RECURRING] scheduled=-36174s last_run=N/A jid=N/A status=PENDING retries=0 client_lib=MANCHEGO_GCM-10400000}
11-16 13:16:16.194: E/ExecutionCriteria(6696): Package unavailable for task: com.google.android.apps.gcs/.service.WfaStateTaskService{u=0 tag="WfaStateTask" trigger=window{period=518400s,flex=86400s,earliest=395824s,latest=482224s} requirements=[NET_ANY] attributes=[PERSISTED,RECURRING] scheduled=-36175s last_run=N/A jid=N/A status=PENDING retries=0 client_lib=MANCHEGO_GCM-11732000}
11-16 13:16:16.303: D/NetworkSecurityConfig(32716): No Network Security Config specified, using platform default
11-16 13:16:16.468: W/zygote64(7452): Suspending all threads took: 14.452ms
11-16 13:16:16.529: W/OptInChecker(7452): Missing cached UDC setting for AUDIO_HISTORY
11-16 13:16:16.529: W/OptInChecker(7452): Missing cached UDC setting for DEVICE_STATE_AND_CONTENT
11-16 13:16:16.529: W/OptInChecker(7452): Missing cached UDC setting for LOCATION_HISTORY_AND_REPORTING
11-16 13:16:16.529: W/OptInChecker(7452): Missing cached UDC setting for NOW_CARDS
11-16 13:16:16.529: W/OptInChecker(7452): Missing cached UDC setting for NOW_NOTIFICATIONS
11-16 13:16:16.529: W/OptInChecker(7452): Missing cached UDC setting for WEB_HISTORY
11-16 13:16:16.530: W/OptInChecker(7452): Missing cached UDC setting for WEB_AND_APP_HISTORY
11-16 13:16:16.530: W/OptInChecker(7452): Missing cached UDC setting for CHROME_HISTORY_SYNC
11-16 13:16:16.554: E/GCoreUlr(6696): Create new device tag of 1564344479 without device reboot
11-16 13:16:16.564: W/zygote64(32716): Skipping duplicate class check due to unrecognized classloader
11-16 13:16:16.618: I/DynamiteModule(32716): Considering local module com.google.android.gms.ads.dynamite:0 and remote module com.google.android.gms.ads.dynamite:21001
11-16 13:16:16.618: I/DynamiteModule(32716): Selected remote version of com.google.android.gms.ads.dynamite, version >= 21001
11-16 13:16:16.788: D/MusicLifecycle(32325): com.google.android.music.AccountsBroadcastReceiver generated event: Broadcast received with context android.app.ReceiverRestrictedContext@7cbd704 and intent Intent { act=android.accounts.LOGIN_ACCOUNTS_CHANGED flg=0x5000010 cmp=com.google.android.music/.AccountsBroadcastReceiver }
11-16 13:16:16.789: I/SignupStatusTask(32325): Starting 'com.google.android.music.sync.google.MusicGcmTaskService
11-16 13:16:16.904: I/zygote64(32716): Do partial code cache collection, code=8KB, data=5KB
11-16 13:16:16.905: I/zygote64(32716): After code cache collection, code=7KB, data=5KB
11-16 13:16:16.905: I/zygote64(32716): Increasing code cache capacity to 128KB
11-16 13:16:16.939: W/ChimeraDebugLogger(32716): Singleton logger instance not set.
11-16 13:16:17.005: W/zygote64(32716): Skipping duplicate class check due to unrecognized classloader
11-16 13:16:17.068: I/Finsky(4442): [2] com.google.android.finsky.hygiene.b.d.a(277): No need to schedule routine hygiene, as hygiene is already running.
11-16 13:16:17.078: I/ActivityManager(911): Killing 31928:com.android.carrierconfig/u0a22 (adj 906): empty #17
11-16 13:16:17.140: D/DynamitePackage(32716): Instantiated singleton DynamitePackage.
11-16 13:16:17.141: D/DynamitePackage(32716): Instantiating com.google.android.gms.ads.adshield.ChimeraAdShieldCreatorImpl
11-16 13:16:17.189: I/zygote64(6696): Background concurrent copying GC freed 81276(4MB) AllocSpace objects, 14(1824KB) LOS objects, 49% free, 9MB/19MB, paused 160us total 101.588ms
11-16 13:16:17.213: W/ChimeraUtils(6696): Non Chimera context
11-16 13:16:17.226: I/chatty(6696): uid=10020(u0_a20) com.google.android.gms.persistent identical 2 lines
11-16 13:16:17.226: W/ChimeraUtils(6696): Non Chimera context
11-16 13:16:17.249: I/PmtsSwAccountIntentOp(7836): Processing intent action=android.accounts.LOGIN_ACCOUNTS_CHANGED
11-16 13:16:17.249: I/PmtsSwAccountIntentOp(7836): Account added has already been processed
11-16 13:16:17.267: W/WakefulBroadcastReceiv.(6696): No active wake lock id #2
11-16 13:16:17.277: W/ChimeraUtils(6696): Non Chimera context
11-16 13:16:17.320: I/chatty(6696): uid=10020(u0_a20) com.google.android.gms.persistent identical 2 lines
11-16 13:16:17.320: W/ChimeraUtils(6696): Non Chimera context
11-16 13:16:17.370: I/TestSupport(7836): AwaitCommitOperation: FlagOverride(com.google.android.gms.auth_account, , Flag(auth_sig_override_enabled, true, 2, 0), false) != FlagOverride(com.google.android.gms.auth_account, , Flag(auth_sig_override_enabled, false, 2, 0), true)
11-16 13:16:17.370: I/TestSupport(7836): AwaitCommitOperation: uncommitted: FlagOverride(com.google.android.gms.auth_account, , Flag(auth_sig_override_enabled, false, 2, 0), true)
11-16 13:16:17.370: I/TestSupport(7836): AwaitCommitOperation:  sleeping for 2560 msec.
11-16 13:16:17.499: I/Auth(7836): [SupervisedAccountIntentOperation] onHandleIntent(): com.google.android.gms.auth.ACCOUNT_SERVICES_CHANGED
11-16 13:16:17.506: W/ChimeraUtils(6696): Non Chimera context
11-16 13:16:17.507: W/ChimeraUtils(6696): Non Chimera context
11-16 13:16:17.525: I/Auth(7836): [SupervisedAccountIntentOperation] onHandleIntent(): com.google.android.gms.auth.ACCOUNT_SERVICES_CHANGED
11-16 13:16:17.536: W/ChimeraUtils(6696): Non Chimera context
11-16 13:16:17.548: W/BroadcastQueue(911): Background execution not allowed: receiving Intent { act=android.intent.action.PACKAGE_ADDED dat=package:com.example.myapplication flg=0x4000010 (has extras) } to com.android.musicfx/.Compatibility$Receiver
11-16 13:16:17.574: I/Finsky(4442): [2] com.google.android.finsky.p2p.c.a(10): Frosting ID looked up on UI thread. Caller should move to a background thread.
11-16 13:16:17.585: W/BroadcastQueue(911): Background execution not allowed: receiving Intent { act=android.intent.action.PACKAGE_ADDED dat=package:com.example.myapplication flg=0x4000010 (has extras) } to com.google.android.gms/.games.chimera.GamesSystemBroadcastReceiverProxy
11-16 13:16:17.585: W/BroadcastQueue(911): Background execution not allowed: receiving Intent { act=android.intent.action.PACKAGE_ADDED dat=package:com.example.myapplication flg=0x4000010 (has extras) } to com.google.android.gms/.gass.chimera.PackageChangeBroadcastReceiver
11-16 13:16:17.586: W/BroadcastQueue(911): Background execution not allowed: receiving Intent { act=android.intent.action.PACKAGE_ADDED dat=package:com.example.myapplication flg=0x4000010 (has extras) } to com.google.android.gms/.chimera.GmsIntentOperationService$PersistentTrustedReceiver
11-16 13:16:17.586: W/BroadcastQueue(911): Background execution not allowed: receiving Intent { act=android.intent.action.PACKAGE_ADDED dat=package:com.example.myapplication flg=0x4000010 (has extras) } to com.google.android.googlequicksearchbox/com.google.android.apps.gsa.googlequicksearchbox.GelStubAppWatcher
11-16 13:16:17.586: W/BroadcastQueue(911): Background execution not allowed: receiving Intent { act=android.intent.action.PACKAGE_ADDED dat=package:com.example.myapplication flg=0x4000010 (has extras) } to com.google.android.ims/.receivers.RcsAutoStartReceiver
11-16 13:16:17.597: I/ActivityManager(911): Start proc 668:com.verizon.vzwavs/u0a52 for broadcast com.verizon.vzwavs/.WakeupReceiver
11-16 13:16:17.604: E/ExecutionCriteria(6696): Package unavailable for task: com.google.android.videos/com.google.android.apps.play.movies.common.service.player.logging.QoePingService{u=0 tag="flush_qoe_logs" trigger=window{period=86400s,flex=86400s,earliest=-45539704s,latest=-45453304s} requirements=[NET_UNMETERED,CHARGING] attributes=[PERSISTED,RECURRING] scheduled=-45539704s last_run=N/A jid=N/A status=PENDING retries=0 client_lib=MANCHEGO_GCM-10400000}
11-16 13:16:17.604: E/ExecutionCriteria(6696): Package unavailable for task: com.google.android.videos/com.google.android.apps.play.movies.common.service.drm.RefreshLicenseTaskService{u=0 tag="refresh_license" trigger=window{period=172800s,flex=172800s,earliest=-45453304s,latest=-45280504s} requirements=[NET_CONNECTED] attributes=[PERSISTED,RECURRING] scheduled=-45453304s last_run=N/A jid=N/A status=PENDING retries=0 client_lib=MANCHEGO_GCM-10400000}
11-16 13:16:17.605: I/Finsky(4442): [2] com.google.android.finsky.wear.WearSupportService.onStartCommand(26): Starting WearSupportService for auto_install
11-16 13:16:17.606: I/Finsky(4442): [2] com.google.android.finsky.wear.w.a(18): Connecting to wearable
11-16 13:16:17.610: E/ExecutionCriteria(6696): Package unavailable for task: com.google.android.videos/com.google.android.apps.play.movies.common.FlushLogsTaskService{u=0 tag="flush_logs" trigger=window{period=86400s,flex=57600s,earliest=-7375s,latest=50224s} requirements=[NET_UNMETERED,CHARGING] attributes=[PERSISTED,RECURRING] scheduled=-36175s last_run=N/A jid=N/A status=PENDING retries=0 client_lib=MANCHEGO_GCM-10400000}
11-16 13:16:17.613: E/ExecutionCriteria(6696): Package unavailable for task: com.google.android.apps.gcs/.service.WfaStateTaskService{u=0 tag="WfaStateTask" trigger=window{period=518400s,flex=86400s,earliest=395822s,latest=482222s} requirements=[NET_ANY] attributes=[PERSISTED,RECURRING] scheduled=-36177s last_run=N/A jid=N/A status=PENDING retries=0 client_lib=MANCHEGO_GCM-11732000}
11-16 13:16:17.624: I/Finsky(4442): [2] com.google.android.finsky.wear.WearSupportService.onStartCommand(26): Starting WearSupportService for send_installed_apps
11-16 13:16:17.627: I/Finsky(4442): [2] com.google.android.finsky.p2p.d.a(2): Wrote row to frosting DB: 241
11-16 13:16:17.628: I/Finsky(4442): [2] com.google.android.finsky.externalreferrer.b.a(10): Package state data is missing for com.example.myapplication
11-16 13:16:17.653: I/Wear_Controller(6696): Wear requires a companion app to be installed.
11-16 13:16:17.653: I/WearableService(6696): onCreate: Wearable Services not starting. Wear is not available on this device.
11-16 13:16:17.667: I/zygote64(32509): Waiting for a blocking GC ProfileSaver
11-16 13:16:17.670: W/WearableService(6696): onGetService: Wear is not available on this device.
11-16 13:16:17.673: E/Finsky(4442): [2] com.google.android.finsky.wear.x.a(3): onConnectionFailed: ConnectionResult{statusCode=API_UNAVAILABLE, resolution=null, message=null}
11-16 13:16:17.673: W/Finsky(4442): [2] com.google.android.finsky.wear.w.b(31): GoogleApiClient instance is not connected when requested
11-16 13:16:17.674: W/Finsky(4442): [2] com.google.android.finsky.wear.dk.run(16): Dropping command=auto_install due to Gms not connected
11-16 13:16:17.675: I/Finsky(4442): [2] com.google.android.finsky.wear.WearSupportService.b(66): Stopping WearSupportService
11-16 13:16:17.678: W/Finsky(4442): [2] com.google.android.finsky.wear.w.b(31): GoogleApiClient instance is not connected when requested
11-16 13:16:17.678: W/Finsky(4442): [2] com.google.android.finsky.wear.dk.run(16): Dropping command=send_installed_apps due to Gms not connected
11-16 13:16:17.679: I/Finsky(4442): [2] com.google.android.finsky.wear.WearSupportService.b(66): Stopping WearSupportService
11-16 13:16:17.783: I/zygote64(911): Background concurrent copying GC freed 39912(2MB) AllocSpace objects, 16(320KB) LOS objects, 42% free, 14MB/25MB, paused 365us total 149.671ms
11-16 13:16:17.815: W/GrowthKit(32509): Failed to get phenotypeManager in PhenotypeBroadcastReceiver
11-16 13:16:17.815: W/GrowthKit(32509): java.lang.NullPointerException: Unable to get GrowthKit Component from host app.
11-16 13:16:17.815: W/GrowthKit(32509): 	at com.google.android.libraries.internal.growth.growthkit.inject.GrowthKit.get(GrowthKit.java:43)
11-16 13:16:17.815: W/GrowthKit(32509): 	at com.google.android.libraries.internal.growth.growthkit.internal.experiments.impl.PhenotypeBroadcastReceiver.onReceive(PhenotypeBroadcastReceiver.java:24)
